../Drivers/Custom/Lights/Src/light.c:33:6:light_power_on	8	static
../Drivers/Custom/Lights/Src/light.c:39:6:light_shutdown	8	static
../Drivers/Custom/Lights/Src/light.c:88:6:light_turn_on_frame	8	static
../Drivers/Custom/Lights/Src/light.c:94:6:light_turn_off_frame	8	static
../Drivers/Custom/Lights/Src/light.c:100:6:light_set_intensity	152	static
../Drivers/Custom/Lights/Src/light.c:45:6:light_default_state	8	static
../Drivers/Custom/Lights/Src/light.c:66:6:light_init	8	static
../Drivers/Custom/Lights/Src/light.c:108:6:light_transition_to_max	8	static
../Drivers/Custom/Lights/Src/light.c:125:9:light_is_on	0	static
../Drivers/Custom/Lights/Src/light.c:129:6:light_activate	8	static
../Drivers/Custom/Lights/Src/light.c:138:6:light_deactivate	8	static
../Drivers/Custom/Lights/Src/light.c:144:6:light_level_check	0	static
../Drivers/Custom/Lights/Src/light.c:148:6:light_main	16	static
