Archive member included to satisfy reference by file (symbol)

/opt/st/stm32cubeide_1.16.0/plugins/com.st.stm32cube.ide.mcu.externaltools.gnu-tools-for-stm32.12.3.rel1.linux64_1.0.200.202406132123/tools/bin/../lib/gcc/arm-none-eabi/12.3.1/../../../../arm-none-eabi/lib/thumb/v7e-m+fp/hard/libc_nano.a(libc_a-exit.o)
                              /opt/st/stm32cubeide_1.16.0/plugins/com.st.stm32cube.ide.mcu.externaltools.gnu-tools-for-stm32.12.3.rel1.linux64_1.0.200.202406132123/tools/bin/../lib/gcc/arm-none-eabi/12.3.1/../../../../arm-none-eabi/lib/thumb/v7e-m+fp/hard/crt0.o (exit)
/opt/st/stm32cubeide_1.16.0/plugins/com.st.stm32cube.ide.mcu.externaltools.gnu-tools-for-stm32.12.3.rel1.linux64_1.0.200.202406132123/tools/bin/../lib/gcc/arm-none-eabi/12.3.1/../../../../arm-none-eabi/lib/thumb/v7e-m+fp/hard/libc_nano.a(libc_a-findfp.o)
                              /opt/st/stm32cubeide_1.16.0/plugins/com.st.stm32cube.ide.mcu.externaltools.gnu-tools-for-stm32.12.3.rel1.linux64_1.0.200.202406132123/tools/bin/../lib/gcc/arm-none-eabi/12.3.1/../../../../arm-none-eabi/lib/thumb/v7e-m+fp/hard/libc_nano.a(libc_a-exit.o) (__stdio_exit_handler)
/opt/st/stm32cubeide_1.16.0/plugins/com.st.stm32cube.ide.mcu.externaltools.gnu-tools-for-stm32.12.3.rel1.linux64_1.0.200.202406132123/tools/bin/../lib/gcc/arm-none-eabi/12.3.1/../../../../arm-none-eabi/lib/thumb/v7e-m+fp/hard/libc_nano.a(libc_a-fwalk.o)
                              /opt/st/stm32cubeide_1.16.0/plugins/com.st.stm32cube.ide.mcu.externaltools.gnu-tools-for-stm32.12.3.rel1.linux64_1.0.200.202406132123/tools/bin/../lib/gcc/arm-none-eabi/12.3.1/../../../../arm-none-eabi/lib/thumb/v7e-m+fp/hard/libc_nano.a(libc_a-findfp.o) (_fwalk_sglue)
/opt/st/stm32cubeide_1.16.0/plugins/com.st.stm32cube.ide.mcu.externaltools.gnu-tools-for-stm32.12.3.rel1.linux64_1.0.200.202406132123/tools/bin/../lib/gcc/arm-none-eabi/12.3.1/../../../../arm-none-eabi/lib/thumb/v7e-m+fp/hard/libc_nano.a(libc_a-stdio.o)
                              /opt/st/stm32cubeide_1.16.0/plugins/com.st.stm32cube.ide.mcu.externaltools.gnu-tools-for-stm32.12.3.rel1.linux64_1.0.200.202406132123/tools/bin/../lib/gcc/arm-none-eabi/12.3.1/../../../../arm-none-eabi/lib/thumb/v7e-m+fp/hard/libc_nano.a(libc_a-findfp.o) (__sread)
/opt/st/stm32cubeide_1.16.0/plugins/com.st.stm32cube.ide.mcu.externaltools.gnu-tools-for-stm32.12.3.rel1.linux64_1.0.200.202406132123/tools/bin/../lib/gcc/arm-none-eabi/12.3.1/../../../../arm-none-eabi/lib/thumb/v7e-m+fp/hard/libc_nano.a(libc_a-memset.o)
                              /opt/st/stm32cubeide_1.16.0/plugins/com.st.stm32cube.ide.mcu.externaltools.gnu-tools-for-stm32.12.3.rel1.linux64_1.0.200.202406132123/tools/bin/../lib/gcc/arm-none-eabi/12.3.1/../../../../arm-none-eabi/lib/thumb/v7e-m+fp/hard/crt0.o (memset)
/opt/st/stm32cubeide_1.16.0/plugins/com.st.stm32cube.ide.mcu.externaltools.gnu-tools-for-stm32.12.3.rel1.linux64_1.0.200.202406132123/tools/bin/../lib/gcc/arm-none-eabi/12.3.1/../../../../arm-none-eabi/lib/thumb/v7e-m+fp/hard/libc_nano.a(libc_a-closer.o)
                              /opt/st/stm32cubeide_1.16.0/plugins/com.st.stm32cube.ide.mcu.externaltools.gnu-tools-for-stm32.12.3.rel1.linux64_1.0.200.202406132123/tools/bin/../lib/gcc/arm-none-eabi/12.3.1/../../../../arm-none-eabi/lib/thumb/v7e-m+fp/hard/libc_nano.a(libc_a-stdio.o) (_close_r)
/opt/st/stm32cubeide_1.16.0/plugins/com.st.stm32cube.ide.mcu.externaltools.gnu-tools-for-stm32.12.3.rel1.linux64_1.0.200.202406132123/tools/bin/../lib/gcc/arm-none-eabi/12.3.1/../../../../arm-none-eabi/lib/thumb/v7e-m+fp/hard/libc_nano.a(libc_a-reent.o)
                              /opt/st/stm32cubeide_1.16.0/plugins/com.st.stm32cube.ide.mcu.externaltools.gnu-tools-for-stm32.12.3.rel1.linux64_1.0.200.202406132123/tools/bin/../lib/gcc/arm-none-eabi/12.3.1/../../../../arm-none-eabi/lib/thumb/v7e-m+fp/hard/libc_nano.a(libc_a-closer.o) (errno)
/opt/st/stm32cubeide_1.16.0/plugins/com.st.stm32cube.ide.mcu.externaltools.gnu-tools-for-stm32.12.3.rel1.linux64_1.0.200.202406132123/tools/bin/../lib/gcc/arm-none-eabi/12.3.1/../../../../arm-none-eabi/lib/thumb/v7e-m+fp/hard/libc_nano.a(libc_a-impure.o)
                              /opt/st/stm32cubeide_1.16.0/plugins/com.st.stm32cube.ide.mcu.externaltools.gnu-tools-for-stm32.12.3.rel1.linux64_1.0.200.202406132123/tools/bin/../lib/gcc/arm-none-eabi/12.3.1/../../../../arm-none-eabi/lib/thumb/v7e-m+fp/hard/libc_nano.a(libc_a-reent.o) (_impure_ptr)
/opt/st/stm32cubeide_1.16.0/plugins/com.st.stm32cube.ide.mcu.externaltools.gnu-tools-for-stm32.12.3.rel1.linux64_1.0.200.202406132123/tools/bin/../lib/gcc/arm-none-eabi/12.3.1/../../../../arm-none-eabi/lib/thumb/v7e-m+fp/hard/libc_nano.a(libc_a-lseekr.o)
                              /opt/st/stm32cubeide_1.16.0/plugins/com.st.stm32cube.ide.mcu.externaltools.gnu-tools-for-stm32.12.3.rel1.linux64_1.0.200.202406132123/tools/bin/../lib/gcc/arm-none-eabi/12.3.1/../../../../arm-none-eabi/lib/thumb/v7e-m+fp/hard/libc_nano.a(libc_a-stdio.o) (_lseek_r)
[...]
Memory Configuration

Name             Origin             Length             Attributes
RAM              0x20000000         0x00020000         xrw
FLASH            0x08000000         0x00080000         xr
*default*        0x00000000         0xffffffff

Linker script and memory map

LOAD /opt/st/stm32cubeide_1.16.0/plugins/com.st.stm32cube.ide.mcu.externaltools.gnu-tools-for-stm32.12.3.rel1.linux64_1.0.200.202406132123/tools/bin/../lib/gcc/arm-none-eabi/12.3.1/thumb/v7e-m+fp/hard/crti.o
LOAD /opt/st/stm32cubeide_1.16.0/plugins/com.st.stm32cube.ide.mcu.externaltools.gnu-tools-for-stm32.12.3.rel1.linux64_1.0.200.202406132123/tools/bin/../lib/gcc/arm-none-eabi/12.3.1/thumb/v7e-m+fp/hard/crtbegin.o
LOAD /opt/st/stm32cubeide_1.16.0/plugins/com.st.stm32cube.ide.mcu.externaltools.gnu-tools-for-stm32.12.3.rel1.linux64_1.0.200.202406132123/tools/bin/../lib/gcc/arm-none-eabi/12.3.1/../../../../arm-none-eabi/lib/thumb/v7e-m+fp/hard/crt0.o
LOAD ./Core/Src/main.o
LOAD ./Core/Src/stm32f4xx_hal_msp.o
LOAD ./Core/Src/stm32f4xx_it.o
LOAD ./Core/Src/syscalls.o
LOAD ./Core/Src/sysmem.o
LOAD ./Core/Src/system_stm32f4xx.o
LOAD ./Core/Startup/startup_stm32f411vetx.o
LOAD ./Drivers/Custom/Comm/Src/comm.o
LOAD ./Drivers/Custom/Comm/Src/protocol.o
LOAD ./Drivers/Custom/Lights/Src/light.o
LOAD ./Drivers/Custom/Lights/Src/light_i2c.o
LOAD ./Drivers/Custom/Panic/Src/panic.o
LOAD ./Drivers/Custom/Panic/Src/panic_button.o
LOAD ./Drivers/Custom/Panic/Src/panic_buzzer.o
LOAD ./Drivers/Custom/Panic/Src/panic_timer.o
LOAD ./Drivers/Custom/Sensors/Src/sensors_light_sensor.o
LOAD ./Drivers/Custom/Sensors/Src/sensors_movement_sensor.o
LOAD ./Drivers/STM32F4xx_HAL_Driver/Src/stm32f4xx_hal.o
LOAD ./Drivers/STM32F4xx_HAL_Driver/Src/stm32f4xx_hal_adc.o
LOAD ./Drivers/STM32F4xx_HAL_Driver/Src/stm32f4xx_hal_adc_ex.o
LOAD ./Drivers/STM32F4xx_HAL_Driver/Src/stm32f4xx_hal_cortex.o
LOAD ./Drivers/STM32F4xx_HAL_Driver/Src/stm32f4xx_hal_dma.o
LOAD ./Drivers/STM32F4xx_HAL_Driver/Src/stm32f4xx_hal_dma_ex.o
LOAD ./Drivers/STM32F4xx_HAL_Driver/Src/stm32f4xx_hal_exti.o
LOAD ./Drivers/STM32F4xx_HAL_Driver/Src/stm32f4xx_hal_flash.o
LOAD ./Drivers/STM32F4xx_HAL_Driver/Src/stm32f4xx_hal_flash_ex.o
LOAD ./Drivers/STM32F4xx_HAL_Driver/Src/stm32f4xx_hal_flash_ramfunc.o
LOAD ./Drivers/STM32F4xx_HAL_Driver/Src/stm32f4xx_hal_gpio.o
LOAD ./Drivers/STM32F4xx_HAL_Driver/Src/stm32f4xx_hal_i2c.o
LOAD ./Drivers/STM32F4xx_HAL_Driver/Src/stm32f4xx_hal_i2c_ex.o
LOAD ./Drivers/STM32F4xx_HAL_Driver/Src/stm32f4xx_hal_pwr.o
LOAD ./Drivers/STM32F4xx_HAL_Driver/Src/stm32f4xx_hal_pwr_ex.o
LOAD ./Drivers/STM32F4xx_HAL_Driver/Src/stm32f4xx_hal_rcc.o
LOAD ./Drivers/STM32F4xx_HAL_Driver/Src/stm32f4xx_hal_rcc_ex.o
LOAD ./Drivers/STM32F4xx_HAL_Driver/Src/stm32f4xx_hal_tim.o
LOAD ./Drivers/STM32F4xx_HAL_Driver/Src/stm32f4xx_hal_tim_ex.o
LOAD ./Drivers/STM32F4xx_HAL_Driver/Src/stm32f4xx_hal_uart.o
LOAD ./Drivers/STM32F4xx_HAL_Driver/Src/stm32f4xx_ll_adc.o
START GROUP
LOAD /opt/st/stm32cubeide_1.16.0/plugins/com.st.stm32cube.ide.mcu.externaltools.gnu-tools-for-stm32.12.3.rel1.linux64_1.0.200.202406132123/tools/bin/../lib/gcc/arm-none-eabi/12.3.1/../../../../arm-none-eabi/lib/thumb/v7e-m+fp/hard/libc_nano.a
LOAD /opt/st/stm32cubeide_1.16.0/plugins/com.st.stm32cube.ide.mcu.externaltools.gnu-tools-for-stm32.12.3.rel1.linux64_1.0.200.202406132123/tools/bin/../lib/gcc/arm-none-eabi/12.3.1/../../../../arm-none-eabi/lib/thumb/v7e-m+fp/hard/libm.a
END GROUP
START GROUP
LOAD /opt/st/stm32cubeide_1.16.0/plugins/com.st.stm32cube.ide.mcu.externaltools.gnu-tools-for-stm32.12.3.rel1.linux64_1.0.200.202406132123/tools/bin/../lib/gcc/arm-none-eabi/12.3.1/thumb/v7e-m+fp/hard/libgcc.a
LOAD /opt/st/stm32cubeide_1.16.0/plugins/com.st.stm32cube.ide.mcu.externaltools.gnu-tools-for-stm32.12.3.rel1.linux64_1.0.200.202406132123/tools/bin/../lib/gcc/arm-none-eabi/12.3.1/../../../../arm-none-eabi/lib/thumb/v7e-m+fp/hard/libc_nano.a
END GROUP
START GROUP
LOAD /opt/st/stm32cubeide_1.16.0/plugins/com.st.stm32cube.ide.mcu.externaltools.gnu-tools-for-stm32.12.3.rel1.linux64_1.0.200.202406132123/tools/bin/../lib/gcc/arm-none-eabi/12.3.1/thumb/v7e-m+fp/hard/libgcc.a
LOAD /opt/st/stm32cubeide_1.16.0/plugins/com.st.stm32cube.ide.mcu.externaltools.gnu-tools-for-stm32.12.3.rel1.linux64_1.0.200.202406132123/tools/bin/../lib/gcc/arm-none-eabi/12.3.1/../../../../arm-none-eabi/lib/thumb/v7e-m+fp/hard/libc_nano.a
LOAD /opt/st/stm32cubeide_1.16.0/plugins/com.st.stm32cube.ide.mcu.externaltools.gnu-tools-for-stm32.12.3.rel1.linux64_1.0.200.202406132123/tools/bin/../lib/gcc/arm-none-eabi/12.3.1/../../../../arm-none-eabi/lib/thumb/v7e-m+fp/hard/libnosys.a
END GROUP
START GROUP
LOAD /opt/st/stm32cubeide_1.16.0/plugins/com.st.stm32cube.ide.mcu.externaltools.gnu-tools-for-stm32.12.3.rel1.linux64_1.0.200.202406132123/tools/bin/../lib/gcc/arm-none-eabi/12.3.1/thumb/v7e-m+fp/hard/libgcc.a
LOAD /opt/st/stm32cubeide_1.16.0/plugins/com.st.stm32cube.ide.mcu.externaltools.gnu-tools-for-stm32.12.3.rel1.linux64_1.0.200.202406132123/tools/bin/../lib/gcc/arm-none-eabi/12.3.1/../../../../arm-none-eabi/lib/thumb/v7e-m+fp/hard/libc_nano.a
LOAD /opt/st/stm32cubeide_1.16.0/plugins/com.st.stm32cube.ide.mcu.externaltools.gnu-tools-for-stm32.12.3.rel1.linux64_1.0.200.202406132123/tools/bin/../lib/gcc/arm-none-eabi/12.3.1/../../../../arm-none-eabi/lib/thumb/v7e-m+fp/hard/libnosys.a
END GROUP
LOAD /opt/st/stm32cubeide_1.16.0/plugins/com.st.stm32cube.ide.mcu.externaltools.gnu-tools-for-stm32.12.3.rel1.linux64_1.0.200.202406132123/tools/bin/../lib/gcc/arm-none-eabi/12.3.1/thumb/v7e-m+fp/hard/crtend.o
LOAD /opt/st/stm32cubeide_1.16.0/plugins/com.st.stm32cube.ide.mcu.externaltools.gnu-tools-for-stm32.12.3.rel1.linux64_1.0.200.202406132123/tools/bin/../lib/gcc/arm-none-eabi/12.3.1/thumb/v7e-m+fp/hard/crtn.o
                0x20020000                        _estack = (ORIGIN (RAM) + LENGTH (RAM))
                0x00000200                        _Min_Heap_Size = 0x200
                0x00000400                        _Min_Stack_Size = 0x400

.isr_vector     0x08000000      0x198
                0x08000000                        . = ALIGN (0x4)
 *(.isr_vector)
 .isr_vector    0x08000000      0x198 ./Core/Startup/startup_stm32f411vetx.o
                0x08000000                g_pfnVectors
                0x08000198                        . = ALIGN (0x4)

.text           0x08000198     0x768c
                0x08000198                        . = ALIGN (0x4)
 *(.text)
 .text          0x08000198       0x40 /opt/st/stm32cubeide_1.16.0/plugins/com.st.stm32cube.ide.mcu.externaltools.gnu-tools-for-stm32.12.3.rel1.linux64_1.0.200.202406132123/tools/bin/../lib/gcc/arm-none-eabi/12.3.1/thumb/v7e-m+fp/hard/crtbegin.o
 .text          0x080001d8       0x30 /opt/st/stm32cubeide_1.16.0/plugins/com.st.stm32cube.ide.mcu.externaltools.gnu-tools-for-stm32.12.3.rel1.linux64_1.0.200.202406132123/tools/bin/../lib/gcc/arm-none-eabi/12.3.1/thumb/v7e-m+fp/hard/libgcc.a(_aeabi_uldivmod.o)
                0x080001d8                __aeabi_uldivmod
 .text          0x08000208      0x2bc /opt/st/stm32cubeide_1.16.0/plugins/com.st.stm32cube.ide.mcu.externaltools.gnu-tools-for-stm32.12.3.rel1.linux64_1.0.200.202406132123/tools/bin/../lib/gcc/arm-none-eabi/12.3.1/thumb/v7e-m+fp/hard/libgcc.a(_udivmoddi4.o)
                0x08000208                __udivmoddi4
 .text          0x080004c4        0x4 /opt/st/stm32cubeide_1.16.0/plugins/com.st.stm32cube.ide.mcu.externaltools.gnu-tools-for-stm32.12.3.rel1.linux64_1.0.200.202406132123/tools/bin/../lib/gcc/arm-none-eabi/12.3.1/thumb/v7e-m+fp/hard/libgcc.a(_dvmd_tls.o)
                0x080004c4                __aeabi_ldiv0
                0x080004c4                __aeabi_idiv0
 *(.text*)
 .text.HAL_GPIO_EXTI_Callback
                0x080004c8       0x3c ./Core/Src/main.o
                0x080004c8                HAL_GPIO_EXTI_Callback
 .text.HAL_TIM_PeriodElapsedCallback
                0x08000504       0x68 ./Core/Src/main.o
                0x08000504                HAL_TIM_PeriodElapsedCallback
 .text.main     0x0800056c       0x48 ./Core/Src/main.o
                0x0800056c                main
 .text.SystemClock_Config
                0x080005b4       0xd0 ./Core/Src/main.o
                0x080005b4                SystemClock_Config
 .text.MX_ADC1_Init
                0x08000684       0xa4 ./Core/Src/main.o
 .text.MX_I2C1_Init
                0x08000728       0x5c ./Core/Src/main.o
 .text.MX_TIM3_Init
                0x08000784       0x9c ./Core/Src/main.o
 .text.MX_TIM4_Init
                0x08000820       0x9c ./Core/Src/main.o
 .text.MX_TIM9_Init
                0x080008bc       0x74 ./Core/Src/main.o
 .text.MX_TIM11_Init
                0x08000930       0x48 ./Core/Src/main.o
 .text.MX_USART2_UART_Init
                0x08000978       0x54 ./Core/Src/main.o
 .text.MX_DMA_Init
                0x080009cc       0x40 ./Core/Src/main.o
 .text.MX_GPIO_Init
                0x08000a0c      0x17c ./Core/Src/main.o
 .text.Error_Handler
                0x08000b88        0xc ./Core/Src/main.o
                0x08000b88                Error_Handler
 .text.HAL_MspInit
                0x08000b94       0x50 ./Core/Src/stm32f4xx_hal_msp.o
                0x08000b94                HAL_MspInit
 .text.HAL_ADC_MspInit
                0x08000be4       0x88 ./Core/Src/stm32f4xx_hal_msp.o
                0x08000be4                HAL_ADC_MspInit
 .text.HAL_I2C_MspInit
                0x08000c6c       0xb0 ./Core/Src/stm32f4xx_hal_msp.o
                0x08000c6c                HAL_I2C_MspInit
 .text.HAL_TIM_Base_MspInit
                0x08000d1c      0x104 ./Core/Src/stm32f4xx_hal_msp.o
                0x08000d1c                HAL_TIM_Base_MspInit
 .text.HAL_UART_MspInit
                0x08000e20      0x104 ./Core/Src/stm32f4xx_hal_msp.o
                0x08000e20                HAL_UART_MspInit
 .text.NMI_Handler
                0x08000f24        0x8 ./Core/Src/stm32f4xx_it.o
                0x08000f24                NMI_Handler
 .text.HardFault_Handler
                0x08000f2c        0x8 ./Core/Src/stm32f4xx_it.o
                0x08000f2c                HardFault_Handler
 .text.MemManage_Handler
                0x08000f34        0x8 ./Core/Src/stm32f4xx_it.o
                0x08000f34                MemManage_Handler
 .text.BusFault_Handler
                0x08000f3c        0x8 ./Core/Src/stm32f4xx_it.o
                0x08000f3c                BusFault_Handler
 .text.UsageFault_Handler
                0x08000f44        0x8 ./Core/Src/stm32f4xx_it.o
                0x08000f44                UsageFault_Handler
 .text.SVC_Handler
                0x08000f4c        0xe ./Core/Src/stm32f4xx_it.o
                0x08000f4c                SVC_Handler
 .text.DebugMon_Handler
                0x08000f5a        0xe ./Core/Src/stm32f4xx_it.o
                0x08000f5a                DebugMon_Handler
 .text.PendSV_Handler
                0x08000f68        0xe ./Core/Src/stm32f4xx_it.o
                0x08000f68                PendSV_Handler
 .text.SysTick_Handler
                0x08000f76        0xc ./Core/Src/stm32f4xx_it.o
                0x08000f76                SysTick_Handler
 .text.EXTI0_IRQHandler
                0x08000f82        0xe ./Core/Src/stm32f4xx_it.o
                0x08000f82                EXTI0_IRQHandler
 .text.DMA1_Stream6_IRQHandler
                0x08000f90       0x14 ./Core/Src/stm32f4xx_it.o
                0x08000f90                DMA1_Stream6_IRQHandler
 .text.EXTI9_5_IRQHandler
                0x08000fa4       0x10 ./Core/Src/stm32f4xx_it.o
                0x08000fa4                EXTI9_5_IRQHandler
 .text.TIM1_BRK_TIM9_IRQHandler
                0x08000fb4       0x14 ./Core/Src/stm32f4xx_it.o
                0x08000fb4                TIM1_BRK_TIM9_IRQHandler
 .text.TIM1_TRG_COM_TIM11_IRQHandler
                0x08000fc8       0x14 ./Core/Src/stm32f4xx_it.o
                0x08000fc8                TIM1_TRG_COM_TIM11_IRQHandler
 .text.TIM3_IRQHandler
                0x08000fdc       0x14 ./Core/Src/stm32f4xx_it.o
                0x08000fdc                TIM3_IRQHandler
 .text.TIM4_IRQHandler
                0x08000ff0       0x14 ./Core/Src/stm32f4xx_it.o
                0x08000ff0                TIM4_IRQHandler
 .text.I2C1_EV_IRQHandler
                0x08001004       0x14 ./Core/Src/stm32f4xx_it.o
                0x08001004                I2C1_EV_IRQHandler
 .text.I2C1_ER_IRQHandler
                0x08001018       0x14 ./Core/Src/stm32f4xx_it.o
                0x08001018                I2C1_ER_IRQHandler
 .text.USART2_IRQHandler
                0x0800102c       0x14 ./Core/Src/stm32f4xx_it.o
                0x0800102c                USART2_IRQHandler
 .text.SystemInit
                0x08001040       0x24 ./Core/Src/system_stm32f4xx.o
                0x08001040                SystemInit
 .text.Reset_Handler
                0x08001064       0x50 ./Core/Startup/startup_stm32f411vetx.o
                0x08001064                Reset_Handler
 .text.Default_Handler
                0x080010b4        0x2 ./Core/Startup/startup_stm32f411vetx.o
                0x080010b4                RTC_Alarm_IRQHandler
                0x080010b4                EXTI2_IRQHandler
                0x080010b4                SPI4_IRQHandler
                0x080010b4                TIM1_CC_IRQHandler
                0x080010b4                DMA2_Stream5_IRQHandler
                0x080010b4                DMA1_Stream5_IRQHandler
                0x080010b4                PVD_IRQHandler
                0x080010b4                SDIO_IRQHandler
                0x080010b4                TAMP_STAMP_IRQHandler
                0x080010b4                EXTI3_IRQHandler
                0x080010b4                TIM1_UP_TIM10_IRQHandler
                0x080010b4                I2C3_ER_IRQHandler
                0x080010b4                I2C2_EV_IRQHandler
                0x080010b4                DMA1_Stream2_IRQHandler
                0x080010b4                FPU_IRQHandler
                0x080010b4                DMA2_Stream2_IRQHandler
                0x080010b4                SPI1_IRQHandler
                0x080010b4                DMA2_Stream3_IRQHandler
                0x080010b4                USART6_IRQHandler
                0x080010b4                DMA2_Stream0_IRQHandler
                0x080010b4                DMA1_Stream1_IRQHandler
                0x080010b4                RCC_IRQHandler
                0x080010b4                Default_Handler
                0x080010b4                EXTI15_10_IRQHandler
                0x080010b4                ADC_IRQHandler
                0x080010b4                DMA1_Stream7_IRQHandler
                0x080010b4                SPI5_IRQHandler
                0x080010b4                TIM5_IRQHandler
                0x080010b4                DMA2_Stream7_IRQHandler
                0x080010b4                I2C3_EV_IRQHandler
                0x080010b4                RTC_WKUP_IRQHandler
                0x080010b4                SPI2_IRQHandler
                0x080010b4                DMA1_Stream0_IRQHandler
                0x080010b4                EXTI4_IRQHandler
                0x080010b4                WWDG_IRQHandler
                0x080010b4                TIM2_IRQHandler
                0x080010b4                OTG_FS_WKUP_IRQHandler
                0x080010b4                EXTI1_IRQHandler
                0x080010b4                I2C2_ER_IRQHandler
                0x080010b4                DMA2_Stream1_IRQHandler
                0x080010b4                FLASH_IRQHandler
                0x080010b4                DMA2_Stream4_IRQHandler
                0x080010b4                USART1_IRQHandler
                0x080010b4                OTG_FS_IRQHandler
                0x080010b4                SPI3_IRQHandler
                0x080010b4                DMA1_Stream4_IRQHandler
                0x080010b4                DMA2_Stream6_IRQHandler
                0x080010b4                DMA1_Stream3_IRQHandler
 *fill*         0x080010b6        0x2 
 .text.HAL_UART_RxCpltCallback
                0x080010b8       0x2c ./Drivers/Custom/Comm/Src/comm.o
                0x080010b8                HAL_UART_RxCpltCallback
 .text.comm_send_data
                0x080010e4       0x20 ./Drivers/Custom/Comm/Src/comm.o
                0x080010e4                comm_send_data
 .text.comm_init
                0x08001104       0x2c ./Drivers/Custom/Comm/Src/comm.o
                0x08001104                comm_init
 .text.protocol_interpret_cmd_packet
                0x08001130       0xb4 ./Drivers/Custom/Comm/Src/protocol.o
                0x08001130                protocol_interpret_cmd_packet
 .text.light_power_on
                0x080011e4       0x1c ./Drivers/Custom/Lights/Src/light.o
                0x080011e4                light_power_on
 .text.light_shutdown
                0x08001200       0x1c ./Drivers/Custom/Lights/Src/light.o
                0x08001200                light_shutdown
 .text.light_default_state
                0x0800121c       0x62 ./Drivers/Custom/Lights/Src/light.o
                0x0800121c                light_default_state
 .text.light_init
                0x0800127e       0x7a ./Drivers/Custom/Lights/Src/light.o
                0x0800127e                light_init
 .text.light_turn_on_frame
                0x080012f8       0x2c ./Drivers/Custom/Lights/Src/light.o
                0x080012f8                light_turn_on_frame
 .text.light_turn_off_frame
                0x08001324       0x2c ./Drivers/Custom/Lights/Src/light.o
                0x08001324                light_turn_off_frame
 .text.light_set_intensity
                0x08001350       0x34 ./Drivers/Custom/Lights/Src/light.o
                0x08001350                light_set_intensity
 .text.light_transition_to_max
                0x08001384       0x4c ./Drivers/Custom/Lights/Src/light.o
                0x08001384                light_transition_to_max
 .text.light_activate
                0x080013d0       0x44 ./Drivers/Custom/Lights/Src/light.o
                0x080013d0                light_activate
 .text.light_deactivate
                0x08001414       0x20 ./Drivers/Custom/Lights/Src/light.o
                0x08001414                light_deactivate
 .text.light_level_check
                0x08001434       0x18 ./Drivers/Custom/Lights/Src/light.o
                0x08001434                light_level_check
 .text.light_main
                0x0800144c      0x140 ./Drivers/Custom/Lights/Src/light.o
                0x0800144c                light_main
 .text.light_i2c_select_page
                0x0800158c       0x34 ./Drivers/Custom/Lights/Src/light_i2c.o
                0x0800158c                light_i2c_select_page
 .text.light_i2c_write_single_register
                0x080015c0       0x50 ./Drivers/Custom/Lights/Src/light_i2c.o
                0x080015c0                light_i2c_write_single_register
 .text.light_i2c_send_data
                0x08001610       0xbc ./Drivers/Custom/Lights/Src/light_i2c.o
                0x08001610                light_i2c_send_data
 .text.panic_is_active
                0x080016cc       0x18 ./Drivers/Custom/Panic/Src/panic.o
                0x080016cc                panic_is_active
 .text.panic_activate
                0x080016e4       0x18 ./Drivers/Custom/Panic/Src/panic.o
                0x080016e4                panic_activate
 .text.panic_deactivate
                0x080016fc       0x18 ./Drivers/Custom/Panic/Src/panic.o
                0x080016fc                panic_deactivate
 .text.panic_main
                0x08001714       0x8c ./Drivers/Custom/Panic/Src/panic.o
                0x08001714                panic_main
 .text.panic_button_set
                0x080017a0       0x18 ./Drivers/Custom/Panic/Src/panic_button.o
                0x080017a0                panic_button_set
 .text.panic_button_reset
                0x080017b8       0x18 ./Drivers/Custom/Panic/Src/panic_button.o
                0x080017b8                panic_button_reset
 .text.panic_button_is_pressed
                0x080017d0       0x18 ./Drivers/Custom/Panic/Src/panic_button.o
                0x080017d0                panic_button_is_pressed
 .text.panic_buzzer_start
                0x080017e8       0x30 ./Drivers/Custom/Panic/Src/panic_buzzer.o
                0x080017e8                panic_buzzer_start
 .text.panic_buzzer_stop
                0x08001818       0x20 ./Drivers/Custom/Panic/Src/panic_buzzer.o
                0x08001818                panic_buzzer_stop
 .text.panic_buzzer_is_active
                0x08001838       0x18 ./Drivers/Custom/Panic/Src/panic_buzzer.o
                0x08001838                panic_buzzer_is_active
 .text.panic_buzzer_get_counter
                0x08001850       0x18 ./Drivers/Custom/Panic/Src/panic_buzzer.o
                0x08001850                panic_buzzer_get_counter
 .text.panic_buzzer_reset_counter
                0x08001868       0x18 ./Drivers/Custom/Panic/Src/panic_buzzer.o
                0x08001868                panic_buzzer_reset_counter
 .text.panic_timer_start
                0x08001880       0x20 ./Drivers/Custom/Panic/Src/panic_timer.o
                0x08001880                panic_timer_start
 .text.panic_timer_stop
                0x080018a0       0x20 ./Drivers/Custom/Panic/Src/panic_timer.o
                0x080018a0                panic_timer_stop
 .text.panic_timer_is_active
                0x080018c0       0x18 ./Drivers/Custom/Panic/Src/panic_timer.o
                0x080018c0                panic_timer_is_active
 .text.panic_timer_is_elapsed
                0x080018d8       0x18 ./Drivers/Custom/Panic/Src/panic_timer.o
                0x080018d8                panic_timer_is_elapsed
 .text.panic_timer_elapsed
                0x080018f0       0x18 ./Drivers/Custom/Panic/Src/panic_timer.o
                0x080018f0                panic_timer_elapsed
 .text.panic_timer_is_elapsed_reset
                0x08001908       0x18 ./Drivers/Custom/Panic/Src/panic_timer.o
                0x08001908                panic_timer_is_elapsed_reset
 .text.sensors_light_get_ambient_light_level
                0x08001920       0x48 ./Drivers/Custom/Sensors/Src/sensors_light_sensor.o
                0x08001920                sensors_light_get_ambient_light_level
 .text.sensors_light_sensor_start
                0x08001968       0x18 ./Drivers/Custom/Sensors/Src/sensors_light_sensor.o
                0x08001968                sensors_light_sensor_start
 .text.sensors_light_sensor_stop
                0x08001980       0x18 ./Drivers/Custom/Sensors/Src/sensors_light_sensor.o
                0x08001980                sensors_light_sensor_stop
 .text.sensors_movement_detected
                0x08001998       0x18 ./Drivers/Custom/Sensors/Src/sensors_movement_sensor.o
                0x08001998                sensors_movement_detected
 .text.sensors_movement_is_detected
                0x080019b0       0x18 ./Drivers/Custom/Sensors/Src/sensors_movement_sensor.o
                0x080019b0                sensors_movement_is_detected
 .text.sensors_movement_detected_reset
                0x080019c8       0x18 ./Drivers/Custom/Sensors/Src/sensors_movement_sensor.o
                0x080019c8                sensors_movement_detected_reset
 .text.sensors_movement_sensor_on
                0x080019e0       0x18 ./Drivers/Custom/Sensors/Src/sensors_movement_sensor.o
                0x080019e0                sensors_movement_sensor_on
 .text.sensors_movement_sensor_off
                0x080019f8        0xe ./Drivers/Custom/Sensors/Src/sensors_movement_sensor.o
                0x080019f8                sensors_movement_sensor_off
 *fill*         0x08001a06        0x2 
 .text.HAL_Init
                0x08001a08       0x44 ./Drivers/STM32F4xx_HAL_Driver/Src/stm32f4xx_hal.o
                0x08001a08                HAL_Init
 .text.HAL_InitTick
                0x08001a4c       0x60 ./Drivers/STM32F4xx_HAL_Driver/Src/stm32f4xx_hal.o
                0x08001a4c                HAL_InitTick
 .text.HAL_IncTick
                0x08001aac       0x28 ./Drivers/STM32F4xx_HAL_Driver/Src/stm32f4xx_hal.o
                0x08001aac                HAL_IncTick
 .text.HAL_GetTick
                0x08001ad4       0x18 ./Drivers/STM32F4xx_HAL_Driver/Src/stm32f4xx_hal.o
                0x08001ad4                HAL_GetTick
 .text.HAL_ADC_Init
                0x08001aec       0x86 ./Drivers/STM32F4xx_HAL_Driver/Src/stm32f4xx_hal_adc.o
                0x08001aec                HAL_ADC_Init
 *fill*         0x08001b72        0x2 
 .text.HAL_ADC_Start
                0x08001b74      0x168 ./Drivers/STM32F4xx_HAL_Driver/Src/stm32f4xx_hal_adc.o
                0x08001b74                HAL_ADC_Start
 .text.HAL_ADC_Stop
                0x08001cdc       0x66 ./Drivers/STM32F4xx_HAL_Driver/Src/stm32f4xx_hal_adc.o
                0x08001cdc                HAL_ADC_Stop
 .text.HAL_ADC_PollForConversion
                0x08001d42      0x116 ./Drivers/STM32F4xx_HAL_Driver/Src/stm32f4xx_hal_adc.o
                0x08001d42                HAL_ADC_PollForConversion
 .text.HAL_ADC_GetValue
                0x08001e58       0x1a ./Drivers/STM32F4xx_HAL_Driver/Src/stm32f4xx_hal_adc.o
                0x08001e58                HAL_ADC_GetValue
 *fill*         0x08001e72        0x2 
 .text.HAL_ADC_ConfigChannel
                0x08001e74      0x264 ./Drivers/STM32F4xx_HAL_Driver/Src/stm32f4xx_hal_adc.o
                0x08001e74                HAL_ADC_ConfigChannel
 .text.ADC_Init
                0x080020d8      0x1f8 ./Drivers/STM32F4xx_HAL_Driver/Src/stm32f4xx_hal_adc.o
 .text.__NVIC_SetPriorityGrouping
                0x080022d0       0x48 ./Drivers/STM32F4xx_HAL_Driver/Src/stm32f4xx_hal_cortex.o
 .text.__NVIC_GetPriorityGrouping
                0x08002318       0x1c ./Drivers/STM32F4xx_HAL_Driver/Src/stm32f4xx_hal_cortex.o
 .text.__NVIC_EnableIRQ
                0x08002334       0x3c ./Drivers/STM32F4xx_HAL_Driver/Src/stm32f4xx_hal_cortex.o
 .text.__NVIC_DisableIRQ
                0x08002370       0x48 ./Drivers/STM32F4xx_HAL_Driver/Src/stm32f4xx_hal_cortex.o
 .text.__NVIC_SetPriority
                0x080023b8       0x54 ./Drivers/STM32F4xx_HAL_Driver/Src/stm32f4xx_hal_cortex.o
 .text.NVIC_EncodePriority
                0x0800240c       0x66 ./Drivers/STM32F4xx_HAL_Driver/Src/stm32f4xx_hal_cortex.o
 *fill*         0x08002472        0x2 
 .text.__NVIC_SystemReset
                0x08002474       0x2c ./Drivers/STM32F4xx_HAL_Driver/Src/stm32f4xx_hal_cortex.o
 .text.SysTick_Config
                0x080024a0       0x44 ./Drivers/STM32F4xx_HAL_Driver/Src/stm32f4xx_hal_cortex.o
 .text.HAL_NVIC_SetPriorityGrouping
                0x080024e4       0x16 ./Drivers/STM32F4xx_HAL_Driver/Src/stm32f4xx_hal_cortex.o
                0x080024e4                HAL_NVIC_SetPriorityGrouping
 .text.HAL_NVIC_SetPriority
                0x080024fa       0x38 ./Drivers/STM32F4xx_HAL_Driver/Src/stm32f4xx_hal_cortex.o
                0x080024fa                HAL_NVIC_SetPriority
 .text.HAL_NVIC_EnableIRQ
                0x08002532       0x1c ./Drivers/STM32F4xx_HAL_Driver/Src/stm32f4xx_hal_cortex.o
                0x08002532                HAL_NVIC_EnableIRQ
 .text.HAL_NVIC_DisableIRQ
                0x0800254e       0x1c ./Drivers/STM32F4xx_HAL_Driver/Src/stm32f4xx_hal_cortex.o
                0x0800254e                HAL_NVIC_DisableIRQ
 .text.HAL_NVIC_SystemReset
                0x0800256a        0x8 ./Drivers/STM32F4xx_HAL_Driver/Src/stm32f4xx_hal_cortex.o
                0x0800256a                HAL_NVIC_SystemReset
 .text.HAL_SYSTICK_Config
                0x08002572       0x18 ./Drivers/STM32F4xx_HAL_Driver/Src/stm32f4xx_hal_cortex.o
                0x08002572                HAL_SYSTICK_Config
 *fill*         0x0800258a        0x2 
 .text.HAL_DMA_Init
                0x0800258c      0x15c ./Drivers/STM32F4xx_HAL_Driver/Src/stm32f4xx_hal_dma.o
                0x0800258c                HAL_DMA_Init
 .text.HAL_DMA_Start_IT
                0x080026e8       0xb0 ./Drivers/STM32F4xx_HAL_Driver/Src/stm32f4xx_hal_dma.o
                0x080026e8                HAL_DMA_Start_IT
 .text.HAL_DMA_Abort
                0x08002798       0xe0 ./Drivers/STM32F4xx_HAL_Driver/Src/stm32f4xx_hal_dma.o
                0x08002798                HAL_DMA_Abort
 .text.HAL_DMA_Abort_IT
                0x08002878       0x44 ./Drivers/STM32F4xx_HAL_Driver/Src/stm32f4xx_hal_dma.o
                0x08002878                HAL_DMA_Abort_IT
 .text.HAL_DMA_IRQHandler
                0x080028bc      0x314 ./Drivers/STM32F4xx_HAL_Driver/Src/stm32f4xx_hal_dma.o
                0x080028bc                HAL_DMA_IRQHandler
 .text.HAL_DMA_GetState
                0x08002bd0       0x1c ./Drivers/STM32F4xx_HAL_Driver/Src/stm32f4xx_hal_dma.o
                0x08002bd0                HAL_DMA_GetState
 .text.DMA_SetConfig
                0x08002bec       0x5c ./Drivers/STM32F4xx_HAL_Driver/Src/stm32f4xx_hal_dma.o
 .text.DMA_CalcBaseAndBitshift
                0x08002c48       0x6c ./Drivers/STM32F4xx_HAL_Driver/Src/stm32f4xx_hal_dma.o
 .text.DMA_CheckFifoParam
                0x08002cb4       0xf8 ./Drivers/STM32F4xx_HAL_Driver/Src/stm32f4xx_hal_dma.o
 .text.HAL_GPIO_Init
                0x08002dac      0x308 ./Drivers/STM32F4xx_HAL_Driver/Src/stm32f4xx_hal_gpio.o
                0x08002dac                HAL_GPIO_Init
 .text.HAL_GPIO_WritePin
                0x080030b4       0x32 ./Drivers/STM32F4xx_HAL_Driver/Src/stm32f4xx_hal_gpio.o
                0x080030b4                HAL_GPIO_WritePin
 *fill*         0x080030e6        0x2 
 .text.HAL_GPIO_EXTI_IRQHandler
                0x080030e8       0x30 ./Drivers/STM32F4xx_HAL_Driver/Src/stm32f4xx_hal_gpio.o
                0x080030e8                HAL_GPIO_EXTI_IRQHandler
 .text.HAL_I2C_Init
                0x08003118      0x288 ./Drivers/STM32F4xx_HAL_Driver/Src/stm32f4xx_hal_i2c.o
                0x08003118                HAL_I2C_Init
 .text.I2C_Flush_DR
                0x080033a0       0x2a ./Drivers/STM32F4xx_HAL_Driver/Src/stm32f4xx_hal_i2c.o
 *fill*         0x080033ca        0x2 
 .text.HAL_I2C_Master_Transmit
                0x080033cc      0x1fc ./Drivers/STM32F4xx_HAL_Driver/Src/stm32f4xx_hal_i2c.o
                0x080033cc                HAL_I2C_Master_Transmit
 .text.HAL_I2C_EV_IRQHandler
                0x080035c8      0x2a6 ./Drivers/STM32F4xx_HAL_Driver/Src/stm32f4xx_hal_i2c.o
                0x080035c8                HAL_I2C_EV_IRQHandler
 .text.HAL_I2C_ER_IRQHandler
                0x0800386e      0x13e ./Drivers/STM32F4xx_HAL_Driver/Src/stm32f4xx_hal_i2c.o
                0x0800386e                HAL_I2C_ER_IRQHandler
 .text.HAL_I2C_MasterTxCpltCallback
                0x080039ac       0x14 ./Drivers/STM32F4xx_HAL_Driver/Src/stm32f4xx_hal_i2c.o
                0x080039ac                HAL_I2C_MasterTxCpltCallback
 .text.HAL_I2C_MasterRxCpltCallback
                0x080039c0       0x14 ./Drivers/STM32F4xx_HAL_Driver/Src/stm32f4xx_hal_i2c.o
                0x080039c0                HAL_I2C_MasterRxCpltCallback
 .text.HAL_I2C_SlaveTxCpltCallback
                0x080039d4       0x14 ./Drivers/STM32F4xx_HAL_Driver/Src/stm32f4xx_hal_i2c.o
                0x080039d4                HAL_I2C_SlaveTxCpltCallback
 .text.HAL_I2C_SlaveRxCpltCallback
                0x080039e8       0x14 ./Drivers/STM32F4xx_HAL_Driver/Src/stm32f4xx_hal_i2c.o
                0x080039e8                HAL_I2C_SlaveRxCpltCallback
 .text.HAL_I2C_AddrCallback
                0x080039fc       0x1c ./Drivers/STM32F4xx_HAL_Driver/Src/stm32f4xx_hal_i2c.o
                0x080039fc                HAL_I2C_AddrCallback
 .text.HAL_I2C_ListenCpltCallback
                0x08003a18       0x14 ./Drivers/STM32F4xx_HAL_Driver/Src/stm32f4xx_hal_i2c.o
                0x08003a18                HAL_I2C_ListenCpltCallback
 .text.HAL_I2C_MemTxCpltCallback
                0x08003a2c       0x14 ./Drivers/STM32F4xx_HAL_Driver/Src/stm32f4xx_hal_i2c.o
                0x08003a2c                HAL_I2C_MemTxCpltCallback
 .text.HAL_I2C_MemRxCpltCallback
                0x08003a40       0x14 ./Drivers/STM32F4xx_HAL_Driver/Src/stm32f4xx_hal_i2c.o
                0x08003a40                HAL_I2C_MemRxCpltCallback
 .text.HAL_I2C_ErrorCallback
                0x08003a54       0x14 ./Drivers/STM32F4xx_HAL_Driver/Src/stm32f4xx_hal_i2c.o
                0x08003a54                HAL_I2C_ErrorCallback
 .text.HAL_I2C_AbortCpltCallback
                0x08003a68       0x14 ./Drivers/STM32F4xx_HAL_Driver/Src/stm32f4xx_hal_i2c.o
                0x08003a68                HAL_I2C_AbortCpltCallback
 .text.I2C_MasterTransmit_TXE
                0x08003a7c      0x138 ./Drivers/STM32F4xx_HAL_Driver/Src/stm32f4xx_hal_i2c.o
 .text.I2C_MasterTransmit_BTF
                0x08003bb4       0xec ./Drivers/STM32F4xx_HAL_Driver/Src/stm32f4xx_hal_i2c.o
 .text.I2C_MemoryTransmit_TXE_BTF
                0x08003ca0      0x130 ./Drivers/STM32F4xx_HAL_Driver/Src/stm32f4xx_hal_i2c.o
 .text.I2C_MasterReceive_RXNE
                0x08003dd0      0x190 ./Drivers/STM32F4xx_HAL_Driver/Src/stm32f4xx_hal_i2c.o
 .text.I2C_MasterReceive_BTF
                0x08003f60      0x1ea ./Drivers/STM32F4xx_HAL_Driver/Src/stm32f4xx_hal_i2c.o
 .text.I2C_Master_SB
                0x0800414a      0x10c ./Drivers/STM32F4xx_HAL_Driver/Src/stm32f4xx_hal_i2c.o
 .text.I2C_Master_ADD10
                0x08004256       0x54 ./Drivers/STM32F4xx_HAL_Driver/Src/stm32f4xx_hal_i2c.o
 .text.I2C_Master_ADDR
                0x080042aa      0x322 ./Drivers/STM32F4xx_HAL_Driver/Src/stm32f4xx_hal_i2c.o
 .text.I2C_SlaveTransmit_TXE
                0x080045cc       0x7a ./Drivers/STM32F4xx_HAL_Driver/Src/stm32f4xx_hal_i2c.o
 .text.I2C_SlaveTransmit_BTF
                0x08004646       0x42 ./Drivers/STM32F4xx_HAL_Driver/Src/stm32f4xx_hal_i2c.o
 .text.I2C_SlaveReceive_RXNE
                0x08004688       0x7c ./Drivers/STM32F4xx_HAL_Driver/Src/stm32f4xx_hal_i2c.o
 .text.I2C_SlaveReceive_BTF
                0x08004704       0x44 ./Drivers/STM32F4xx_HAL_Driver/Src/stm32f4xx_hal_i2c.o
 .text.I2C_Slave_ADDR
                0x08004748       0x90 ./Drivers/STM32F4xx_HAL_Driver/Src/stm32f4xx_hal_i2c.o
 .text.I2C_Slave_STOPF
                0x080047d8      0x260 ./Drivers/STM32F4xx_HAL_Driver/Src/stm32f4xx_hal_i2c.o
 .text.I2C_Slave_AF
                0x08004a38       0xe8 ./Drivers/STM32F4xx_HAL_Driver/Src/stm32f4xx_hal_i2c.o
 .text.I2C_ITError
                0x08004b20      0x264 ./Drivers/STM32F4xx_HAL_Driver/Src/stm32f4xx_hal_i2c.o
 .text.I2C_MasterRequestWrite
                0x08004d84      0x104 ./Drivers/STM32F4xx_HAL_Driver/Src/stm32f4xx_hal_i2c.o
 .text.I2C_DMAAbort
                0x08004e88      0x150 ./Drivers/STM32F4xx_HAL_Driver/Src/stm32f4xx_hal_i2c.o
 .text.I2C_WaitOnFlagUntilTimeout
                0x08004fd8       0xf4 ./Drivers/STM32F4xx_HAL_Driver/Src/stm32f4xx_hal_i2c.o
 .text.I2C_WaitOnMasterAddressFlagUntilTimeout
                0x080050cc      0x140 ./Drivers/STM32F4xx_HAL_Driver/Src/stm32f4xx_hal_i2c.o
 .text.I2C_WaitOnTXEFlagUntilTimeout
                0x0800520c       0x90 ./Drivers/STM32F4xx_HAL_Driver/Src/stm32f4xx_hal_i2c.o
 .text.I2C_WaitOnBTFFlagUntilTimeout
                0x0800529c       0x90 ./Drivers/STM32F4xx_HAL_Driver/Src/stm32f4xx_hal_i2c.o
 .text.I2C_WaitOnSTOPRequestThroughIT
                0x0800532c       0x64 ./Drivers/STM32F4xx_HAL_Driver/Src/stm32f4xx_hal_i2c.o
 .text.I2C_IsAcknowledgeFailed
                0x08005390       0x5e ./Drivers/STM32F4xx_HAL_Driver/Src/stm32f4xx_hal_i2c.o
 .text.I2C_ConvertOtherXferOptions
                0x080053ee       0x36 ./Drivers/STM32F4xx_HAL_Driver/Src/stm32f4xx_hal_i2c.o
 .text.HAL_RCC_OscConfig
                0x08005424      0x4f0 ./Drivers/STM32F4xx_HAL_Driver/Src/stm32f4xx_hal_rcc.o
                0x08005424                HAL_RCC_OscConfig
 .text.HAL_RCC_ClockConfig
                0x08005914      0x1cc ./Drivers/STM32F4xx_HAL_Driver/Src/stm32f4xx_hal_rcc.o
                0x08005914                HAL_RCC_ClockConfig
 .text.HAL_RCC_GetSysClockFreq
                0x08005ae0      0x20c ./Drivers/STM32F4xx_HAL_Driver/Src/stm32f4xx_hal_rcc.o
                0x08005ae0                HAL_RCC_GetSysClockFreq
 .text.HAL_RCC_GetHCLKFreq
                0x08005cec       0x18 ./Drivers/STM32F4xx_HAL_Driver/Src/stm32f4xx_hal_rcc.o
                0x08005cec                HAL_RCC_GetHCLKFreq
 .text.HAL_RCC_GetPCLK1Freq
                0x08005d04       0x28 ./Drivers/STM32F4xx_HAL_Driver/Src/stm32f4xx_hal_rcc.o
                0x08005d04                HAL_RCC_GetPCLK1Freq
 .text.HAL_RCC_GetPCLK2Freq
                0x08005d2c       0x28 ./Drivers/STM32F4xx_HAL_Driver/Src/stm32f4xx_hal_rcc.o
                0x08005d2c                HAL_RCC_GetPCLK2Freq
 .text.HAL_TIM_Base_Init
                0x08005d54       0x9e ./Drivers/STM32F4xx_HAL_Driver/Src/stm32f4xx_hal_tim.o
                0x08005d54                HAL_TIM_Base_Init
 *fill*         0x08005df2        0x2 
 .text.HAL_TIM_Base_Start_IT
                0x08005df4       0xc4 ./Drivers/STM32F4xx_HAL_Driver/Src/stm32f4xx_hal_tim.o
                0x08005df4                HAL_TIM_Base_Start_IT
 .text.HAL_TIM_Base_Stop_IT
                0x08005eb8       0x5e ./Drivers/STM32F4xx_HAL_Driver/Src/stm32f4xx_hal_tim.o
                0x08005eb8                HAL_TIM_Base_Stop_IT
 .text.HAL_TIM_IRQHandler
                0x08005f16      0x1e0 ./Drivers/STM32F4xx_HAL_Driver/Src/stm32f4xx_hal_tim.o
                0x08005f16                HAL_TIM_IRQHandler
 .text.HAL_TIM_ConfigClockSource
                0x080060f6      0x18e ./Drivers/STM32F4xx_HAL_Driver/Src/stm32f4xx_hal_tim.o
                0x080060f6                HAL_TIM_ConfigClockSource
 .text.HAL_TIM_OC_DelayElapsedCallback
                0x08006284       0x14 ./Drivers/STM32F4xx_HAL_Driver/Src/stm32f4xx_hal_tim.o
                0x08006284                HAL_TIM_OC_DelayElapsedCallback
 .text.HAL_TIM_IC_CaptureCallback
                0x08006298       0x14 ./Drivers/STM32F4xx_HAL_Driver/Src/stm32f4xx_hal_tim.o
                0x08006298                HAL_TIM_IC_CaptureCallback
 .text.HAL_TIM_PWM_PulseFinishedCallback
                0x080062ac       0x14 ./Drivers/STM32F4xx_HAL_Driver/Src/stm32f4xx_hal_tim.o
                0x080062ac                HAL_TIM_PWM_PulseFinishedCallback
 .text.HAL_TIM_TriggerCallback
                0x080062c0       0x14 ./Drivers/STM32F4xx_HAL_Driver/Src/stm32f4xx_hal_tim.o
                0x080062c0                HAL_TIM_TriggerCallback
 .text.TIM_Base_SetConfig
                0x080062d4      0x118 ./Drivers/STM32F4xx_HAL_Driver/Src/stm32f4xx_hal_tim.o
                0x080062d4                TIM_Base_SetConfig
 .text.TIM_TI1_ConfigInputStage
                0x080063ec       0x5e ./Drivers/STM32F4xx_HAL_Driver/Src/stm32f4xx_hal_tim.o
 .text.TIM_TI2_ConfigInputStage
                0x0800644a       0x60 ./Drivers/STM32F4xx_HAL_Driver/Src/stm32f4xx_hal_tim.o
 .text.TIM_ITRx_SetConfig
                0x080064aa       0x36 ./Drivers/STM32F4xx_HAL_Driver/Src/stm32f4xx_hal_tim.o
 .text.TIM_ETR_SetConfig
                0x080064e0       0x40 ./Drivers/STM32F4xx_HAL_Driver/Src/stm32f4xx_hal_tim.o
                0x080064e0                TIM_ETR_SetConfig
 .text.HAL_TIMEx_MasterConfigSynchronization
                0x08006520       0xdc ./Drivers/STM32F4xx_HAL_Driver/Src/stm32f4xx_hal_tim_ex.o
                0x08006520                HAL_TIMEx_MasterConfigSynchronization
 .text.HAL_TIMEx_CommutCallback
                0x080065fc       0x14 ./Drivers/STM32F4xx_HAL_Driver/Src/stm32f4xx_hal_tim_ex.o
                0x080065fc                HAL_TIMEx_CommutCallback
 .text.HAL_TIMEx_BreakCallback
                0x08006610       0x14 ./Drivers/STM32F4xx_HAL_Driver/Src/stm32f4xx_hal_tim_ex.o
                0x08006610                HAL_TIMEx_BreakCallback
 .text.HAL_UART_Init
                0x08006624       0xa0 ./Drivers/STM32F4xx_HAL_Driver/Src/stm32f4xx_hal_uart.o
                0x08006624                HAL_UART_Init
 .text.HAL_UART_Receive_IT
                0x080066c4       0x4a ./Drivers/STM32F4xx_HAL_Driver/Src/stm32f4xx_hal_uart.o
                0x080066c4                HAL_UART_Receive_IT
 *fill*         0x0800670e        0x2 
 .text.HAL_UART_Transmit_DMA
                0x08006710       0xe0 ./Drivers/STM32F4xx_HAL_Driver/Src/stm32f4xx_hal_uart.o
                0x08006710                HAL_UART_Transmit_DMA
 .text.HAL_UART_IRQHandler
                0x080067f0      0x524 ./Drivers/STM32F4xx_HAL_Driver/Src/stm32f4xx_hal_uart.o
                0x080067f0                HAL_UART_IRQHandler
 .text.HAL_UART_TxCpltCallback
                0x08006d14       0x14 ./Drivers/STM32F4xx_HAL_Driver/Src/stm32f4xx_hal_uart.o
                0x08006d14                HAL_UART_TxCpltCallback
 .text.HAL_UART_TxHalfCpltCallback
                0x08006d28       0x14 ./Drivers/STM32F4xx_HAL_Driver/Src/stm32f4xx_hal_uart.o
                0x08006d28                HAL_UART_TxHalfCpltCallback
 .text.HAL_UART_ErrorCallback
                0x08006d3c       0x14 ./Drivers/STM32F4xx_HAL_Driver/Src/stm32f4xx_hal_uart.o
                0x08006d3c                HAL_UART_ErrorCallback
 .text.HAL_UARTEx_RxEventCallback
                0x08006d50       0x18 ./Drivers/STM32F4xx_HAL_Driver/Src/stm32f4xx_hal_uart.o
                0x08006d50                HAL_UARTEx_RxEventCallback
 .text.UART_DMATransmitCplt
                0x08006d68       0x9a ./Drivers/STM32F4xx_HAL_Driver/Src/stm32f4xx_hal_uart.o
 .text.UART_DMATxHalfCplt
                0x08006e02       0x1c ./Drivers/STM32F4xx_HAL_Driver/Src/stm32f4xx_hal_uart.o
 .text.UART_DMAError
                0x08006e1e       0x94 ./Drivers/STM32F4xx_HAL_Driver/Src/stm32f4xx_hal_uart.o
 .text.UART_Start_Receive_IT
                0x08006eb2       0x74 ./Drivers/STM32F4xx_HAL_Driver/Src/stm32f4xx_hal_uart.o
                0x08006eb2                UART_Start_Receive_IT
 .text.UART_EndTxTransfer
                0x08006f26       0x50 ./Drivers/STM32F4xx_HAL_Driver/Src/stm32f4xx_hal_uart.o
 .text.UART_EndRxTransfer
                0x08006f76       0xc6 ./Drivers/STM32F4xx_HAL_Driver/Src/stm32f4xx_hal_uart.o
 .text.UART_DMAAbortOnError
                0x0800703c       0x28 ./Drivers/STM32F4xx_HAL_Driver/Src/stm32f4xx_hal_uart.o
 .text.UART_Transmit_IT
                0x08007064       0xa0 ./Drivers/STM32F4xx_HAL_Driver/Src/stm32f4xx_hal_uart.o
 .text.UART_EndTransmit_IT
                0x08007104       0x30 ./Drivers/STM32F4xx_HAL_Driver/Src/stm32f4xx_hal_uart.o
 .text.UART_Receive_IT
                0x08007134      0x17c ./Drivers/STM32F4xx_HAL_Driver/Src/stm32f4xx_hal_uart.o
 .text.UART_SetConfig
                0x080072b0      0x4e8 ./Drivers/STM32F4xx_HAL_Driver/Src/stm32f4xx_hal_uart.o
 .text.memset   0x08007798       0x10 /opt/st/stm32cubeide_1.16.0/plugins/com.st.stm32cube.ide.mcu.externaltools.gnu-tools-for-stm32.12.3.rel1.linux64_1.0.200.202406132123/tools/bin/../lib/gcc/arm-none-eabi/12.3.1/../../../../arm-none-eabi/lib/thumb/v7e-m+fp/hard/libc_nano.a(libc_a-memset.o)
                0x08007798                memset
 .text.__libc_init_array
                0x080077a8       0x48 /opt/st/stm32cubeide_1.16.0/plugins/com.st.stm32cube.ide.mcu.externaltools.gnu-tools-for-stm32.12.3.rel1.linux64_1.0.200.202406132123/tools/bin/../lib/gcc/arm-none-eabi/12.3.1/../../../../arm-none-eabi/lib/thumb/v7e-m+fp/hard/libc_nano.a(libc_a-init.o)
                0x080077a8                __libc_init_array
 .text.memcpy   0x080077f0       0x1c /opt/st/stm32cubeide_1.16.0/plugins/com.st.stm32cube.ide.mcu.externaltools.gnu-tools-for-stm32.12.3.rel1.linux64_1.0.200.202406132123/tools/bin/../lib/gcc/arm-none-eabi/12.3.1/../../../../arm-none-eabi/lib/thumb/v7e-m+fp/hard/libc_nano.a(libc_a-memcpy-stub.o)
                0x080077f0                memcpy
 *(.glue_7)
 .glue_7        0x0800780c        0x0 linker stubs
 *(.glue_7t)
 .glue_7t       0x0800780c        0x0 linker stubs
 *(.eh_frame)
 .eh_frame      0x0800780c        0x0 /opt/st/stm32cubeide_1.16.0/plugins/com.st.stm32cube.ide.mcu.externaltools.gnu-tools-for-stm32.12.3.rel1.linux64_1.0.200.202406132123/tools/bin/../lib/gcc/arm-none-eabi/12.3.1/thumb/v7e-m+fp/hard/crtbegin.o
 *(.init)
 .init          0x0800780c        0x4 /opt/st/stm32cubeide_1.16.0/plugins/com.st.stm32cube.ide.mcu.externaltools.gnu-tools-for-stm32.12.3.rel1.linux64_1.0.200.202406132123/tools/bin/../lib/gcc/arm-none-eabi/12.3.1/thumb/v7e-m+fp/hard/crti.o
                0x0800780c                _init
 .init          0x08007810        0x8 /opt/st/stm32cubeide_1.16.0/plugins/com.st.stm32cube.ide.mcu.externaltools.gnu-tools-for-stm32.12.3.rel1.linux64_1.0.200.202406132123/tools/bin/../lib/gcc/arm-none-eabi/12.3.1/thumb/v7e-m+fp/hard/crtn.o
 *(.fini)
 .fini          0x08007818        0x4 /opt/st/stm32cubeide_1.16.0/plugins/com.st.stm32cube.ide.mcu.externaltools.gnu-tools-for-stm32.12.3.rel1.linux64_1.0.200.202406132123/tools/bin/../lib/gcc/arm-none-eabi/12.3.1/thumb/v7e-m+fp/hard/crti.o
                0x08007818                _fini
 .fini          0x0800781c        0x8 /opt/st/stm32cubeide_1.16.0/plugins/com.st.stm32cube.ide.mcu.externaltools.gnu-tools-for-stm32.12.3.rel1.linux64_1.0.200.202406132123/tools/bin/../lib/gcc/arm-none-eabi/12.3.1/thumb/v7e-m+fp/hard/crtn.o
                0x08007824                        . = ALIGN (0x4)
                0x08007824                        _etext = .

.vfp11_veneer   0x08007824        0x0
 .vfp11_veneer  0x08007824        0x0 linker stubs

.v4_bx          0x08007824        0x0
 .v4_bx         0x08007824        0x0 linker stubs

.iplt           0x08007824        0x0
 .iplt          0x08007824        0x0 /opt/st/stm32cubeide_1.16.0/plugins/com.st.stm32cube.ide.mcu.externaltools.gnu-tools-for-stm32.12.3.rel1.linux64_1.0.200.202406132123/tools/bin/../lib/gcc/arm-none-eabi/12.3.1/thumb/v7e-m+fp/hard/crtbegin.o

.rodata         0x08007824       0x28
                0x08007824                        . = ALIGN (0x4)
 *(.rodata)
 *(.rodata*)
 .rodata.periodic_packet
                0x08007824        0x2 ./Core/Src/main.o
 *fill*         0x08007826        0x2 
 .rodata.panic_packet
                0x08007828        0x2 ./Core/Src/main.o
 *fill*         0x0800782a        0x2 
 .rodata.AHBPrescTable
                0x0800782c       0x10 ./Core/Src/system_stm32f4xx.o
                0x0800782c                AHBPrescTable
 .rodata.APBPrescTable
                0x0800783c        0x8 ./Core/Src/system_stm32f4xx.o
                0x0800783c                APBPrescTable
 .rodata.flagBitshiftOffset.0
                0x08007844        0x8 ./Drivers/STM32F4xx_HAL_Driver/Src/stm32f4xx_hal_dma.o
                0x0800784c                        . = ALIGN (0x4)

.ARM.extab      0x0800784c        0x0
                0x0800784c                        . = ALIGN (0x4)
 *(.ARM.extab* .gnu.linkonce.armextab.*)
                0x0800784c                        . = ALIGN (0x4)

.ARM            0x0800784c        0x8
                0x0800784c                        . = ALIGN (0x4)
                0x0800784c                        __exidx_start = .
 *(.ARM.exidx*)
 .ARM.exidx     0x0800784c        0x8 /opt/st/stm32cubeide_1.16.0/plugins/com.st.stm32cube.ide.mcu.externaltools.gnu-tools-for-stm32.12.3.rel1.linux64_1.0.200.202406132123/tools/bin/../lib/gcc/arm-none-eabi/12.3.1/thumb/v7e-m+fp/hard/libgcc.a(_udivmoddi4.o)
                0x08007854                        __exidx_end = .
                0x08007854                        . = ALIGN (0x4)

.preinit_array  0x08007854        0x0
                0x08007854                        . = ALIGN (0x4)
                0x08007854                        PROVIDE (__preinit_array_start = .)
 *(.preinit_array*)
                0x08007854                        PROVIDE (__preinit_array_end = .)
                0x08007854                        . = ALIGN (0x4)

.init_array     0x08007854        0x4
                0x08007854                        . = ALIGN (0x4)
                0x08007854                        PROVIDE (__init_array_start = .)
 *(SORT_BY_NAME(.init_array.*))
 *(.init_array*)
 .init_array    0x08007854        0x4 /opt/st/stm32cubeide_1.16.0/plugins/com.st.stm32cube.ide.mcu.externaltools.gnu-tools-for-stm32.12.3.rel1.linux64_1.0.200.202406132123/tools/bin/../lib/gcc/arm-none-eabi/12.3.1/thumb/v7e-m+fp/hard/crtbegin.o
                0x08007858                        PROVIDE (__init_array_end = .)
                0x08007858                        . = ALIGN (0x4)

.fini_array     0x08007858        0x4
                0x08007858                        . = ALIGN (0x4)
                [!provide]                        PROVIDE (__fini_array_start = .)
 *(SORT_BY_NAME(.fini_array.*))
 *(.fini_array*)
 .fini_array    0x08007858        0x4 /opt/st/stm32cubeide_1.16.0/plugins/com.st.stm32cube.ide.mcu.externaltools.gnu-tools-for-stm32.12.3.rel1.linux64_1.0.200.202406132123/tools/bin/../lib/gcc/arm-none-eabi/12.3.1/thumb/v7e-m+fp/hard/crtbegin.o
                [!provide]                        PROVIDE (__fini_array_end = .)
                0x0800785c                        . = ALIGN (0x4)
                0x0800785c                        _sidata = LOADADDR (.data)

.rel.dyn        0x0800785c        0x0
 .rel.iplt      0x0800785c        0x0 /opt/st/stm32cubeide_1.16.0/plugins/com.st.stm32cube.ide.mcu.externaltools.gnu-tools-for-stm32.12.3.rel1.linux64_1.0.200.202406132123/tools/bin/../lib/gcc/arm-none-eabi/12.3.1/thumb/v7e-m+fp/hard/crtbegin.o

.data           0x20000000       0x20 load address 0x0800785c
                0x20000000                        . = ALIGN (0x4)
                0x20000000                        _sdata = .
 *(.data)
 *(.data*)
 .data.SystemCoreClock
                0x20000000        0x4 ./Core/Src/system_stm32f4xx.o
                0x20000000                SystemCoreClock
 .data.all_on   0x20000004       0x12 ./Drivers/Custom/Lights/Src/light.o
 *fill*         0x20000016        0x2 
 .data.uwTickPrio
                0x20000018        0x4 ./Drivers/STM32F4xx_HAL_Driver/Src/stm32f4xx_hal.o
                0x20000018                uwTickPrio
 .data.uwTickFreq
                0x2000001c        0x1 ./Drivers/STM32F4xx_HAL_Driver/Src/stm32f4xx_hal.o
                0x2000001c                uwTickFreq
 *(.RamFunc)
 *(.RamFunc*)
                0x20000020                        . = ALIGN (0x4)
 *fill*         0x2000001d        0x3 
                0x20000020                        _edata = .

.igot.plt       0x20000020        0x0 load address 0x0800787c
 .igot.plt      0x20000020        0x0 /opt/st/stm32cubeide_1.16.0/plugins/com.st.stm32cube.ide.mcu.externaltools.gnu-tools-for-stm32.12.3.rel1.linux64_1.0.200.202406132123/tools/bin/../lib/gcc/arm-none-eabi/12.3.1/thumb/v7e-m+fp/hard/crtbegin.o
                0x20000020                        . = ALIGN (0x4)

.bss            0x20000020      0x2a8 load address 0x0800787c
                0x20000020                        _sbss = .
                0x20000020                        __bss_start__ = _sbss
 *(.bss)
 .bss           0x20000020       0x1c /opt/st/stm32cubeide_1.16.0/plugins/com.st.stm32cube.ide.mcu.externaltools.gnu-tools-for-stm32.12.3.rel1.linux64_1.0.200.202406132123/tools/bin/../lib/gcc/arm-none-eabi/12.3.1/thumb/v7e-m+fp/hard/crtbegin.o
 *(.bss*)
 .bss.hadc1     0x2000003c       0x48 ./Core/Src/main.o
                0x2000003c                hadc1
 .bss.hi2c1     0x20000084       0x54 ./Core/Src/main.o
                0x20000084                hi2c1
 .bss.htim3     0x200000d8       0x48 ./Core/Src/main.o
                0x200000d8                htim3
 .bss.htim4     0x20000120       0x48 ./Core/Src/main.o
                0x20000120                htim4
 .bss.htim9     0x20000168       0x48 ./Core/Src/main.o
                0x20000168                htim9
 .bss.htim11    0x200001b0       0x48 ./Core/Src/main.o
                0x200001b0                htim11
 .bss.huart2    0x200001f8       0x48 ./Core/Src/main.o
                0x200001f8                huart2
 .bss.hdma_usart2_tx
                0x20000240       0x60 ./Core/Src/main.o
                0x20000240                hdma_usart2_tx
 .bss.received_data
                0x200002a0        0x2 ./Drivers/Custom/Comm/Src/comm.o
 *fill*         0x200002a2        0x2 
 .bss.all_off   0x200002a4       0x12 ./Drivers/Custom/Lights/Src/light.o
 .bss.light_on  0x200002b6        0x1 ./Drivers/Custom/Lights/Src/light.o
 .bss.check_light_level
                0x200002b7        0x1 ./Drivers/Custom/Lights/Src/light.o
 .bss.just_turned_on
                0x200002b8        0x1 ./Drivers/Custom/Lights/Src/light.o
 .bss.default_state.2
                0x200002b9        0x1 ./Drivers/Custom/Lights/Src/light.o
 .bss.movement_detection_reacted.1
                0x200002ba        0x1 ./Drivers/Custom/Lights/Src/light.o
 .bss.current_light.0
                0x200002bb        0x1 ./Drivers/Custom/Lights/Src/light.o
 .bss.panic_on  0x200002bc        0x1 ./Drivers/Custom/Panic/Src/panic.o
 .bss.panic_button_pressed
                0x200002bd        0x1 ./Drivers/Custom/Panic/Src/panic_button.o
                0x200002bd                panic_button_pressed
 .bss.panic_buzzer_active
                0x200002be        0x1 ./Drivers/Custom/Panic/Src/panic_buzzer.o
                0x200002be                panic_buzzer_active
 .bss.panic_buzzer_counter
                0x200002bf        0x1 ./Drivers/Custom/Panic/Src/panic_buzzer.o
                0x200002bf                panic_buzzer_counter
 .bss.timer_active
                0x200002c0        0x1 ./Drivers/Custom/Panic/Src/panic_timer.o
 .bss.timer_elapsed
                0x200002c1        0x1 ./Drivers/Custom/Panic/Src/panic_timer.o
 .bss.light_sensor_active
                0x200002c2        0x1 ./Drivers/Custom/Sensors/Src/sensors_light_sensor.o
                0x200002c2                light_sensor_active
 .bss.movement_sensor_detected
                0x200002c3        0x1 ./Drivers/Custom/Sensors/Src/sensors_movement_sensor.o
                0x200002c3                movement_sensor_detected
 .bss.uwTick    0x200002c4        0x4 ./Drivers/STM32F4xx_HAL_Driver/Src/stm32f4xx_hal.o
                0x200002c4                uwTick
 *(COMMON)
                0x200002c8                        . = ALIGN (0x4)
                0x200002c8                        _ebss = .
                0x200002c8                        __bss_end__ = _ebss

._user_heap_stack
                0x200002c8      0x600 load address 0x0800787c
                0x200002c8                        . = ALIGN (0x8)
                [!provide]                        PROVIDE (end = .)
                0x200002c8                        PROVIDE (_end = .)
                0x200004c8                        . = (. + _Min_Heap_Size)
 *fill*         0x200002c8      0x200 
                0x200008c8                        . = (. + _Min_Stack_Size)
 *fill*         0x200004c8      0x400 
                0x200008c8                        . = ALIGN (0x8)

/DISCARD/
 libc.a(*)
 libm.a(*)
 libgcc.a(*)

.ARM.attributes
                0x00000000       0x30
 *(.ARM.attributes)
 .ARM.attributes
                0x00000000       0x22 /opt/st/stm32cubeide_1.16.0/plugins/com.st.stm32cube.ide.mcu.externaltools.gnu-tools-for-stm32.12.3.rel1.linux64_1.0.200.202406132123/tools/bin/../lib/gcc/arm-none-eabi/12.3.1/thumb/v7e-m+fp/hard/crti.o
 .ARM.attributes
                0x00000022       0x34 /opt/st/stm32cubeide_1.16.0/plugins/com.st.stm32cube.ide.mcu.externaltools.gnu-tools-for-stm32.12.3.rel1.linux64_1.0.200.202406132123/tools/bin/../lib/gcc/arm-none-eabi/12.3.1/thumb/v7e-m+fp/hard/crtbegin.o
 .ARM.attributes
                0x00000056       0x34 ./Core/Src/main.o
 .ARM.attributes
                0x0000008a       0x34 ./Core/Src/stm32f4xx_hal_msp.o
 .ARM.attributes
                0x000000be       0x34 ./Core/Src/stm32f4xx_it.o
 .ARM.attributes
                0x000000f2       0x34 ./Core/Src/system_stm32f4xx.o
 .ARM.attributes
                0x00000126       0x21 ./Core/Startup/startup_stm32f411vetx.o
 .ARM.attributes
                0x00000147       0x34 ./Drivers/Custom/Comm/Src/comm.o
 .ARM.attributes
                0x0000017b       0x34 ./Drivers/Custom/Comm/Src/protocol.o
 .ARM.attributes
                0x000001af       0x34 ./Drivers/Custom/Lights/Src/light.o
 .ARM.attributes
                0x000001e3       0x34 ./Drivers/Custom/Lights/Src/light_i2c.o
 .ARM.attributes
                0x00000217       0x34 ./Drivers/Custom/Panic/Src/panic.o
 .ARM.attributes
                0x0000024b       0x34 ./Drivers/Custom/Panic/Src/panic_button.o
 .ARM.attributes
                0x0000027f       0x34 ./Drivers/Custom/Panic/Src/panic_buzzer.o
 .ARM.attributes
                0x000002b3       0x34 ./Drivers/Custom/Panic/Src/panic_timer.o
 .ARM.attributes
                0x000002e7       0x34 ./Drivers/Custom/Sensors/Src/sensors_light_sensor.o
 .ARM.attributes
                0x0000031b       0x34 ./Drivers/Custom/Sensors/Src/sensors_movement_sensor.o
 .ARM.attributes
                0x0000034f       0x34 ./Drivers/STM32F4xx_HAL_Driver/Src/stm32f4xx_hal.o
 .ARM.attributes
                0x00000383       0x34 ./Drivers/STM32F4xx_HAL_Driver/Src/stm32f4xx_hal_adc.o
 .ARM.attributes
                0x000003b7       0x34 ./Drivers/STM32F4xx_HAL_Driver/Src/stm32f4xx_hal_cortex.o
 .ARM.attributes
                0x000003eb       0x34 ./Drivers/STM32F4xx_HAL_Driver/Src/stm32f4xx_hal_dma.o
 .ARM.attributes
                0x0000041f       0x34 ./Drivers/STM32F4xx_HAL_Driver/Src/stm32f4xx_hal_gpio.o
 .ARM.attributes
                0x00000453       0x34 ./Drivers/STM32F4xx_HAL_Driver/Src/stm32f4xx_hal_i2c.o
 .ARM.attributes
                0x00000487       0x34 ./Drivers/STM32F4xx_HAL_Driver/Src/stm32f4xx_hal_rcc.o
 .ARM.attributes
                0x000004bb       0x34 ./Drivers/STM32F4xx_HAL_Driver/Src/stm32f4xx_hal_tim.o
 .ARM.attributes
                0x000004ef       0x34 ./Drivers/STM32F4xx_HAL_Driver/Src/stm32f4xx_hal_tim_ex.o
 .ARM.attributes
                0x00000523       0x34 ./Drivers/STM32F4xx_HAL_Driver/Src/stm32f4xx_hal_uart.o
 .ARM.attributes
                0x00000557       0x34 /opt/st/stm32cubeide_1.16.0/plugins/com.st.stm32cube.ide.mcu.externaltools.gnu-tools-for-stm32.12.3.rel1.linux64_1.0.200.202406132123/tools/bin/../lib/gcc/arm-none-eabi/12.3.1/../../../../arm-none-eabi/lib/thumb/v7e-m+fp/hard/libc_nano.a(libc_a-memset.o)
 .ARM.attributes
                0x0000058b       0x34 /opt/st/stm32cubeide_1.16.0/plugins/com.st.stm32cube.ide.mcu.externaltools.gnu-tools-for-stm32.12.3.rel1.linux64_1.0.200.202406132123/tools/bin/../lib/gcc/arm-none-eabi/12.3.1/../../../../arm-none-eabi/lib/thumb/v7e-m+fp/hard/libc_nano.a(libc_a-init.o)
 .ARM.attributes
                0x000005bf       0x34 /opt/st/stm32cubeide_1.16.0/plugins/com.st.stm32cube.ide.mcu.externaltools.gnu-tools-for-stm32.12.3.rel1.linux64_1.0.200.202406132123/tools/bin/../lib/gcc/arm-none-eabi/12.3.1/../../../../arm-none-eabi/lib/thumb/v7e-m+fp/hard/libc_nano.a(libc_a-memcpy-stub.o)
 .ARM.attributes
                0x000005f3       0x22 /opt/st/stm32cubeide_1.16.0/plugins/com.st.stm32cube.ide.mcu.externaltools.gnu-tools-for-stm32.12.3.rel1.linux64_1.0.200.202406132123/tools/bin/../lib/gcc/arm-none-eabi/12.3.1/thumb/v7e-m+fp/hard/libgcc.a(_aeabi_uldivmod.o)
 .ARM.attributes
                0x00000615       0x34 /opt/st/stm32cubeide_1.16.0/plugins/com.st.stm32cube.ide.mcu.externaltools.gnu-tools-for-stm32.12.3.rel1.linux64_1.0.200.202406132123/tools/bin/../lib/gcc/arm-none-eabi/12.3.1/thumb/v7e-m+fp/hard/libgcc.a(_udivmoddi4.o)
 .ARM.attributes
                0x00000649       0x22 /opt/st/stm32cubeide_1.16.0/plugins/com.st.stm32cube.ide.mcu.externaltools.gnu-tools-for-stm32.12.3.rel1.linux64_1.0.200.202406132123/tools/bin/../lib/gcc/arm-none-eabi/12.3.1/thumb/v7e-m+fp/hard/libgcc.a(_dvmd_tls.o)
 .ARM.attributes
                0x0000066b       0x22 /opt/st/stm32cubeide_1.16.0/plugins/com.st.stm32cube.ide.mcu.externaltools.gnu-tools-for-stm32.12.3.rel1.linux64_1.0.200.202406132123/tools/bin/../lib/gcc/arm-none-eabi/12.3.1/thumb/v7e-m+fp/hard/crtn.o
OUTPUT(Smart_Lighting_System.elf elf32-littlearm)
LOAD linker stubs
LOAD /opt/st/stm32cubeide_1.16.0/plugins/com.st.stm32cube.ide.mcu.externaltools.gnu-tools-for-stm32.12.3.rel1.linux64_1.0.200.202406132123/tools/bin/../lib/gcc/arm-none-eabi/12.3.1/../../../../arm-none-eabi/lib/thumb/v7e-m+fp/hard/libc.a
LOAD /opt/st/stm32cubeide_1.16.0/plugins/com.st.stm32cube.ide.mcu.externaltools.gnu-tools-for-stm32.12.3.rel1.linux64_1.0.200.202406132123/tools/bin/../lib/gcc/arm-none-eabi/12.3.1/../../../../arm-none-eabi/lib/thumb/v7e-m+fp/hard/libm.a
LOAD /opt/st/stm32cubeide_1.16.0/plugins/com.st.stm32cube.ide.mcu.externaltools.gnu-tools-for-stm32.12.3.rel1.linux64_1.0.200.202406132123/tools/bin/../lib/gcc/arm-none-eabi/12.3.1/thumb/v7e-m+fp/hard/libgcc.a

.debug_info     0x00000000    0x142b8
 .debug_info    0x00000000     0x1aa9 ./Core/Src/main.o
 .debug_info    0x00001aa9     0x15ba ./Core/Src/stm32f4xx_hal_msp.o
 .debug_info    0x00003063      0xd30 ./Core/Src/stm32f4xx_it.o
 .debug_info    0x00003d93      0x53e ./Core/Src/system_stm32f4xx.o
 .debug_info    0x000042d1       0x30 ./Core/Startup/startup_stm32f411vetx.o
 .debug_info    0x00004301      0xa0e ./Drivers/Custom/Comm/Src/comm.o
 .debug_info    0x00004d0f      0x233 ./Drivers/Custom/Comm/Src/protocol.o
 .debug_info    0x00004f42      0x96d ./Drivers/Custom/Lights/Src/light.o
 .debug_info    0x000058af      0x7dc ./Drivers/Custom/Lights/Src/light_i2c.o
 .debug_info    0x0000608b      0x19b ./Drivers/Custom/Panic/Src/panic.o
 .debug_info    0x00006226       0xd8 ./Drivers/Custom/Panic/Src/panic_button.o
 .debug_info    0x000062fe      0x221 ./Drivers/Custom/Panic/Src/panic_buzzer.o
 .debug_info    0x0000651f      0x727 ./Drivers/Custom/Panic/Src/panic_timer.o
 .debug_info    0x00006c46      0x671 ./Drivers/Custom/Sensors/Src/sensors_light_sensor.o
 .debug_info    0x000072b7      0x2ee ./Drivers/Custom/Sensors/Src/sensors_movement_sensor.o
 .debug_info    0x000075a5      0x8c4 ./Drivers/STM32F4xx_HAL_Driver/Src/stm32f4xx_hal.o
 .debug_info    0x00007e69      0xcd1 ./Drivers/STM32F4xx_HAL_Driver/Src/stm32f4xx_hal_adc.o
 .debug_info    0x00008b3a      0xcc7 ./Drivers/STM32F4xx_HAL_Driver/Src/stm32f4xx_hal_cortex.o
 .debug_info    0x00009801      0x8e6 ./Drivers/STM32F4xx_HAL_Driver/Src/stm32f4xx_hal_dma.o
 .debug_info    0x0000a0e7      0x6f9 ./Drivers/STM32F4xx_HAL_Driver/Src/stm32f4xx_hal_gpio.o
 .debug_info    0x0000a7e0     0x2426 ./Drivers/STM32F4xx_HAL_Driver/Src/stm32f4xx_hal_i2c.o
 .debug_info    0x0000cc06      0x8f2 ./Drivers/STM32F4xx_HAL_Driver/Src/stm32f4xx_hal_rcc.o
 .debug_info    0x0000d4f8     0x2996 ./Drivers/STM32F4xx_HAL_Driver/Src/stm32f4xx_hal_tim.o
 .debug_info    0x0000fe8e     0x14d4 ./Drivers/STM32F4xx_HAL_Driver/Src/stm32f4xx_hal_tim_ex.o
 .debug_info    0x00011362     0x2f56 ./Drivers/STM32F4xx_HAL_Driver/Src/stm32f4xx_hal_uart.o

.debug_abbrev   0x00000000     0x2fe2
 .debug_abbrev  0x00000000      0x30b ./Core/Src/main.o
 .debug_abbrev  0x0000030b      0x25e ./Core/Src/stm32f4xx_hal_msp.o
 .debug_abbrev  0x00000569      0x1de ./Core/Src/stm32f4xx_it.o
 .debug_abbrev  0x00000747      0x11a ./Core/Src/system_stm32f4xx.o
 .debug_abbrev  0x00000861       0x24 ./Core/Startup/startup_stm32f411vetx.o
 .debug_abbrev  0x00000885      0x1eb ./Drivers/Custom/Comm/Src/comm.o
 .debug_abbrev  0x00000a70      0x141 ./Drivers/Custom/Comm/Src/protocol.o
 .debug_abbrev  0x00000bb1      0x279 ./Drivers/Custom/Lights/Src/light.o
 .debug_abbrev  0x00000e2a      0x202 ./Drivers/Custom/Lights/Src/light_i2c.o
 .debug_abbrev  0x0000102c       0xc6 ./Drivers/Custom/Panic/Src/panic.o
 .debug_abbrev  0x000010f2       0x80 ./Drivers/Custom/Panic/Src/panic_button.o
 .debug_abbrev  0x00001172      0x139 ./Drivers/Custom/Panic/Src/panic_buzzer.o
 .debug_abbrev  0x000012ab      0x1d8 ./Drivers/Custom/Panic/Src/panic_timer.o
 .debug_abbrev  0x00001483      0x161 ./Drivers/Custom/Sensors/Src/sensors_light_sensor.o
 .debug_abbrev  0x000015e4       0xdc ./Drivers/Custom/Sensors/Src/sensors_movement_sensor.o
 .debug_abbrev  0x000016c0      0x24b ./Drivers/STM32F4xx_HAL_Driver/Src/stm32f4xx_hal.o
 .debug_abbrev  0x0000190b      0x20e ./Drivers/STM32F4xx_HAL_Driver/Src/stm32f4xx_hal_adc.o
 .debug_abbrev  0x00001b19      0x328 ./Drivers/STM32F4xx_HAL_Driver/Src/stm32f4xx_hal_cortex.o
 .debug_abbrev  0x00001e41      0x221 ./Drivers/STM32F4xx_HAL_Driver/Src/stm32f4xx_hal_dma.o
 .debug_abbrev  0x00002062      0x1d3 ./Drivers/STM32F4xx_HAL_Driver/Src/stm32f4xx_hal_gpio.o
 .debug_abbrev  0x00002235      0x2bc ./Drivers/STM32F4xx_HAL_Driver/Src/stm32f4xx_hal_i2c.o
 .debug_abbrev  0x000024f1      0x2b5 ./Drivers/STM32F4xx_HAL_Driver/Src/stm32f4xx_hal_rcc.o
 .debug_abbrev  0x000027a6      0x28b ./Drivers/STM32F4xx_HAL_Driver/Src/stm32f4xx_hal_tim.o
 .debug_abbrev  0x00002a31      0x296 ./Drivers/STM32F4xx_HAL_Driver/Src/stm32f4xx_hal_tim_ex.o
 .debug_abbrev  0x00002cc7      0x31b ./Drivers/STM32F4xx_HAL_Driver/Src/stm32f4xx_hal_uart.o

.debug_aranges  0x00000000     0x12b0
 .debug_aranges
                0x00000000       0x88 ./Core/Src/main.o
 .debug_aranges
                0x00000088       0x60 ./Core/Src/stm32f4xx_hal_msp.o
 .debug_aranges
                0x000000e8       0xb0 ./Core/Src/stm32f4xx_it.o
 .debug_aranges
                0x00000198       0x28 ./Core/Src/system_stm32f4xx.o
 .debug_aranges
                0x000001c0       0x28 ./Core/Startup/startup_stm32f411vetx.o
 .debug_aranges
                0x000001e8       0x30 ./Drivers/Custom/Comm/Src/comm.o
 .debug_aranges
                0x00000218       0x20 ./Drivers/Custom/Comm/Src/protocol.o
 .debug_aranges
                0x00000238       0x80 ./Drivers/Custom/Lights/Src/light.o
 .debug_aranges
                0x000002b8       0x38 ./Drivers/Custom/Lights/Src/light_i2c.o
 .debug_aranges
                0x000002f0       0x40 ./Drivers/Custom/Panic/Src/panic.o
 .debug_aranges
                0x00000330       0x30 ./Drivers/Custom/Panic/Src/panic_button.o
 .debug_aranges
                0x00000360       0x40 ./Drivers/Custom/Panic/Src/panic_buzzer.o
 .debug_aranges
                0x000003a0       0x48 ./Drivers/Custom/Panic/Src/panic_timer.o
 .debug_aranges
                0x000003e8       0x38 ./Drivers/Custom/Sensors/Src/sensors_light_sensor.o
 .debug_aranges
                0x00000420       0x40 ./Drivers/Custom/Sensors/Src/sensors_movement_sensor.o
 .debug_aranges
                0x00000460       0xf0 ./Drivers/STM32F4xx_HAL_Driver/Src/stm32f4xx_hal.o
 .debug_aranges
                0x00000550       0xe8 ./Drivers/STM32F4xx_HAL_Driver/Src/stm32f4xx_hal_adc.o
 .debug_aranges
                0x00000638      0x120 ./Drivers/STM32F4xx_HAL_Driver/Src/stm32f4xx_hal_cortex.o
 .debug_aranges
                0x00000758       0x90 ./Drivers/STM32F4xx_HAL_Driver/Src/stm32f4xx_hal_dma.o
 .debug_aranges
                0x000007e8       0x58 ./Drivers/STM32F4xx_HAL_Driver/Src/stm32f4xx_hal_gpio.o
 .debug_aranges
                0x00000840      0x2a8 ./Drivers/STM32F4xx_HAL_Driver/Src/stm32f4xx_hal_i2c.o
 .debug_aranges
                0x00000ae8       0x88 ./Drivers/STM32F4xx_HAL_Driver/Src/stm32f4xx_hal_rcc.o
 .debug_aranges
                0x00000b70      0x3d0 ./Drivers/STM32F4xx_HAL_Driver/Src/stm32f4xx_hal_tim.o
 .debug_aranges
                0x00000f40      0x168 ./Drivers/STM32F4xx_HAL_Driver/Src/stm32f4xx_hal_tim_ex.o
 .debug_aranges
                0x000010a8      0x208 ./Drivers/STM32F4xx_HAL_Driver/Src/stm32f4xx_hal_uart.o

.debug_rnglists
                0x00000000      0xe90
 .debug_rnglists
                0x00000000       0x66 ./Core/Src/main.o
 .debug_rnglists
                0x00000066       0x48 ./Core/Src/stm32f4xx_hal_msp.o
 .debug_rnglists
                0x000000ae       0x7f ./Core/Src/stm32f4xx_it.o
 .debug_rnglists
                0x0000012d       0x1a ./Core/Src/system_stm32f4xx.o
 .debug_rnglists
                0x00000147       0x19 ./Core/Startup/startup_stm32f411vetx.o
 .debug_rnglists
                0x00000160       0x1f ./Drivers/Custom/Comm/Src/comm.o
 .debug_rnglists
                0x0000017f       0x14 ./Drivers/Custom/Comm/Src/protocol.o
 .debug_rnglists
                0x00000193       0x5c ./Drivers/Custom/Lights/Src/light.o
 .debug_rnglists
                0x000001ef       0x26 ./Drivers/Custom/Lights/Src/light_i2c.o
 .debug_rnglists
                0x00000215       0x2c ./Drivers/Custom/Panic/Src/panic.o
 .debug_rnglists
                0x00000241       0x1f ./Drivers/Custom/Panic/Src/panic_button.o
 .debug_rnglists
                0x00000260       0x2b ./Drivers/Custom/Panic/Src/panic_buzzer.o
 .debug_rnglists
                0x0000028b       0x31 ./Drivers/Custom/Panic/Src/panic_timer.o
 .debug_rnglists
                0x000002bc       0x25 ./Drivers/Custom/Sensors/Src/sensors_light_sensor.o
 .debug_rnglists
                0x000002e1       0x2b ./Drivers/Custom/Sensors/Src/sensors_movement_sensor.o
 .debug_rnglists
                0x0000030c       0xaf ./Drivers/STM32F4xx_HAL_Driver/Src/stm32f4xx_hal.o
 .debug_rnglists
                0x000003bb       0xb5 ./Drivers/STM32F4xx_HAL_Driver/Src/stm32f4xx_hal_adc.o
 .debug_rnglists
                0x00000470       0xd4 ./Drivers/STM32F4xx_HAL_Driver/Src/stm32f4xx_hal_cortex.o
 .debug_rnglists
                0x00000544       0x70 ./Drivers/STM32F4xx_HAL_Driver/Src/stm32f4xx_hal_dma.o
 .debug_rnglists
                0x000005b4       0x3f ./Drivers/STM32F4xx_HAL_Driver/Src/stm32f4xx_hal_gpio.o
 .debug_rnglists
                0x000005f3      0x23c ./Drivers/STM32F4xx_HAL_Driver/Src/stm32f4xx_hal_i2c.o
 .debug_rnglists
                0x0000082f       0x66 ./Drivers/STM32F4xx_HAL_Driver/Src/stm32f4xx_hal_rcc.o
 .debug_rnglists
                0x00000895      0x31a ./Drivers/STM32F4xx_HAL_Driver/Src/stm32f4xx_hal_tim.o
 .debug_rnglists
                0x00000baf      0x125 ./Drivers/STM32F4xx_HAL_Driver/Src/stm32f4xx_hal_tim_ex.o
 .debug_rnglists
                0x00000cd4      0x1bc ./Drivers/STM32F4xx_HAL_Driver/Src/stm32f4xx_hal_uart.o

.debug_macro    0x00000000    0x18df8
 .debug_macro   0x00000000      0x27c ./Core/Src/main.o
 .debug_macro   0x0000027c      0xab4 ./Core/Src/main.o
 .debug_macro   0x00000d30      0x2a7 ./Core/Src/main.o
 .debug_macro   0x00000fd7       0x2e ./Core/Src/main.o
 .debug_macro   0x00001005       0x28 ./Core/Src/main.o
 .debug_macro   0x0000102d       0x22 ./Core/Src/main.o
 .debug_macro   0x0000104f       0x8e ./Core/Src/main.o
 .debug_macro   0x000010dd       0x51 ./Core/Src/main.o
 .debug_macro   0x0000112e      0x103 ./Core/Src/main.o
 .debug_macro   0x00001231       0x6a ./Core/Src/main.o
 .debug_macro   0x0000129b      0x1df ./Core/Src/main.o
 .debug_macro   0x0000147a       0x1c ./Core/Src/main.o
 .debug_macro   0x00001496       0x22 ./Core/Src/main.o
 .debug_macro   0x000014b8       0xfb ./Core/Src/main.o
 .debug_macro   0x000015b3     0x1011 ./Core/Src/main.o
 .debug_macro   0x000025c4      0x11f ./Core/Src/main.o
 .debug_macro   0x000026e3     0xb953 ./Core/Src/main.o
 .debug_macro   0x0000e036       0x6d ./Core/Src/main.o
 .debug_macro   0x0000e0a3     0x368c ./Core/Src/main.o
 .debug_macro   0x0001172f      0x189 ./Core/Src/main.o
 .debug_macro   0x000118b8       0x5c ./Core/Src/main.o
 .debug_macro   0x00011914      0x45c ./Core/Src/main.o
 .debug_macro   0x00011d70      0x9e9 ./Core/Src/main.o
 .debug_macro   0x00012759      0x115 ./Core/Src/main.o
 .debug_macro   0x0001286e      0x11b ./Core/Src/main.o
 .debug_macro   0x00012989       0xa5 ./Core/Src/main.o
 .debug_macro   0x00012a2e      0x15f ./Core/Src/main.o
 .debug_macro   0x00012b8d      0x287 ./Core/Src/main.o
 .debug_macro   0x00012e14       0x5f ./Core/Src/main.o
 .debug_macro   0x00012e73      0x236 ./Core/Src/main.o
 .debug_macro   0x000130a9      0x9e1 ./Core/Src/main.o
 .debug_macro   0x00013a8a      0x38b ./Core/Src/main.o
 .debug_macro   0x00013e15      0x17d ./Core/Src/main.o
 .debug_macro   0x00013f92       0xf9 ./Core/Src/main.o
 .debug_macro   0x0001408b      0x132 ./Core/Src/main.o
 .debug_macro   0x000141bd      0x264 ./Core/Src/main.o
 .debug_macro   0x00014421       0x2e ./Core/Src/main.o
 .debug_macro   0x0001444f      0x1b5 ./Core/Src/main.o
 .debug_macro   0x00014604       0x22 ./Core/Src/main.o
 .debug_macro   0x00014626       0xd6 ./Core/Src/main.o
 .debug_macro   0x000146fc      0x127 ./Core/Src/main.o
 .debug_macro   0x00014823       0x85 ./Core/Src/main.o
 .debug_macro   0x000148a8       0x89 ./Core/Src/main.o
 .debug_macro   0x00014931      0x8ed ./Core/Src/main.o
 .debug_macro   0x0001521e       0x47 ./Core/Src/main.o
 .debug_macro   0x00015265      0x2aa ./Core/Src/main.o
 .debug_macro   0x0001550f      0x126 ./Core/Src/main.o
 .debug_macro   0x00015635       0x94 ./Core/Src/main.o
 .debug_macro   0x000156c9       0x1c ./Core/Src/main.o
 .debug_macro   0x000156e5       0x16 ./Core/Src/main.o
 .debug_macro   0x000156fb       0x10 ./Core/Src/main.o
 .debug_macro   0x0001570b       0x1c ./Core/Src/main.o
 .debug_macro   0x00015727      0x198 ./Core/Src/main.o
 .debug_macro   0x000158bf       0x16 ./Core/Src/main.o
 .debug_macro   0x000158d5       0x64 ./Core/Src/main.o
 .debug_macro   0x00015939       0x1c ./Core/Src/main.o
 .debug_macro   0x00015955      0x21e ./Core/Src/stm32f4xx_hal_msp.o
 .debug_macro   0x00015b73      0x228 ./Core/Src/stm32f4xx_it.o
 .debug_macro   0x00015d9b      0x20f ./Core/Src/system_stm32f4xx.o
 .debug_macro   0x00015faa      0x22b ./Drivers/Custom/Comm/Src/comm.o
 .debug_macro   0x000161d5      0x25e ./Drivers/Custom/Comm/Src/protocol.o
 .debug_macro   0x00016433      0x314 ./Drivers/Custom/Lights/Src/light.o
 .debug_macro   0x00016747       0x9a ./Drivers/Custom/Lights/Src/light.o
 .debug_macro   0x000167e1       0x16 ./Drivers/Custom/Lights/Src/light.o
 .debug_macro   0x000167f7       0x61 ./Drivers/Custom/Lights/Src/light.o
 .debug_macro   0x00016858       0x10 ./Drivers/Custom/Lights/Src/light.o
 .debug_macro   0x00016868       0x20 ./Drivers/Custom/Lights/Src/light.o
 .debug_macro   0x00016888      0x2e6 ./Drivers/Custom/Lights/Src/light_i2c.o
 .debug_macro   0x00016b6e       0x56 ./Drivers/Custom/Lights/Src/light_i2c.o
 .debug_macro   0x00016bc4      0x23c ./Drivers/Custom/Panic/Src/panic.o
 .debug_macro   0x00016e00      0x218 ./Drivers/Custom/Panic/Src/panic_button.o
 .debug_macro   0x00017018      0x218 ./Drivers/Custom/Panic/Src/panic_buzzer.o
 .debug_macro   0x00017230      0x221 ./Drivers/Custom/Panic/Src/panic_timer.o
 .debug_macro   0x00017451      0x218 ./Drivers/Custom/Sensors/Src/sensors_light_sensor.o
 .debug_macro   0x00017669      0x218 ./Drivers/Custom/Sensors/Src/sensors_movement_sensor.o
 .debug_macro   0x00017881      0x26f ./Drivers/STM32F4xx_HAL_Driver/Src/stm32f4xx_hal.o
 .debug_macro   0x00017af0      0x210 ./Drivers/STM32F4xx_HAL_Driver/Src/stm32f4xx_hal_adc.o
 .debug_macro   0x00017d00      0x20f ./Drivers/STM32F4xx_HAL_Driver/Src/stm32f4xx_hal_cortex.o
 .debug_macro   0x00017f0f      0x215 ./Drivers/STM32F4xx_HAL_Driver/Src/stm32f4xx_hal_dma.o
 .debug_macro   0x00018124      0x215 ./Drivers/STM32F4xx_HAL_Driver/Src/stm32f4xx_hal_gpio.o
 .debug_macro   0x00018339      0x25d ./Drivers/STM32F4xx_HAL_Driver/Src/stm32f4xx_hal_i2c.o
 .debug_macro   0x00018596      0x233 ./Drivers/STM32F4xx_HAL_Driver/Src/stm32f4xx_hal_rcc.o
 .debug_macro   0x000187c9      0x210 ./Drivers/STM32F4xx_HAL_Driver/Src/stm32f4xx_hal_tim.o
 .debug_macro   0x000189d9      0x20f ./Drivers/STM32F4xx_HAL_Driver/Src/stm32f4xx_hal_tim_ex.o
 .debug_macro   0x00018be8      0x210 ./Drivers/STM32F4xx_HAL_Driver/Src/stm32f4xx_hal_uart.o

.debug_line     0x00000000    0x17a9e
 .debug_line    0x00000000      0xb4e ./Core/Src/main.o
 .debug_line    0x00000b4e      0x8c3 ./Core/Src/stm32f4xx_hal_msp.o
 .debug_line    0x00001411      0x8be ./Core/Src/stm32f4xx_it.o
 .debug_line    0x00001ccf      0x790 ./Core/Src/system_stm32f4xx.o
 .debug_line    0x0000245f       0x7a ./Core/Startup/startup_stm32f411vetx.o
 .debug_line    0x000024d9      0x76a ./Drivers/Custom/Comm/Src/comm.o
 .debug_line    0x00002c43      0x82a ./Drivers/Custom/Comm/Src/protocol.o
 .debug_line    0x0000346d      0xb24 ./Drivers/Custom/Lights/Src/light.o
 .debug_line    0x00003f91      0x918 ./Drivers/Custom/Lights/Src/light_i2c.o
 .debug_line    0x000048a9      0x818 ./Drivers/Custom/Panic/Src/panic.o
 .debug_line    0x000050c1      0x76b ./Drivers/Custom/Panic/Src/panic_button.o
 .debug_line    0x0000582c      0x7a0 ./Drivers/Custom/Panic/Src/panic_buzzer.o
 .debug_line    0x00005fcc      0x7cc ./Drivers/Custom/Panic/Src/panic_timer.o
 .debug_line    0x00006798      0x7ae ./Drivers/Custom/Sensors/Src/sensors_light_sensor.o
 .debug_line    0x00006f46      0x7b4 ./Drivers/Custom/Sensors/Src/sensors_movement_sensor.o
 .debug_line    0x000076fa      0x9f9 ./Drivers/STM32F4xx_HAL_Driver/Src/stm32f4xx_hal.o
 .debug_line    0x000080f3     0x11c1 ./Drivers/STM32F4xx_HAL_Driver/Src/stm32f4xx_hal_adc.o
 .debug_line    0x000092b4      0xcc1 ./Drivers/STM32F4xx_HAL_Driver/Src/stm32f4xx_hal_cortex.o
 .debug_line    0x00009f75      0xf69 ./Drivers/STM32F4xx_HAL_Driver/Src/stm32f4xx_hal_dma.o
 .debug_line    0x0000aede      0xb49 ./Drivers/STM32F4xx_HAL_Driver/Src/stm32f4xx_hal_gpio.o
 .debug_line    0x0000ba27     0x3b3f ./Drivers/STM32F4xx_HAL_Driver/Src/stm32f4xx_hal_i2c.o
 .debug_line    0x0000f566      0xd6c ./Drivers/STM32F4xx_HAL_Driver/Src/stm32f4xx_hal_rcc.o
 .debug_line    0x000102d2     0x3577 ./Drivers/STM32F4xx_HAL_Driver/Src/stm32f4xx_hal_tim.o
 .debug_line    0x00013849     0x198a ./Drivers/STM32F4xx_HAL_Driver/Src/stm32f4xx_hal_tim_ex.o
 .debug_line    0x000151d3     0x28cb ./Drivers/STM32F4xx_HAL_Driver/Src/stm32f4xx_hal_uart.o

.debug_str      0x00000000    0x9d0d0
 .debug_str     0x00000000    0x95fd9 ./Core/Src/main.o
                              0x963e8 (size before relaxing)
 .debug_str     0x00095fd9      0x137 ./Core/Src/stm32f4xx_hal_msp.o
                              0x9556c (size before relaxing)
 .debug_str     0x00096110      0x213 ./Core/Src/stm32f4xx_it.o
                              0x94f4f (size before relaxing)
 .debug_str     0x00096323       0xdb ./Core/Src/system_stm32f4xx.o
                              0x942b4 (size before relaxing)
 .debug_str     0x000963fe       0x44 ./Core/Startup/startup_stm32f411vetx.o
                                 0x97 (size before relaxing)
 .debug_str     0x00096442       0xb1 ./Drivers/Custom/Comm/Src/comm.o
                              0x94b04 (size before relaxing)
 .debug_str     0x000964f3       0xa3 ./Drivers/Custom/Comm/Src/protocol.o
                              0x94c5a (size before relaxing)
 .debug_str     0x00096596     0x33a3 ./Drivers/Custom/Lights/Src/light.o
                              0x984bb (size before relaxing)
 .debug_str     0x00099939       0x99 ./Drivers/Custom/Lights/Src/light_i2c.o
                              0x97e9d (size before relaxing)
 .debug_str     0x000999d2      0x125 ./Drivers/Custom/Panic/Src/panic.o
                              0x94353 (size before relaxing)
 .debug_str     0x00099af7       0x40 ./Drivers/Custom/Panic/Src/panic_button.o
                              0x9418d (size before relaxing)
 .debug_str     0x00099b37       0x6f ./Drivers/Custom/Panic/Src/panic_buzzer.o
                              0x9429c (size before relaxing)
 .debug_str     0x00099ba6       0x37 ./Drivers/Custom/Panic/Src/panic_timer.o
                              0x947f9 (size before relaxing)
 .debug_str     0x00099bdd       0xad ./Drivers/Custom/Sensors/Src/sensors_light_sensor.o
                              0x9466a (size before relaxing)
 .debug_str     0x00099c8a       0x51 ./Drivers/Custom/Sensors/Src/sensors_movement_sensor.o
                              0x94625 (size before relaxing)
 .debug_str     0x00099cdb      0x5fa ./Drivers/STM32F4xx_HAL_Driver/Src/stm32f4xx_hal.o
                              0x94ce0 (size before relaxing)
 .debug_str     0x0009a2d5      0x273 ./Drivers/STM32F4xx_HAL_Driver/Src/stm32f4xx_hal_adc.o
                              0x9488f (size before relaxing)
 .debug_str     0x0009a548      0x31e ./Drivers/STM32F4xx_HAL_Driver/Src/stm32f4xx_hal_cortex.o
                              0x94a18 (size before relaxing)
 .debug_str     0x0009a866      0x2d5 ./Drivers/STM32F4xx_HAL_Driver/Src/stm32f4xx_hal_dma.o
                              0x946bc (size before relaxing)
 .debug_str     0x0009ab3b       0xe8 ./Drivers/STM32F4xx_HAL_Driver/Src/stm32f4xx_hal_gpio.o
                              0x9442f (size before relaxing)
 .debug_str     0x0009ac23      0xac5 ./Drivers/STM32F4xx_HAL_Driver/Src/stm32f4xx_hal_i2c.o
                              0x952c5 (size before relaxing)
 .debug_str     0x0009b6e8      0x213 ./Drivers/STM32F4xx_HAL_Driver/Src/stm32f4xx_hal_rcc.o
                              0x946e8 (size before relaxing)
 .debug_str     0x0009b8fb      0xd90 ./Drivers/STM32F4xx_HAL_Driver/Src/stm32f4xx_hal_tim.o
                              0x9562c (size before relaxing)
 .debug_str     0x0009c68b      0x493 ./Drivers/STM32F4xx_HAL_Driver/Src/stm32f4xx_hal_tim_ex.o
                              0x94e38 (size before relaxing)
 .debug_str     0x0009cb1e      0x5b2 ./Drivers/STM32F4xx_HAL_Driver/Src/stm32f4xx_hal_uart.o
                              0x94cb7 (size before relaxing)

.comment        0x00000000       0x43
 .comment       0x00000000       0x43 ./Core/Src/main.o
                                 0x44 (size before relaxing)
 .comment       0x00000043       0x44 ./Core/Src/stm32f4xx_hal_msp.o
 .comment       0x00000043       0x44 ./Core/Src/stm32f4xx_it.o
 .comment       0x00000043       0x44 ./Core/Src/system_stm32f4xx.o
 .comment       0x00000043       0x44 ./Drivers/Custom/Comm/Src/comm.o
 .comment       0x00000043       0x44 ./Drivers/Custom/Comm/Src/protocol.o
 .comment       0x00000043       0x44 ./Drivers/Custom/Lights/Src/light.o
 .comment       0x00000043       0x44 ./Drivers/Custom/Lights/Src/light_i2c.o
 .comment       0x00000043       0x44 ./Drivers/Custom/Panic/Src/panic.o
 .comment       0x00000043       0x44 ./Drivers/Custom/Panic/Src/panic_button.o
 .comment       0x00000043       0x44 ./Drivers/Custom/Panic/Src/panic_buzzer.o
 .comment       0x00000043       0x44 ./Drivers/Custom/Panic/Src/panic_timer.o
 .comment       0x00000043       0x44 ./Drivers/Custom/Sensors/Src/sensors_light_sensor.o
 .comment       0x00000043       0x44 ./Drivers/Custom/Sensors/Src/sensors_movement_sensor.o
 .comment       0x00000043       0x44 ./Drivers/STM32F4xx_HAL_Driver/Src/stm32f4xx_hal.o
 .comment       0x00000043       0x44 ./Drivers/STM32F4xx_HAL_Driver/Src/stm32f4xx_hal_adc.o
 .comment       0x00000043       0x44 ./Drivers/STM32F4xx_HAL_Driver/Src/stm32f4xx_hal_cortex.o
 .comment       0x00000043       0x44 ./Drivers/STM32F4xx_HAL_Driver/Src/stm32f4xx_hal_dma.o
 .comment       0x00000043       0x44 ./Drivers/STM32F4xx_HAL_Driver/Src/stm32f4xx_hal_gpio.o
 .comment       0x00000043       0x44 ./Drivers/STM32F4xx_HAL_Driver/Src/stm32f4xx_hal_i2c.o
 .comment       0x00000043       0x44 ./Drivers/STM32F4xx_HAL_Driver/Src/stm32f4xx_hal_rcc.o
 .comment       0x00000043       0x44 ./Drivers/STM32F4xx_HAL_Driver/Src/stm32f4xx_hal_tim.o
 .comment       0x00000043       0x44 ./Drivers/STM32F4xx_HAL_Driver/Src/stm32f4xx_hal_tim_ex.o
 .comment       0x00000043       0x44 ./Drivers/STM32F4xx_HAL_Driver/Src/stm32f4xx_hal_uart.o

.debug_frame    0x00000000     0x4cc0
 .debug_frame   0x00000000      0x1dc ./Core/Src/main.o
 .debug_frame   0x000001dc      0x154 ./Core/Src/stm32f4xx_hal_msp.o
 .debug_frame   0x00000330      0x21c ./Core/Src/stm32f4xx_it.o
 .debug_frame   0x0000054c       0x58 ./Core/Src/system_stm32f4xx.o
 .debug_frame   0x000005a4       0x74 ./Drivers/Custom/Comm/Src/comm.o
 .debug_frame   0x00000618       0x34 ./Drivers/Custom/Comm/Src/protocol.o
 .debug_frame   0x0000064c      0x1ac ./Drivers/Custom/Lights/Src/light.o
 .debug_frame   0x000007f8       0xb0 ./Drivers/Custom/Lights/Src/light_i2c.o
 .debug_frame   0x000008a8       0xa8 ./Drivers/Custom/Panic/Src/panic.o
 .debug_frame   0x00000950       0x70 ./Drivers/Custom/Panic/Src/panic_button.o
 .debug_frame   0x000009c0       0xa8 ./Drivers/Custom/Panic/Src/panic_buzzer.o
 .debug_frame   0x00000a68       0xc8 ./Drivers/Custom/Panic/Src/panic_timer.o
 .debug_frame   0x00000b30       0x94 ./Drivers/Custom/Sensors/Src/sensors_light_sensor.o
 .debug_frame   0x00000bc4       0xa8 ./Drivers/Custom/Sensors/Src/sensors_movement_sensor.o
 .debug_frame   0x00000c6c      0x374 ./Drivers/STM32F4xx_HAL_Driver/Src/stm32f4xx_hal.o
 .debug_frame   0x00000fe0      0x3fc ./Drivers/STM32F4xx_HAL_Driver/Src/stm32f4xx_hal_adc.o
 .debug_frame   0x000013dc      0x4b8 ./Drivers/STM32F4xx_HAL_Driver/Src/stm32f4xx_hal_cortex.o
 .debug_frame   0x00001894      0x250 ./Drivers/STM32F4xx_HAL_Driver/Src/stm32f4xx_hal_dma.o
 .debug_frame   0x00001ae4      0x14c ./Drivers/STM32F4xx_HAL_Driver/Src/stm32f4xx_hal_gpio.o
 .debug_frame   0x00001c30      0xc84 ./Drivers/STM32F4xx_HAL_Driver/Src/stm32f4xx_hal_i2c.o
 .debug_frame   0x000028b4      0x1f4 ./Drivers/STM32F4xx_HAL_Driver/Src/stm32f4xx_hal_rcc.o
 .debug_frame   0x00002aa8     0x11b8 ./Drivers/STM32F4xx_HAL_Driver/Src/stm32f4xx_hal_tim.o
 .debug_frame   0x00003c60      0x638 ./Drivers/STM32F4xx_HAL_Driver/Src/stm32f4xx_hal_tim_ex.o
 .debug_frame   0x00004298      0x954 ./Drivers/STM32F4xx_HAL_Driver/Src/stm32f4xx_hal_uart.o
 .debug_frame   0x00004bec       0x20 /opt/st/stm32cubeide_1.16.0/plugins/com.st.stm32cube.ide.mcu.externaltools.gnu-tools-for-stm32.12.3.rel1.linux64_1.0.200.202406132123/tools/bin/../lib/gcc/arm-none-eabi/12.3.1/../../../../arm-none-eabi/lib/thumb/v7e-m+fp/hard/libc_nano.a(libc_a-memset.o)
 .debug_frame   0x00004c0c       0x2c /opt/st/stm32cubeide_1.16.0/plugins/com.st.stm32cube.ide.mcu.externaltools.gnu-tools-for-stm32.12.3.rel1.linux64_1.0.200.202406132123/tools/bin/../lib/gcc/arm-none-eabi/12.3.1/../../../../arm-none-eabi/lib/thumb/v7e-m+fp/hard/libc_nano.a(libc_a-init.o)
 .debug_frame   0x00004c38       0x28 /opt/st/stm32cubeide_1.16.0/plugins/com.st.stm32cube.ide.mcu.externaltools.gnu-tools-for-stm32.12.3.rel1.linux64_1.0.200.202406132123/tools/bin/../lib/gcc/arm-none-eabi/12.3.1/../../../../arm-none-eabi/lib/thumb/v7e-m+fp/hard/libc_nano.a(libc_a-memcpy-stub.o)
 .debug_frame   0x00004c60       0x2c /opt/st/stm32cubeide_1.16.0/plugins/com.st.stm32cube.ide.mcu.externaltools.gnu-tools-for-stm32.12.3.rel1.linux64_1.0.200.202406132123/tools/bin/../lib/gcc/arm-none-eabi/12.3.1/thumb/v7e-m+fp/hard/libgcc.a(_aeabi_uldivmod.o)
 .debug_frame   0x00004c8c       0x34 /opt/st/stm32cubeide_1.16.0/plugins/com.st.stm32cube.ide.mcu.externaltools.gnu-tools-for-stm32.12.3.rel1.linux64_1.0.200.202406132123/tools/bin/../lib/gcc/arm-none-eabi/12.3.1/thumb/v7e-m+fp/hard/libgcc.a(_udivmoddi4.o)

.debug_line_str
                0x00000000       0x7b
 .debug_line_str
                0x00000000       0x7b ./Core/Startup/startup_stm32f411vetx.o
