Archive member included to satisfy reference by file (symbol)

C:/ST/STM32CubeIDE_1.16.0/STM32CubeIDE/plugins/com.st.stm32cube.ide.mcu.externaltools.gnu-tools-for-stm32.12.3.rel1.win32_1.0.200.202406191623/tools/bin/../lib/gcc/arm-none-eabi/12.3.1/../../../../arm-none-eabi/lib/thumb/v7e-m+fp/hard\libc_nano.a(libc_a-exit.o)
                              C:/ST/STM32CubeIDE_1.16.0/STM32CubeIDE/plugins/com.st.stm32cube.ide.mcu.externaltools.gnu-tools-for-stm32.12.3.rel1.win32_1.0.200.202406191623/tools/bin/../lib/gcc/arm-none-eabi/12.3.1/../../../../arm-none-eabi/lib/thumb/v7e-m+fp/hard/crt0.o (exit)
C:/ST/STM32CubeIDE_1.16.0/STM32CubeIDE/plugins/com.st.stm32cube.ide.mcu.externaltools.gnu-tools-for-stm32.12.3.rel1.win32_1.0.200.202406191623/tools/bin/../lib/gcc/arm-none-eabi/12.3.1/../../../../arm-none-eabi/lib/thumb/v7e-m+fp/hard\libc_nano.a(libc_a-findfp.o)
                              C:/ST/STM32CubeIDE_1.16.0/STM32CubeIDE/plugins/com.st.stm32cube.ide.mcu.externaltools.gnu-tools-for-stm32.12.3.rel1.win32_1.0.200.202406191623/tools/bin/../lib/gcc/arm-none-eabi/12.3.1/../../../../arm-none-eabi/lib/thumb/v7e-m+fp/hard\libc_nano.a(libc_a-exit.o) (__stdio_exit_handler)
C:/ST/STM32CubeIDE_1.16.0/STM32CubeIDE/plugins/com.st.stm32cube.ide.mcu.externaltools.gnu-tools-for-stm32.12.3.rel1.win32_1.0.200.202406191623/tools/bin/../lib/gcc/arm-none-eabi/12.3.1/../../../../arm-none-eabi/lib/thumb/v7e-m+fp/hard\libc_nano.a(libc_a-fwalk.o)
                              C:/ST/STM32CubeIDE_1.16.0/STM32CubeIDE/plugins/com.st.stm32cube.ide.mcu.externaltools.gnu-tools-for-stm32.12.3.rel1.win32_1.0.200.202406191623/tools/bin/../lib/gcc/arm-none-eabi/12.3.1/../../../../arm-none-eabi/lib/thumb/v7e-m+fp/hard\libc_nano.a(libc_a-findfp.o) (_fwalk_sglue)
C:/ST/STM32CubeIDE_1.16.0/STM32CubeIDE/plugins/com.st.stm32cube.ide.mcu.externaltools.gnu-tools-for-stm32.12.3.rel1.win32_1.0.200.202406191623/tools/bin/../lib/gcc/arm-none-eabi/12.3.1/../../../../arm-none-eabi/lib/thumb/v7e-m+fp/hard\libc_nano.a(libc_a-stdio.o)
                              C:/ST/STM32CubeIDE_1.16.0/STM32CubeIDE/plugins/com.st.stm32cube.ide.mcu.externaltools.gnu-tools-for-stm32.12.3.rel1.win32_1.0.200.202406191623/tools/bin/../lib/gcc/arm-none-eabi/12.3.1/../../../../arm-none-eabi/lib/thumb/v7e-m+fp/hard\libc_nano.a(libc_a-findfp.o) (__sread)
C:/ST/STM32CubeIDE_1.16.0/STM32CubeIDE/plugins/com.st.stm32cube.ide.mcu.externaltools.gnu-tools-for-stm32.12.3.rel1.win32_1.0.200.202406191623/tools/bin/../lib/gcc/arm-none-eabi/12.3.1/../../../../arm-none-eabi/lib/thumb/v7e-m+fp/hard\libc_nano.a(libc_a-memset.o)
                              C:/ST/STM32CubeIDE_1.16.0/STM32CubeIDE/plugins/com.st.stm32cube.ide.mcu.externaltools.gnu-tools-for-stm32.12.3.rel1.win32_1.0.200.202406191623/tools/bin/../lib/gcc/arm-none-eabi/12.3.1/../../../../arm-none-eabi/lib/thumb/v7e-m+fp/hard/crt0.o (memset)
C:/ST/STM32CubeIDE_1.16.0/STM32CubeIDE/plugins/com.st.stm32cube.ide.mcu.externaltools.gnu-tools-for-stm32.12.3.rel1.win32_1.0.200.202406191623/tools/bin/../lib/gcc/arm-none-eabi/12.3.1/../../../../arm-none-eabi/lib/thumb/v7e-m+fp/hard\libc_nano.a(libc_a-closer.o)
                              C:/ST/STM32CubeIDE_1.16.0/STM32CubeIDE/plugins/com.st.stm32cube.ide.mcu.externaltools.gnu-tools-for-stm32.12.3.rel1.win32_1.0.200.202406191623/tools/bin/../lib/gcc/arm-none-eabi/12.3.1/../../../../arm-none-eabi/lib/thumb/v7e-m+fp/hard\libc_nano.a(libc_a-stdio.o) (_close_r)
C:/ST/STM32CubeIDE_1.16.0/STM32CubeIDE/plugins/com.st.stm32cube.ide.mcu.externaltools.gnu-tools-for-stm32.12.3.rel1.win32_1.0.200.202406191623/tools/bin/../lib/gcc/arm-none-eabi/12.3.1/../../../../arm-none-eabi/lib/thumb/v7e-m+fp/hard\libc_nano.a(libc_a-reent.o)
                              C:/ST/STM32CubeIDE_1.16.0/STM32CubeIDE/plugins/com.st.stm32cube.ide.mcu.externaltools.gnu-tools-for-stm32.12.3.rel1.win32_1.0.200.202406191623/tools/bin/../lib/gcc/arm-none-eabi/12.3.1/../../../../arm-none-eabi/lib/thumb/v7e-m+fp/hard\libc_nano.a(libc_a-closer.o) (errno)
C:/ST/STM32CubeIDE_1.16.0/STM32CubeIDE/plugins/com.st.stm32cube.ide.mcu.externaltools.gnu-tools-for-stm32.12.3.rel1.win32_1.0.200.202406191623/tools/bin/../lib/gcc/arm-none-eabi/12.3.1/../../../../arm-none-eabi/lib/thumb/v7e-m+fp/hard\libc_nano.a(libc_a-impure.o)
                              C:/ST/STM32CubeIDE_1.16.0/STM32CubeIDE/plugins/com.st.stm32cube.ide.mcu.externaltools.gnu-tools-for-stm32.12.3.rel1.win32_1.0.200.202406191623/tools/bin/../lib/gcc/arm-none-eabi/12.3.1/../../../../arm-none-eabi/lib/thumb/v7e-m+fp/hard\libc_nano.a(libc_a-reent.o) (_impure_ptr)
C:/ST/STM32CubeIDE_1.16.0/STM32CubeIDE/plugins/com.st.stm32cube.ide.mcu.externaltools.gnu-tools-for-stm32.12.3.rel1.win32_1.0.200.202406191623/tools/bin/../lib/gcc/arm-none-eabi/12.3.1/../../../../arm-none-eabi/lib/thumb/v7e-m+fp/hard\libc_nano.a(libc_a-lseekr.o)
[...]
Memory Configuration

Name             Origin             Length             Attributes
RAM              0x20000000         0x00020000         xrw
FLASH            0x08000000         0x00080000         xr
*default*        0x00000000         0xffffffff

Linker script and memory map

LOAD C:/ST/STM32CubeIDE_1.16.0/STM32CubeIDE/plugins/com.st.stm32cube.ide.mcu.externaltools.gnu-tools-for-stm32.12.3.rel1.win32_1.0.200.202406191623/tools/bin/../lib/gcc/arm-none-eabi/12.3.1/thumb/v7e-m+fp/hard/crti.o
LOAD C:/ST/STM32CubeIDE_1.16.0/STM32CubeIDE/plugins/com.st.stm32cube.ide.mcu.externaltools.gnu-tools-for-stm32.12.3.rel1.win32_1.0.200.202406191623/tools/bin/../lib/gcc/arm-none-eabi/12.3.1/thumb/v7e-m+fp/hard/crtbegin.o
LOAD C:/ST/STM32CubeIDE_1.16.0/STM32CubeIDE/plugins/com.st.stm32cube.ide.mcu.externaltools.gnu-tools-for-stm32.12.3.rel1.win32_1.0.200.202406191623/tools/bin/../lib/gcc/arm-none-eabi/12.3.1/../../../../arm-none-eabi/lib/thumb/v7e-m+fp/hard/crt0.o
LOAD ./Core/Src/main.o
LOAD ./Core/Src/stm32f4xx_hal_msp.o
LOAD ./Core/Src/stm32f4xx_it.o
LOAD ./Core/Src/syscalls.o
LOAD ./Core/Src/sysmem.o
LOAD ./Core/Src/system_stm32f4xx.o
LOAD ./Core/Startup/startup_stm32f411vetx.o
LOAD ./Drivers/Custom/Error/Src/error.o
LOAD ./Drivers/Custom/Lights/Src/light.o
LOAD ./Drivers/Custom/Lights/Src/light_i2c.o
LOAD ./Drivers/Custom/Panic/Src/panic.o
LOAD ./Drivers/Custom/Panic/Src/panic_button.o
LOAD ./Drivers/Custom/Panic/Src/panic_buzzer.o
LOAD ./Drivers/Custom/Panic/Src/panic_timer.o
LOAD ./Drivers/Custom/Sensors/Src/sensors_light_sensor.o
LOAD ./Drivers/Custom/Sensors/Src/sensors_movement_sensor.o
LOAD ./Drivers/STM32F4xx_HAL_Driver/Src/stm32f4xx_hal.o
LOAD ./Drivers/STM32F4xx_HAL_Driver/Src/stm32f4xx_hal_adc.o
LOAD ./Drivers/STM32F4xx_HAL_Driver/Src/stm32f4xx_hal_adc_ex.o
LOAD ./Drivers/STM32F4xx_HAL_Driver/Src/stm32f4xx_hal_cortex.o
LOAD ./Drivers/STM32F4xx_HAL_Driver/Src/stm32f4xx_hal_dma.o
LOAD ./Drivers/STM32F4xx_HAL_Driver/Src/stm32f4xx_hal_dma_ex.o
LOAD ./Drivers/STM32F4xx_HAL_Driver/Src/stm32f4xx_hal_exti.o
LOAD ./Drivers/STM32F4xx_HAL_Driver/Src/stm32f4xx_hal_flash.o
LOAD ./Drivers/STM32F4xx_HAL_Driver/Src/stm32f4xx_hal_flash_ex.o
LOAD ./Drivers/STM32F4xx_HAL_Driver/Src/stm32f4xx_hal_flash_ramfunc.o
LOAD ./Drivers/STM32F4xx_HAL_Driver/Src/stm32f4xx_hal_gpio.o
LOAD ./Drivers/STM32F4xx_HAL_Driver/Src/stm32f4xx_hal_i2c.o
LOAD ./Drivers/STM32F4xx_HAL_Driver/Src/stm32f4xx_hal_i2c_ex.o
LOAD ./Drivers/STM32F4xx_HAL_Driver/Src/stm32f4xx_hal_pwr.o
LOAD ./Drivers/STM32F4xx_HAL_Driver/Src/stm32f4xx_hal_pwr_ex.o
LOAD ./Drivers/STM32F4xx_HAL_Driver/Src/stm32f4xx_hal_rcc.o
LOAD ./Drivers/STM32F4xx_HAL_Driver/Src/stm32f4xx_hal_rcc_ex.o
LOAD ./Drivers/STM32F4xx_HAL_Driver/Src/stm32f4xx_hal_tim.o
LOAD ./Drivers/STM32F4xx_HAL_Driver/Src/stm32f4xx_hal_tim_ex.o
LOAD ./Drivers/STM32F4xx_HAL_Driver/Src/stm32f4xx_ll_adc.o
START GROUP
LOAD C:/ST/STM32CubeIDE_1.16.0/STM32CubeIDE/plugins/com.st.stm32cube.ide.mcu.externaltools.gnu-tools-for-stm32.12.3.rel1.win32_1.0.200.202406191623/tools/bin/../lib/gcc/arm-none-eabi/12.3.1/../../../../arm-none-eabi/lib/thumb/v7e-m+fp/hard\libc_nano.a
LOAD C:/ST/STM32CubeIDE_1.16.0/STM32CubeIDE/plugins/com.st.stm32cube.ide.mcu.externaltools.gnu-tools-for-stm32.12.3.rel1.win32_1.0.200.202406191623/tools/bin/../lib/gcc/arm-none-eabi/12.3.1/../../../../arm-none-eabi/lib/thumb/v7e-m+fp/hard\libm.a
END GROUP
START GROUP
LOAD C:/ST/STM32CubeIDE_1.16.0/STM32CubeIDE/plugins/com.st.stm32cube.ide.mcu.externaltools.gnu-tools-for-stm32.12.3.rel1.win32_1.0.200.202406191623/tools/bin/../lib/gcc/arm-none-eabi/12.3.1/thumb/v7e-m+fp/hard\libgcc.a
LOAD C:/ST/STM32CubeIDE_1.16.0/STM32CubeIDE/plugins/com.st.stm32cube.ide.mcu.externaltools.gnu-tools-for-stm32.12.3.rel1.win32_1.0.200.202406191623/tools/bin/../lib/gcc/arm-none-eabi/12.3.1/../../../../arm-none-eabi/lib/thumb/v7e-m+fp/hard\libc_nano.a
END GROUP
START GROUP
LOAD C:/ST/STM32CubeIDE_1.16.0/STM32CubeIDE/plugins/com.st.stm32cube.ide.mcu.externaltools.gnu-tools-for-stm32.12.3.rel1.win32_1.0.200.202406191623/tools/bin/../lib/gcc/arm-none-eabi/12.3.1/thumb/v7e-m+fp/hard\libgcc.a
LOAD C:/ST/STM32CubeIDE_1.16.0/STM32CubeIDE/plugins/com.st.stm32cube.ide.mcu.externaltools.gnu-tools-for-stm32.12.3.rel1.win32_1.0.200.202406191623/tools/bin/../lib/gcc/arm-none-eabi/12.3.1/../../../../arm-none-eabi/lib/thumb/v7e-m+fp/hard\libc_nano.a
LOAD C:/ST/STM32CubeIDE_1.16.0/STM32CubeIDE/plugins/com.st.stm32cube.ide.mcu.externaltools.gnu-tools-for-stm32.12.3.rel1.win32_1.0.200.202406191623/tools/bin/../lib/gcc/arm-none-eabi/12.3.1/../../../../arm-none-eabi/lib/thumb/v7e-m+fp/hard\libnosys.a
END GROUP
START GROUP
LOAD C:/ST/STM32CubeIDE_1.16.0/STM32CubeIDE/plugins/com.st.stm32cube.ide.mcu.externaltools.gnu-tools-for-stm32.12.3.rel1.win32_1.0.200.202406191623/tools/bin/../lib/gcc/arm-none-eabi/12.3.1/thumb/v7e-m+fp/hard\libgcc.a
LOAD C:/ST/STM32CubeIDE_1.16.0/STM32CubeIDE/plugins/com.st.stm32cube.ide.mcu.externaltools.gnu-tools-for-stm32.12.3.rel1.win32_1.0.200.202406191623/tools/bin/../lib/gcc/arm-none-eabi/12.3.1/../../../../arm-none-eabi/lib/thumb/v7e-m+fp/hard\libc_nano.a
LOAD C:/ST/STM32CubeIDE_1.16.0/STM32CubeIDE/plugins/com.st.stm32cube.ide.mcu.externaltools.gnu-tools-for-stm32.12.3.rel1.win32_1.0.200.202406191623/tools/bin/../lib/gcc/arm-none-eabi/12.3.1/../../../../arm-none-eabi/lib/thumb/v7e-m+fp/hard\libnosys.a
END GROUP
LOAD C:/ST/STM32CubeIDE_1.16.0/STM32CubeIDE/plugins/com.st.stm32cube.ide.mcu.externaltools.gnu-tools-for-stm32.12.3.rel1.win32_1.0.200.202406191623/tools/bin/../lib/gcc/arm-none-eabi/12.3.1/thumb/v7e-m+fp/hard/crtend.o
LOAD C:/ST/STM32CubeIDE_1.16.0/STM32CubeIDE/plugins/com.st.stm32cube.ide.mcu.externaltools.gnu-tools-for-stm32.12.3.rel1.win32_1.0.200.202406191623/tools/bin/../lib/gcc/arm-none-eabi/12.3.1/thumb/v7e-m+fp/hard/crtn.o
                0x20020000                        _estack = (ORIGIN (RAM) + LENGTH (RAM))
                0x00000200                        _Min_Heap_Size = 0x200
                0x00000400                        _Min_Stack_Size = 0x400

.isr_vector     0x08000000      0x198
                0x08000000                        . = ALIGN (0x4)
 *(.isr_vector)
 .isr_vector    0x08000000      0x198 ./Core/Startup/startup_stm32f411vetx.o
                0x08000000                g_pfnVectors
                0x08000198                        . = ALIGN (0x4)

.text           0x08000198     0x501c
                0x08000198                        . = ALIGN (0x4)
 *(.text)
 .text          0x08000198       0x40 C:/ST/STM32CubeIDE_1.16.0/STM32CubeIDE/plugins/com.st.stm32cube.ide.mcu.externaltools.gnu-tools-for-stm32.12.3.rel1.win32_1.0.200.202406191623/tools/bin/../lib/gcc/arm-none-eabi/12.3.1/thumb/v7e-m+fp/hard/crtbegin.o
 .text          0x080001d8       0x30 C:/ST/STM32CubeIDE_1.16.0/STM32CubeIDE/plugins/com.st.stm32cube.ide.mcu.externaltools.gnu-tools-for-stm32.12.3.rel1.win32_1.0.200.202406191623/tools/bin/../lib/gcc/arm-none-eabi/12.3.1/thumb/v7e-m+fp/hard\libgcc.a(_aeabi_uldivmod.o)
                0x080001d8                __aeabi_uldivmod
 .text          0x08000208      0x2bc C:/ST/STM32CubeIDE_1.16.0/STM32CubeIDE/plugins/com.st.stm32cube.ide.mcu.externaltools.gnu-tools-for-stm32.12.3.rel1.win32_1.0.200.202406191623/tools/bin/../lib/gcc/arm-none-eabi/12.3.1/thumb/v7e-m+fp/hard\libgcc.a(_udivmoddi4.o)
                0x08000208                __udivmoddi4
 .text          0x080004c4        0x4 C:/ST/STM32CubeIDE_1.16.0/STM32CubeIDE/plugins/com.st.stm32cube.ide.mcu.externaltools.gnu-tools-for-stm32.12.3.rel1.win32_1.0.200.202406191623/tools/bin/../lib/gcc/arm-none-eabi/12.3.1/thumb/v7e-m+fp/hard\libgcc.a(_dvmd_tls.o)
                0x080004c4                __aeabi_idiv0
                0x080004c4                __aeabi_ldiv0
 *(.text*)
 .text.HAL_GPIO_EXTI_Callback
                0x080004c8       0x28 ./Core/Src/main.o
                0x080004c8                HAL_GPIO_EXTI_Callback
 .text.main     0x080004f0       0x30 ./Core/Src/main.o
                0x080004f0                main
 .text.SystemClock_Config
                0x08000520       0xd0 ./Core/Src/main.o
                0x08000520                SystemClock_Config
 .text.MX_ADC1_Init
                0x080005f0       0xa4 ./Core/Src/main.o
 .text.MX_I2C1_Init
                0x08000694       0x5c ./Core/Src/main.o
 .text.MX_TIM3_Init
                0x080006f0       0x9c ./Core/Src/main.o
 .text.MX_GPIO_Init
                0x0800078c      0x17c ./Core/Src/main.o
 .text.Error_Handler
                0x08000908        0xc ./Core/Src/main.o
                0x08000908                Error_Handler
 .text.HAL_MspInit
                0x08000914       0x50 ./Core/Src/stm32f4xx_hal_msp.o
                0x08000914                HAL_MspInit
 .text.HAL_ADC_MspInit
                0x08000964       0x88 ./Core/Src/stm32f4xx_hal_msp.o
                0x08000964                HAL_ADC_MspInit
 .text.HAL_I2C_MspInit
                0x080009ec       0xb0 ./Core/Src/stm32f4xx_hal_msp.o
                0x080009ec                HAL_I2C_MspInit
 .text.HAL_TIM_Base_MspInit
                0x08000a9c       0x50 ./Core/Src/stm32f4xx_hal_msp.o
                0x08000a9c                HAL_TIM_Base_MspInit
 .text.NMI_Handler
                0x08000aec        0x8 ./Core/Src/stm32f4xx_it.o
                0x08000aec                NMI_Handler
 .text.HardFault_Handler
                0x08000af4        0x8 ./Core/Src/stm32f4xx_it.o
                0x08000af4                HardFault_Handler
 .text.MemManage_Handler
                0x08000afc        0x8 ./Core/Src/stm32f4xx_it.o
                0x08000afc                MemManage_Handler
 .text.BusFault_Handler
                0x08000b04        0x8 ./Core/Src/stm32f4xx_it.o
                0x08000b04                BusFault_Handler
 .text.UsageFault_Handler
                0x08000b0c        0x8 ./Core/Src/stm32f4xx_it.o
                0x08000b0c                UsageFault_Handler
 .text.SVC_Handler
                0x08000b14        0xe ./Core/Src/stm32f4xx_it.o
                0x08000b14                SVC_Handler
 .text.DebugMon_Handler
                0x08000b22        0xe ./Core/Src/stm32f4xx_it.o
                0x08000b22                DebugMon_Handler
 .text.PendSV_Handler
                0x08000b30        0xe ./Core/Src/stm32f4xx_it.o
                0x08000b30                PendSV_Handler
 .text.SysTick_Handler
                0x08000b3e        0xc ./Core/Src/stm32f4xx_it.o
                0x08000b3e                SysTick_Handler
 .text.EXTI0_IRQHandler
                0x08000b4a        0xe ./Core/Src/stm32f4xx_it.o
                0x08000b4a                EXTI0_IRQHandler
 .text.EXTI9_5_IRQHandler
                0x08000b58       0x10 ./Core/Src/stm32f4xx_it.o
                0x08000b58                EXTI9_5_IRQHandler
 .text.TIM3_IRQHandler
                0x08000b68       0x14 ./Core/Src/stm32f4xx_it.o
                0x08000b68                TIM3_IRQHandler
 .text.I2C1_EV_IRQHandler
                0x08000b7c       0x14 ./Core/Src/stm32f4xx_it.o
                0x08000b7c                I2C1_EV_IRQHandler
 .text.I2C1_ER_IRQHandler
                0x08000b90       0x14 ./Core/Src/stm32f4xx_it.o
                0x08000b90                I2C1_ER_IRQHandler
 .text.SystemInit
                0x08000ba4       0x24 ./Core/Src/system_stm32f4xx.o
                0x08000ba4                SystemInit
 .text.Reset_Handler
                0x08000bc8       0x50 ./Core/Startup/startup_stm32f411vetx.o
                0x08000bc8                Reset_Handler
 .text.Default_Handler
                0x08000c18        0x2 ./Core/Startup/startup_stm32f411vetx.o
                0x08000c18                RTC_Alarm_IRQHandler
                0x08000c18                EXTI2_IRQHandler
                0x08000c18                SPI4_IRQHandler
                0x08000c18                TIM1_CC_IRQHandler
                0x08000c18                DMA2_Stream5_IRQHandler
                0x08000c18                DMA1_Stream5_IRQHandler
                0x08000c18                PVD_IRQHandler
                0x08000c18                SDIO_IRQHandler
                0x08000c18                TAMP_STAMP_IRQHandler
                0x08000c18                EXTI3_IRQHandler
                0x08000c18                TIM1_UP_TIM10_IRQHandler
                0x08000c18                I2C3_ER_IRQHandler
                0x08000c18                I2C2_EV_IRQHandler
                0x08000c18                DMA1_Stream2_IRQHandler
                0x08000c18                FPU_IRQHandler
                0x08000c18                DMA2_Stream2_IRQHandler
                0x08000c18                SPI1_IRQHandler
                0x08000c18                TIM1_BRK_TIM9_IRQHandler
                0x08000c18                DMA2_Stream3_IRQHandler
                0x08000c18                USART6_IRQHandler
                0x08000c18                DMA2_Stream0_IRQHandler
                0x08000c18                TIM4_IRQHandler
                0x08000c18                DMA1_Stream6_IRQHandler
                0x08000c18                DMA1_Stream1_IRQHandler
                0x08000c18                RCC_IRQHandler
                0x08000c18                Default_Handler
                0x08000c18                EXTI15_10_IRQHandler
                0x08000c18                ADC_IRQHandler
                0x08000c18                DMA1_Stream7_IRQHandler
                0x08000c18                SPI5_IRQHandler
                0x08000c18                TIM5_IRQHandler
                0x08000c18                DMA2_Stream7_IRQHandler
                0x08000c18                I2C3_EV_IRQHandler
                0x08000c18                RTC_WKUP_IRQHandler
                0x08000c18                SPI2_IRQHandler
                0x08000c18                DMA1_Stream0_IRQHandler
                0x08000c18                EXTI4_IRQHandler
                0x08000c18                WWDG_IRQHandler
                0x08000c18                TIM2_IRQHandler
                0x08000c18                OTG_FS_WKUP_IRQHandler
                0x08000c18                TIM1_TRG_COM_TIM11_IRQHandler
                0x08000c18                EXTI1_IRQHandler
                0x08000c18                USART2_IRQHandler
                0x08000c18                I2C2_ER_IRQHandler
                0x08000c18                DMA2_Stream1_IRQHandler
                0x08000c18                FLASH_IRQHandler
                0x08000c18                DMA2_Stream4_IRQHandler
                0x08000c18                USART1_IRQHandler
                0x08000c18                OTG_FS_IRQHandler
                0x08000c18                SPI3_IRQHandler
                0x08000c18                DMA1_Stream4_IRQHandler
                0x08000c18                DMA2_Stream6_IRQHandler
                0x08000c18                DMA1_Stream3_IRQHandler
 .text.light_power_on
                0x08000c1a       0x1c ./Drivers/Custom/Lights/Src/light.o
                0x08000c1a                light_power_on
 .text.light_init
                0x08000c36       0x5a ./Drivers/Custom/Lights/Src/light.o
                0x08000c36                light_init
 .text.light_turn_on
                0x08000c90       0x24 ./Drivers/Custom/Lights/Src/light.o
                0x08000c90                light_turn_on
 .text.light_set_intensity
                0x08000cb4       0x2e ./Drivers/Custom/Lights/Src/light.o
                0x08000cb4                light_set_intensity
 *fill*         0x08000ce2        0x2 
 .text.light_i2c_select_page
                0x08000ce4       0x34 ./Drivers/Custom/Lights/Src/light_i2c.o
                0x08000ce4                light_i2c_select_page
 .text.light_i2c_write_single_register
                0x08000d18       0x50 ./Drivers/Custom/Lights/Src/light_i2c.o
                0x08000d18                light_i2c_write_single_register
 .text.light_i2c_send_data
                0x08000d68       0xbc ./Drivers/Custom/Lights/Src/light_i2c.o
                0x08000d68                light_i2c_send_data
 .text.panic_main
                0x08000e24       0x80 ./Drivers/Custom/Panic/Src/panic.o
                0x08000e24                panic_main
 .text.panic_button_set
                0x08000ea4       0x18 ./Drivers/Custom/Panic/Src/panic_button.o
                0x08000ea4                panic_button_set
 .text.panic_button_reset
                0x08000ebc       0x18 ./Drivers/Custom/Panic/Src/panic_button.o
                0x08000ebc                panic_button_reset
 .text.panic_button_is_pressed
                0x08000ed4       0x18 ./Drivers/Custom/Panic/Src/panic_button.o
                0x08000ed4                panic_button_is_pressed
 .text.panic_buzzer_start
                0x08000eec       0x30 ./Drivers/Custom/Panic/Src/panic_buzzer.o
                0x08000eec                panic_buzzer_start
 .text.panic_buzzer_stop
                0x08000f1c       0x20 ./Drivers/Custom/Panic/Src/panic_buzzer.o
                0x08000f1c                panic_buzzer_stop
 .text.panic_buzzer_is_active
                0x08000f3c       0x18 ./Drivers/Custom/Panic/Src/panic_buzzer.o
                0x08000f3c                panic_buzzer_is_active
 .text.panic_buzzer_get_counter
                0x08000f54       0x18 ./Drivers/Custom/Panic/Src/panic_buzzer.o
                0x08000f54                panic_buzzer_get_counter
 .text.panic_buzzer_reset_counter
                0x08000f6c       0x18 ./Drivers/Custom/Panic/Src/panic_buzzer.o
                0x08000f6c                panic_buzzer_reset_counter
 .text.panic_timer_start
                0x08000f84       0x20 ./Drivers/Custom/Panic/Src/panic_timer.o
                0x08000f84                panic_timer_start
 .text.panic_timer_stop
                0x08000fa4       0x20 ./Drivers/Custom/Panic/Src/panic_timer.o
                0x08000fa4                panic_timer_stop
 .text.HAL_TIM_PeriodElapsedCallback
                0x08000fc4       0x20 ./Drivers/Custom/Panic/Src/panic_timer.o
                0x08000fc4                HAL_TIM_PeriodElapsedCallback
 .text.panic_timer_is_active
                0x08000fe4       0x18 ./Drivers/Custom/Panic/Src/panic_timer.o
                0x08000fe4                panic_timer_is_active
 .text.panic_timer_is_elapsed
                0x08000ffc       0x18 ./Drivers/Custom/Panic/Src/panic_timer.o
                0x08000ffc                panic_timer_is_elapsed
 .text.panic_timer_is_elapsed_reset
                0x08001014       0x18 ./Drivers/Custom/Panic/Src/panic_timer.o
                0x08001014                panic_timer_is_elapsed_reset
 .text.sensors_movement_detected
                0x0800102c       0x18 ./Drivers/Custom/Sensors/Src/sensors_movement_sensor.o
                0x0800102c                sensors_movement_detected
 .text.HAL_Init
                0x08001044       0x44 ./Drivers/STM32F4xx_HAL_Driver/Src/stm32f4xx_hal.o
                0x08001044                HAL_Init
 .text.HAL_InitTick
                0x08001088       0x60 ./Drivers/STM32F4xx_HAL_Driver/Src/stm32f4xx_hal.o
                0x08001088                HAL_InitTick
 .text.HAL_IncTick
                0x080010e8       0x28 ./Drivers/STM32F4xx_HAL_Driver/Src/stm32f4xx_hal.o
                0x080010e8                HAL_IncTick
 .text.HAL_GetTick
                0x08001110       0x18 ./Drivers/STM32F4xx_HAL_Driver/Src/stm32f4xx_hal.o
                0x08001110                HAL_GetTick
 .text.HAL_Delay
                0x08001128       0x48 ./Drivers/STM32F4xx_HAL_Driver/Src/stm32f4xx_hal.o
                0x08001128                HAL_Delay
 .text.HAL_ADC_Init
                0x08001170       0x86 ./Drivers/STM32F4xx_HAL_Driver/Src/stm32f4xx_hal_adc.o
                0x08001170                HAL_ADC_Init
 *fill*         0x080011f6        0x2 
 .text.HAL_ADC_ConfigChannel
                0x080011f8      0x264 ./Drivers/STM32F4xx_HAL_Driver/Src/stm32f4xx_hal_adc.o
                0x080011f8                HAL_ADC_ConfigChannel
 .text.ADC_Init
                0x0800145c      0x1f8 ./Drivers/STM32F4xx_HAL_Driver/Src/stm32f4xx_hal_adc.o
 .text.__NVIC_SetPriorityGrouping
                0x08001654       0x48 ./Drivers/STM32F4xx_HAL_Driver/Src/stm32f4xx_hal_cortex.o
 .text.__NVIC_GetPriorityGrouping
                0x0800169c       0x1c ./Drivers/STM32F4xx_HAL_Driver/Src/stm32f4xx_hal_cortex.o
 .text.__NVIC_EnableIRQ
                0x080016b8       0x3c ./Drivers/STM32F4xx_HAL_Driver/Src/stm32f4xx_hal_cortex.o
 .text.__NVIC_SetPriority
                0x080016f4       0x54 ./Drivers/STM32F4xx_HAL_Driver/Src/stm32f4xx_hal_cortex.o
 .text.NVIC_EncodePriority
                0x08001748       0x66 ./Drivers/STM32F4xx_HAL_Driver/Src/stm32f4xx_hal_cortex.o
 *fill*         0x080017ae        0x2 
 .text.SysTick_Config
                0x080017b0       0x44 ./Drivers/STM32F4xx_HAL_Driver/Src/stm32f4xx_hal_cortex.o
 .text.HAL_NVIC_SetPriorityGrouping
                0x080017f4       0x16 ./Drivers/STM32F4xx_HAL_Driver/Src/stm32f4xx_hal_cortex.o
                0x080017f4                HAL_NVIC_SetPriorityGrouping
 .text.HAL_NVIC_SetPriority
                0x0800180a       0x38 ./Drivers/STM32F4xx_HAL_Driver/Src/stm32f4xx_hal_cortex.o
                0x0800180a                HAL_NVIC_SetPriority
 .text.HAL_NVIC_EnableIRQ
                0x08001842       0x1c ./Drivers/STM32F4xx_HAL_Driver/Src/stm32f4xx_hal_cortex.o
                0x08001842                HAL_NVIC_EnableIRQ
 .text.HAL_SYSTICK_Config
                0x0800185e       0x18 ./Drivers/STM32F4xx_HAL_Driver/Src/stm32f4xx_hal_cortex.o
                0x0800185e                HAL_SYSTICK_Config
 .text.HAL_DMA_Abort_IT
                0x08001876       0x44 ./Drivers/STM32F4xx_HAL_Driver/Src/stm32f4xx_hal_dma.o
                0x08001876                HAL_DMA_Abort_IT
 .text.HAL_DMA_GetState
                0x080018ba       0x1c ./Drivers/STM32F4xx_HAL_Driver/Src/stm32f4xx_hal_dma.o
                0x080018ba                HAL_DMA_GetState
 *fill*         0x080018d6        0x2 
 .text.HAL_GPIO_Init
                0x080018d8      0x308 ./Drivers/STM32F4xx_HAL_Driver/Src/stm32f4xx_hal_gpio.o
                0x080018d8                HAL_GPIO_Init
 .text.HAL_GPIO_WritePin
                0x08001be0       0x32 ./Drivers/STM32F4xx_HAL_Driver/Src/stm32f4xx_hal_gpio.o
                0x08001be0                HAL_GPIO_WritePin
 *fill*         0x08001c12        0x2 
 .text.HAL_GPIO_EXTI_IRQHandler
                0x08001c14       0x30 ./Drivers/STM32F4xx_HAL_Driver/Src/stm32f4xx_hal_gpio.o
                0x08001c14                HAL_GPIO_EXTI_IRQHandler
 .text.HAL_I2C_Init
                0x08001c44      0x288 ./Drivers/STM32F4xx_HAL_Driver/Src/stm32f4xx_hal_i2c.o
                0x08001c44                HAL_I2C_Init
 .text.I2C_Flush_DR
                0x08001ecc       0x2a ./Drivers/STM32F4xx_HAL_Driver/Src/stm32f4xx_hal_i2c.o
 *fill*         0x08001ef6        0x2 
 .text.HAL_I2C_Master_Transmit
                0x08001ef8      0x1fc ./Drivers/STM32F4xx_HAL_Driver/Src/stm32f4xx_hal_i2c.o
                0x08001ef8                HAL_I2C_Master_Transmit
 .text.HAL_I2C_EV_IRQHandler
                0x080020f4      0x2a6 ./Drivers/STM32F4xx_HAL_Driver/Src/stm32f4xx_hal_i2c.o
                0x080020f4                HAL_I2C_EV_IRQHandler
 .text.HAL_I2C_ER_IRQHandler
                0x0800239a      0x13e ./Drivers/STM32F4xx_HAL_Driver/Src/stm32f4xx_hal_i2c.o
                0x0800239a                HAL_I2C_ER_IRQHandler
 .text.HAL_I2C_MasterTxCpltCallback
                0x080024d8       0x14 ./Drivers/STM32F4xx_HAL_Driver/Src/stm32f4xx_hal_i2c.o
                0x080024d8                HAL_I2C_MasterTxCpltCallback
 .text.HAL_I2C_MasterRxCpltCallback
                0x080024ec       0x14 ./Drivers/STM32F4xx_HAL_Driver/Src/stm32f4xx_hal_i2c.o
                0x080024ec                HAL_I2C_MasterRxCpltCallback
 .text.HAL_I2C_SlaveTxCpltCallback
                0x08002500       0x14 ./Drivers/STM32F4xx_HAL_Driver/Src/stm32f4xx_hal_i2c.o
                0x08002500                HAL_I2C_SlaveTxCpltCallback
 .text.HAL_I2C_SlaveRxCpltCallback
                0x08002514       0x14 ./Drivers/STM32F4xx_HAL_Driver/Src/stm32f4xx_hal_i2c.o
                0x08002514                HAL_I2C_SlaveRxCpltCallback
 .text.HAL_I2C_AddrCallback
                0x08002528       0x1c ./Drivers/STM32F4xx_HAL_Driver/Src/stm32f4xx_hal_i2c.o
                0x08002528                HAL_I2C_AddrCallback
 .text.HAL_I2C_ListenCpltCallback
                0x08002544       0x14 ./Drivers/STM32F4xx_HAL_Driver/Src/stm32f4xx_hal_i2c.o
                0x08002544                HAL_I2C_ListenCpltCallback
 .text.HAL_I2C_MemTxCpltCallback
                0x08002558       0x14 ./Drivers/STM32F4xx_HAL_Driver/Src/stm32f4xx_hal_i2c.o
                0x08002558                HAL_I2C_MemTxCpltCallback
 .text.HAL_I2C_MemRxCpltCallback
                0x0800256c       0x14 ./Drivers/STM32F4xx_HAL_Driver/Src/stm32f4xx_hal_i2c.o
                0x0800256c                HAL_I2C_MemRxCpltCallback
 .text.HAL_I2C_ErrorCallback
                0x08002580       0x14 ./Drivers/STM32F4xx_HAL_Driver/Src/stm32f4xx_hal_i2c.o
                0x08002580                HAL_I2C_ErrorCallback
 .text.HAL_I2C_AbortCpltCallback
                0x08002594       0x14 ./Drivers/STM32F4xx_HAL_Driver/Src/stm32f4xx_hal_i2c.o
                0x08002594                HAL_I2C_AbortCpltCallback
 .text.I2C_MasterTransmit_TXE
                0x080025a8      0x138 ./Drivers/STM32F4xx_HAL_Driver/Src/stm32f4xx_hal_i2c.o
 .text.I2C_MasterTransmit_BTF
                0x080026e0       0xec ./Drivers/STM32F4xx_HAL_Driver/Src/stm32f4xx_hal_i2c.o
 .text.I2C_MemoryTransmit_TXE_BTF
                0x080027cc      0x130 ./Drivers/STM32F4xx_HAL_Driver/Src/stm32f4xx_hal_i2c.o
 .text.I2C_MasterReceive_RXNE
                0x080028fc      0x190 ./Drivers/STM32F4xx_HAL_Driver/Src/stm32f4xx_hal_i2c.o
 .text.I2C_MasterReceive_BTF
                0x08002a8c      0x1ea ./Drivers/STM32F4xx_HAL_Driver/Src/stm32f4xx_hal_i2c.o
 .text.I2C_Master_SB
                0x08002c76      0x10c ./Drivers/STM32F4xx_HAL_Driver/Src/stm32f4xx_hal_i2c.o
 .text.I2C_Master_ADD10
                0x08002d82       0x54 ./Drivers/STM32F4xx_HAL_Driver/Src/stm32f4xx_hal_i2c.o
 .text.I2C_Master_ADDR
                0x08002dd6      0x322 ./Drivers/STM32F4xx_HAL_Driver/Src/stm32f4xx_hal_i2c.o
 .text.I2C_SlaveTransmit_TXE
                0x080030f8       0x7a ./Drivers/STM32F4xx_HAL_Driver/Src/stm32f4xx_hal_i2c.o
 .text.I2C_SlaveTransmit_BTF
                0x08003172       0x42 ./Drivers/STM32F4xx_HAL_Driver/Src/stm32f4xx_hal_i2c.o
 .text.I2C_SlaveReceive_RXNE
                0x080031b4       0x7c ./Drivers/STM32F4xx_HAL_Driver/Src/stm32f4xx_hal_i2c.o
 .text.I2C_SlaveReceive_BTF
                0x08003230       0x44 ./Drivers/STM32F4xx_HAL_Driver/Src/stm32f4xx_hal_i2c.o
 .text.I2C_Slave_ADDR
                0x08003274       0x90 ./Drivers/STM32F4xx_HAL_Driver/Src/stm32f4xx_hal_i2c.o
 .text.I2C_Slave_STOPF
                0x08003304      0x260 ./Drivers/STM32F4xx_HAL_Driver/Src/stm32f4xx_hal_i2c.o
 .text.I2C_Slave_AF
                0x08003564       0xe8 ./Drivers/STM32F4xx_HAL_Driver/Src/stm32f4xx_hal_i2c.o
 .text.I2C_ITError
                0x0800364c      0x264 ./Drivers/STM32F4xx_HAL_Driver/Src/stm32f4xx_hal_i2c.o
 .text.I2C_MasterRequestWrite
                0x080038b0      0x104 ./Drivers/STM32F4xx_HAL_Driver/Src/stm32f4xx_hal_i2c.o
 .text.I2C_DMAAbort
                0x080039b4      0x150 ./Drivers/STM32F4xx_HAL_Driver/Src/stm32f4xx_hal_i2c.o
 .text.I2C_WaitOnFlagUntilTimeout
                0x08003b04       0xf4 ./Drivers/STM32F4xx_HAL_Driver/Src/stm32f4xx_hal_i2c.o
 .text.I2C_WaitOnMasterAddressFlagUntilTimeout
                0x08003bf8      0x140 ./Drivers/STM32F4xx_HAL_Driver/Src/stm32f4xx_hal_i2c.o
 .text.I2C_WaitOnTXEFlagUntilTimeout
                0x08003d38       0x90 ./Drivers/STM32F4xx_HAL_Driver/Src/stm32f4xx_hal_i2c.o
 .text.I2C_WaitOnBTFFlagUntilTimeout
                0x08003dc8       0x90 ./Drivers/STM32F4xx_HAL_Driver/Src/stm32f4xx_hal_i2c.o
 .text.I2C_WaitOnSTOPRequestThroughIT
                0x08003e58       0x64 ./Drivers/STM32F4xx_HAL_Driver/Src/stm32f4xx_hal_i2c.o
 .text.I2C_IsAcknowledgeFailed
                0x08003ebc       0x5e ./Drivers/STM32F4xx_HAL_Driver/Src/stm32f4xx_hal_i2c.o
 .text.I2C_ConvertOtherXferOptions
                0x08003f1a       0x36 ./Drivers/STM32F4xx_HAL_Driver/Src/stm32f4xx_hal_i2c.o
 .text.HAL_RCC_OscConfig
                0x08003f50      0x4f0 ./Drivers/STM32F4xx_HAL_Driver/Src/stm32f4xx_hal_rcc.o
                0x08003f50                HAL_RCC_OscConfig
 .text.HAL_RCC_ClockConfig
                0x08004440      0x1cc ./Drivers/STM32F4xx_HAL_Driver/Src/stm32f4xx_hal_rcc.o
                0x08004440                HAL_RCC_ClockConfig
 .text.HAL_RCC_GetSysClockFreq
                0x0800460c      0x20c ./Drivers/STM32F4xx_HAL_Driver/Src/stm32f4xx_hal_rcc.o
                0x0800460c                HAL_RCC_GetSysClockFreq
 .text.HAL_RCC_GetHCLKFreq
                0x08004818       0x18 ./Drivers/STM32F4xx_HAL_Driver/Src/stm32f4xx_hal_rcc.o
                0x08004818                HAL_RCC_GetHCLKFreq
 .text.HAL_RCC_GetPCLK1Freq
                0x08004830       0x28 ./Drivers/STM32F4xx_HAL_Driver/Src/stm32f4xx_hal_rcc.o
                0x08004830                HAL_RCC_GetPCLK1Freq
 .text.HAL_TIM_Base_Init
                0x08004858       0x9e ./Drivers/STM32F4xx_HAL_Driver/Src/stm32f4xx_hal_tim.o
                0x08004858                HAL_TIM_Base_Init
 *fill*         0x080048f6        0x2 
 .text.HAL_TIM_Base_Start_IT
                0x080048f8       0xc4 ./Drivers/STM32F4xx_HAL_Driver/Src/stm32f4xx_hal_tim.o
                0x080048f8                HAL_TIM_Base_Start_IT
 .text.HAL_TIM_Base_Stop_IT
                0x080049bc       0x5e ./Drivers/STM32F4xx_HAL_Driver/Src/stm32f4xx_hal_tim.o
                0x080049bc                HAL_TIM_Base_Stop_IT
 .text.HAL_TIM_IRQHandler
                0x08004a1a      0x1e0 ./Drivers/STM32F4xx_HAL_Driver/Src/stm32f4xx_hal_tim.o
                0x08004a1a                HAL_TIM_IRQHandler
 .text.HAL_TIM_ConfigClockSource
                0x08004bfa      0x18e ./Drivers/STM32F4xx_HAL_Driver/Src/stm32f4xx_hal_tim.o
                0x08004bfa                HAL_TIM_ConfigClockSource
 .text.HAL_TIM_OC_DelayElapsedCallback
                0x08004d88       0x14 ./Drivers/STM32F4xx_HAL_Driver/Src/stm32f4xx_hal_tim.o
                0x08004d88                HAL_TIM_OC_DelayElapsedCallback
 .text.HAL_TIM_IC_CaptureCallback
                0x08004d9c       0x14 ./Drivers/STM32F4xx_HAL_Driver/Src/stm32f4xx_hal_tim.o
                0x08004d9c                HAL_TIM_IC_CaptureCallback
 .text.HAL_TIM_PWM_PulseFinishedCallback
                0x08004db0       0x14 ./Drivers/STM32F4xx_HAL_Driver/Src/stm32f4xx_hal_tim.o
                0x08004db0                HAL_TIM_PWM_PulseFinishedCallback
 .text.HAL_TIM_TriggerCallback
                0x08004dc4       0x14 ./Drivers/STM32F4xx_HAL_Driver/Src/stm32f4xx_hal_tim.o
                0x08004dc4                HAL_TIM_TriggerCallback
 .text.TIM_Base_SetConfig
                0x08004dd8      0x118 ./Drivers/STM32F4xx_HAL_Driver/Src/stm32f4xx_hal_tim.o
                0x08004dd8                TIM_Base_SetConfig
 .text.TIM_TI1_ConfigInputStage
                0x08004ef0       0x5e ./Drivers/STM32F4xx_HAL_Driver/Src/stm32f4xx_hal_tim.o
 .text.TIM_TI2_ConfigInputStage
                0x08004f4e       0x60 ./Drivers/STM32F4xx_HAL_Driver/Src/stm32f4xx_hal_tim.o
 .text.TIM_ITRx_SetConfig
                0x08004fae       0x36 ./Drivers/STM32F4xx_HAL_Driver/Src/stm32f4xx_hal_tim.o
 .text.TIM_ETR_SetConfig
                0x08004fe4       0x40 ./Drivers/STM32F4xx_HAL_Driver/Src/stm32f4xx_hal_tim.o
                0x08004fe4                TIM_ETR_SetConfig
 .text.HAL_TIMEx_MasterConfigSynchronization
                0x08005024       0xdc ./Drivers/STM32F4xx_HAL_Driver/Src/stm32f4xx_hal_tim_ex.o
                0x08005024                HAL_TIMEx_MasterConfigSynchronization
 .text.HAL_TIMEx_CommutCallback
                0x08005100       0x14 ./Drivers/STM32F4xx_HAL_Driver/Src/stm32f4xx_hal_tim_ex.o
                0x08005100                HAL_TIMEx_CommutCallback
 .text.HAL_TIMEx_BreakCallback
                0x08005114       0x14 ./Drivers/STM32F4xx_HAL_Driver/Src/stm32f4xx_hal_tim_ex.o
                0x08005114                HAL_TIMEx_BreakCallback
 .text.memset   0x08005128       0x10 C:/ST/STM32CubeIDE_1.16.0/STM32CubeIDE/plugins/com.st.stm32cube.ide.mcu.externaltools.gnu-tools-for-stm32.12.3.rel1.win32_1.0.200.202406191623/tools/bin/../lib/gcc/arm-none-eabi/12.3.1/../../../../arm-none-eabi/lib/thumb/v7e-m+fp/hard\libc_nano.a(libc_a-memset.o)
                0x08005128                memset
 .text.__libc_init_array
                0x08005138       0x48 C:/ST/STM32CubeIDE_1.16.0/STM32CubeIDE/plugins/com.st.stm32cube.ide.mcu.externaltools.gnu-tools-for-stm32.12.3.rel1.win32_1.0.200.202406191623/tools/bin/../lib/gcc/arm-none-eabi/12.3.1/../../../../arm-none-eabi/lib/thumb/v7e-m+fp/hard\libc_nano.a(libc_a-init.o)
                0x08005138                __libc_init_array
 .text.memcpy   0x08005180       0x1c C:/ST/STM32CubeIDE_1.16.0/STM32CubeIDE/plugins/com.st.stm32cube.ide.mcu.externaltools.gnu-tools-for-stm32.12.3.rel1.win32_1.0.200.202406191623/tools/bin/../lib/gcc/arm-none-eabi/12.3.1/../../../../arm-none-eabi/lib/thumb/v7e-m+fp/hard\libc_nano.a(libc_a-memcpy-stub.o)
                0x08005180                memcpy
 *(.glue_7)
 .glue_7        0x0800519c        0x0 linker stubs
 *(.glue_7t)
 .glue_7t       0x0800519c        0x0 linker stubs
 *(.eh_frame)
 .eh_frame      0x0800519c        0x0 C:/ST/STM32CubeIDE_1.16.0/STM32CubeIDE/plugins/com.st.stm32cube.ide.mcu.externaltools.gnu-tools-for-stm32.12.3.rel1.win32_1.0.200.202406191623/tools/bin/../lib/gcc/arm-none-eabi/12.3.1/thumb/v7e-m+fp/hard/crtbegin.o
 *(.init)
 .init          0x0800519c        0x4 C:/ST/STM32CubeIDE_1.16.0/STM32CubeIDE/plugins/com.st.stm32cube.ide.mcu.externaltools.gnu-tools-for-stm32.12.3.rel1.win32_1.0.200.202406191623/tools/bin/../lib/gcc/arm-none-eabi/12.3.1/thumb/v7e-m+fp/hard/crti.o
                0x0800519c                _init
 .init          0x080051a0        0x8 C:/ST/STM32CubeIDE_1.16.0/STM32CubeIDE/plugins/com.st.stm32cube.ide.mcu.externaltools.gnu-tools-for-stm32.12.3.rel1.win32_1.0.200.202406191623/tools/bin/../lib/gcc/arm-none-eabi/12.3.1/thumb/v7e-m+fp/hard/crtn.o
 *(.fini)
 .fini          0x080051a8        0x4 C:/ST/STM32CubeIDE_1.16.0/STM32CubeIDE/plugins/com.st.stm32cube.ide.mcu.externaltools.gnu-tools-for-stm32.12.3.rel1.win32_1.0.200.202406191623/tools/bin/../lib/gcc/arm-none-eabi/12.3.1/thumb/v7e-m+fp/hard/crti.o
                0x080051a8                _fini
 .fini          0x080051ac        0x8 C:/ST/STM32CubeIDE_1.16.0/STM32CubeIDE/plugins/com.st.stm32cube.ide.mcu.externaltools.gnu-tools-for-stm32.12.3.rel1.win32_1.0.200.202406191623/tools/bin/../lib/gcc/arm-none-eabi/12.3.1/thumb/v7e-m+fp/hard/crtn.o
                0x080051b4                        . = ALIGN (0x4)
                0x080051b4                        _etext = .

.vfp11_veneer   0x080051b4        0x0
 .vfp11_veneer  0x080051b4        0x0 linker stubs

.v4_bx          0x080051b4        0x0
 .v4_bx         0x080051b4        0x0 linker stubs

.iplt           0x080051b4        0x0
 .iplt          0x080051b4        0x0 C:/ST/STM32CubeIDE_1.16.0/STM32CubeIDE/plugins/com.st.stm32cube.ide.mcu.externaltools.gnu-tools-for-stm32.12.3.rel1.win32_1.0.200.202406191623/tools/bin/../lib/gcc/arm-none-eabi/12.3.1/thumb/v7e-m+fp/hard/crtbegin.o

.rodata         0x080051b4       0x18
                0x080051b4                        . = ALIGN (0x4)
 *(.rodata)
 *(.rodata*)
 .rodata.AHBPrescTable
                0x080051b4       0x10 ./Core/Src/system_stm32f4xx.o
                0x080051b4                AHBPrescTable
 .rodata.APBPrescTable
                0x080051c4        0x8 ./Core/Src/system_stm32f4xx.o
                0x080051c4                APBPrescTable
                0x080051cc                        . = ALIGN (0x4)

.ARM.extab      0x080051cc        0x0
                0x080051cc                        . = ALIGN (0x4)
 *(.ARM.extab* .gnu.linkonce.armextab.*)
                0x080051cc                        . = ALIGN (0x4)

.ARM            0x080051cc        0x8
                0x080051cc                        . = ALIGN (0x4)
                0x080051cc                        __exidx_start = .
 *(.ARM.exidx*)
 .ARM.exidx     0x080051cc        0x8 C:/ST/STM32CubeIDE_1.16.0/STM32CubeIDE/plugins/com.st.stm32cube.ide.mcu.externaltools.gnu-tools-for-stm32.12.3.rel1.win32_1.0.200.202406191623/tools/bin/../lib/gcc/arm-none-eabi/12.3.1/thumb/v7e-m+fp/hard\libgcc.a(_udivmoddi4.o)
                0x080051d4                        __exidx_end = .
                0x080051d4                        . = ALIGN (0x4)

.preinit_array  0x080051d4        0x0
                0x080051d4                        . = ALIGN (0x4)
                0x080051d4                        PROVIDE (__preinit_array_start = .)
 *(.preinit_array*)
                0x080051d4                        PROVIDE (__preinit_array_end = .)
                0x080051d4                        . = ALIGN (0x4)

.init_array     0x080051d4        0x4
                0x080051d4                        . = ALIGN (0x4)
                0x080051d4                        PROVIDE (__init_array_start = .)
 *(SORT_BY_NAME(.init_array.*))
 *(.init_array*)
 .init_array    0x080051d4        0x4 C:/ST/STM32CubeIDE_1.16.0/STM32CubeIDE/plugins/com.st.stm32cube.ide.mcu.externaltools.gnu-tools-for-stm32.12.3.rel1.win32_1.0.200.202406191623/tools/bin/../lib/gcc/arm-none-eabi/12.3.1/thumb/v7e-m+fp/hard/crtbegin.o
                0x080051d8                        PROVIDE (__init_array_end = .)
                0x080051d8                        . = ALIGN (0x4)

.fini_array     0x080051d8        0x4
                0x080051d8                        . = ALIGN (0x4)
                [!provide]                        PROVIDE (__fini_array_start = .)
 *(SORT_BY_NAME(.fini_array.*))
 *(.fini_array*)
 .fini_array    0x080051d8        0x4 C:/ST/STM32CubeIDE_1.16.0/STM32CubeIDE/plugins/com.st.stm32cube.ide.mcu.externaltools.gnu-tools-for-stm32.12.3.rel1.win32_1.0.200.202406191623/tools/bin/../lib/gcc/arm-none-eabi/12.3.1/thumb/v7e-m+fp/hard/crtbegin.o
                [!provide]                        PROVIDE (__fini_array_end = .)
                0x080051dc                        . = ALIGN (0x4)
                0x080051dc                        _sidata = LOADADDR (.data)

.rel.dyn        0x080051dc        0x0
 .rel.iplt      0x080051dc        0x0 C:/ST/STM32CubeIDE_1.16.0/STM32CubeIDE/plugins/com.st.stm32cube.ide.mcu.externaltools.gnu-tools-for-stm32.12.3.rel1.win32_1.0.200.202406191623/tools/bin/../lib/gcc/arm-none-eabi/12.3.1/thumb/v7e-m+fp/hard/crtbegin.o

.data           0x20000000       0x20 load address 0x080051dc
                0x20000000                        . = ALIGN (0x4)
                0x20000000                        _sdata = .
 *(.data)
 *(.data*)
 .data.SystemCoreClock
                0x20000000        0x4 ./Core/Src/system_stm32f4xx.o
                0x20000000                SystemCoreClock
 .data.all_on   0x20000004       0x12 ./Drivers/Custom/Lights/Src/light.o
 *fill*         0x20000016        0x2 
 .data.uwTickPrio
                0x20000018        0x4 ./Drivers/STM32F4xx_HAL_Driver/Src/stm32f4xx_hal.o
                0x20000018                uwTickPrio
 .data.uwTickFreq
                0x2000001c        0x1 ./Drivers/STM32F4xx_HAL_Driver/Src/stm32f4xx_hal.o
                0x2000001c                uwTickFreq
 *(.RamFunc)
 *(.RamFunc*)
                0x20000020                        . = ALIGN (0x4)
 *fill*         0x2000001d        0x3 
                0x20000020                        _edata = .

.igot.plt       0x20000020        0x0 load address 0x080051fc
 .igot.plt      0x20000020        0x0 C:/ST/STM32CubeIDE_1.16.0/STM32CubeIDE/plugins/com.st.stm32cube.ide.mcu.externaltools.gnu-tools-for-stm32.12.3.rel1.win32_1.0.200.202406191623/tools/bin/../lib/gcc/arm-none-eabi/12.3.1/thumb/v7e-m+fp/hard/crtbegin.o
                0x20000020                        . = ALIGN (0x4)

.bss            0x20000020      0x10c load address 0x080051fc
                0x20000020                        _sbss = .
                0x20000020                        __bss_start__ = _sbss
 *(.bss)
 .bss           0x20000020       0x1c C:/ST/STM32CubeIDE_1.16.0/STM32CubeIDE/plugins/com.st.stm32cube.ide.mcu.externaltools.gnu-tools-for-stm32.12.3.rel1.win32_1.0.200.202406191623/tools/bin/../lib/gcc/arm-none-eabi/12.3.1/thumb/v7e-m+fp/hard/crtbegin.o
 *(.bss*)
 .bss.hadc1     0x2000003c       0x48 ./Core/Src/main.o
                0x2000003c                hadc1
 .bss.hi2c1     0x20000084       0x54 ./Core/Src/main.o
                0x20000084                hi2c1
 .bss.htim3     0x200000d8       0x48 ./Core/Src/main.o
                0x200000d8                htim3
 .bss.panic_button_pressed
                0x20000120        0x1 ./Drivers/Custom/Panic/Src/panic_button.o
                0x20000120                panic_button_pressed
 .bss.panic_buzzer_active
                0x20000121        0x1 ./Drivers/Custom/Panic/Src/panic_buzzer.o
                0x20000121                panic_buzzer_active
 .bss.panic_buzzer_counter
                0x20000122        0x1 ./Drivers/Custom/Panic/Src/panic_buzzer.o
                0x20000122                panic_buzzer_counter
 .bss.panic_timer_active
                0x20000123        0x1 ./Drivers/Custom/Panic/Src/panic_timer.o
                0x20000123                panic_timer_active
 .bss.panic_timer_elapsed
                0x20000124        0x1 ./Drivers/Custom/Panic/Src/panic_timer.o
                0x20000124                panic_timer_elapsed
 .bss.movement_sensor_detected
                0x20000125        0x1 ./Drivers/Custom/Sensors/Src/sensors_movement_sensor.o
                0x20000125                movement_sensor_detected
 *fill*         0x20000126        0x2 
 .bss.uwTick    0x20000128        0x4 ./Drivers/STM32F4xx_HAL_Driver/Src/stm32f4xx_hal.o
                0x20000128                uwTick
 *(COMMON)
                0x2000012c                        . = ALIGN (0x4)
                0x2000012c                        _ebss = .
                0x2000012c                        __bss_end__ = _ebss

._user_heap_stack
                0x2000012c      0x604 load address 0x080051fc
                0x20000130                        . = ALIGN (0x8)
 *fill*         0x2000012c        0x4 
                [!provide]                        PROVIDE (end = .)
                0x20000130                        PROVIDE (_end = .)
                0x20000330                        . = (. + _Min_Heap_Size)
 *fill*         0x20000130      0x200 
                0x20000730                        . = (. + _Min_Stack_Size)
 *fill*         0x20000330      0x400 
                0x20000730                        . = ALIGN (0x8)

/DISCARD/
 libc.a(*)
 libm.a(*)
 libgcc.a(*)

.ARM.attributes
                0x00000000       0x30
 *(.ARM.attributes)
 .ARM.attributes
                0x00000000       0x22 C:/ST/STM32CubeIDE_1.16.0/STM32CubeIDE/plugins/com.st.stm32cube.ide.mcu.externaltools.gnu-tools-for-stm32.12.3.rel1.win32_1.0.200.202406191623/tools/bin/../lib/gcc/arm-none-eabi/12.3.1/thumb/v7e-m+fp/hard/crti.o
 .ARM.attributes
                0x00000022       0x34 C:/ST/STM32CubeIDE_1.16.0/STM32CubeIDE/plugins/com.st.stm32cube.ide.mcu.externaltools.gnu-tools-for-stm32.12.3.rel1.win32_1.0.200.202406191623/tools/bin/../lib/gcc/arm-none-eabi/12.3.1/thumb/v7e-m+fp/hard/crtbegin.o
 .ARM.attributes
                0x00000056       0x34 ./Core/Src/main.o
 .ARM.attributes
                0x0000008a       0x34 ./Core/Src/stm32f4xx_hal_msp.o
 .ARM.attributes
                0x000000be       0x34 ./Core/Src/stm32f4xx_it.o
 .ARM.attributes
                0x000000f2       0x34 ./Core/Src/system_stm32f4xx.o
 .ARM.attributes
                0x00000126       0x21 ./Core/Startup/startup_stm32f411vetx.o
 .ARM.attributes
                0x00000147       0x34 ./Drivers/Custom/Lights/Src/light.o
 .ARM.attributes
                0x0000017b       0x34 ./Drivers/Custom/Lights/Src/light_i2c.o
 .ARM.attributes
                0x000001af       0x34 ./Drivers/Custom/Panic/Src/panic.o
 .ARM.attributes
                0x000001e3       0x34 ./Drivers/Custom/Panic/Src/panic_button.o
 .ARM.attributes
                0x00000217       0x34 ./Drivers/Custom/Panic/Src/panic_buzzer.o
 .ARM.attributes
                0x0000024b       0x34 ./Drivers/Custom/Panic/Src/panic_timer.o
 .ARM.attributes
                0x0000027f       0x34 ./Drivers/Custom/Sensors/Src/sensors_movement_sensor.o
 .ARM.attributes
                0x000002b3       0x34 ./Drivers/STM32F4xx_HAL_Driver/Src/stm32f4xx_hal.o
 .ARM.attributes
                0x000002e7       0x34 ./Drivers/STM32F4xx_HAL_Driver/Src/stm32f4xx_hal_adc.o
 .ARM.attributes
                0x0000031b       0x34 ./Drivers/STM32F4xx_HAL_Driver/Src/stm32f4xx_hal_cortex.o
 .ARM.attributes
                0x0000034f       0x34 ./Drivers/STM32F4xx_HAL_Driver/Src/stm32f4xx_hal_dma.o
 .ARM.attributes
                0x00000383       0x34 ./Drivers/STM32F4xx_HAL_Driver/Src/stm32f4xx_hal_gpio.o
 .ARM.attributes
                0x000003b7       0x34 ./Drivers/STM32F4xx_HAL_Driver/Src/stm32f4xx_hal_i2c.o
 .ARM.attributes
                0x000003eb       0x34 ./Drivers/STM32F4xx_HAL_Driver/Src/stm32f4xx_hal_rcc.o
 .ARM.attributes
                0x0000041f       0x34 ./Drivers/STM32F4xx_HAL_Driver/Src/stm32f4xx_hal_tim.o
 .ARM.attributes
                0x00000453       0x34 ./Drivers/STM32F4xx_HAL_Driver/Src/stm32f4xx_hal_tim_ex.o
 .ARM.attributes
                0x00000487       0x34 C:/ST/STM32CubeIDE_1.16.0/STM32CubeIDE/plugins/com.st.stm32cube.ide.mcu.externaltools.gnu-tools-for-stm32.12.3.rel1.win32_1.0.200.202406191623/tools/bin/../lib/gcc/arm-none-eabi/12.3.1/../../../../arm-none-eabi/lib/thumb/v7e-m+fp/hard\libc_nano.a(libc_a-memset.o)
 .ARM.attributes
                0x000004bb       0x34 C:/ST/STM32CubeIDE_1.16.0/STM32CubeIDE/plugins/com.st.stm32cube.ide.mcu.externaltools.gnu-tools-for-stm32.12.3.rel1.win32_1.0.200.202406191623/tools/bin/../lib/gcc/arm-none-eabi/12.3.1/../../../../arm-none-eabi/lib/thumb/v7e-m+fp/hard\libc_nano.a(libc_a-init.o)
 .ARM.attributes
                0x000004ef       0x34 C:/ST/STM32CubeIDE_1.16.0/STM32CubeIDE/plugins/com.st.stm32cube.ide.mcu.externaltools.gnu-tools-for-stm32.12.3.rel1.win32_1.0.200.202406191623/tools/bin/../lib/gcc/arm-none-eabi/12.3.1/../../../../arm-none-eabi/lib/thumb/v7e-m+fp/hard\libc_nano.a(libc_a-memcpy-stub.o)
 .ARM.attributes
                0x00000523       0x22 C:/ST/STM32CubeIDE_1.16.0/STM32CubeIDE/plugins/com.st.stm32cube.ide.mcu.externaltools.gnu-tools-for-stm32.12.3.rel1.win32_1.0.200.202406191623/tools/bin/../lib/gcc/arm-none-eabi/12.3.1/thumb/v7e-m+fp/hard\libgcc.a(_aeabi_uldivmod.o)
 .ARM.attributes
                0x00000545       0x34 C:/ST/STM32CubeIDE_1.16.0/STM32CubeIDE/plugins/com.st.stm32cube.ide.mcu.externaltools.gnu-tools-for-stm32.12.3.rel1.win32_1.0.200.202406191623/tools/bin/../lib/gcc/arm-none-eabi/12.3.1/thumb/v7e-m+fp/hard\libgcc.a(_udivmoddi4.o)
 .ARM.attributes
                0x00000579       0x22 C:/ST/STM32CubeIDE_1.16.0/STM32CubeIDE/plugins/com.st.stm32cube.ide.mcu.externaltools.gnu-tools-for-stm32.12.3.rel1.win32_1.0.200.202406191623/tools/bin/../lib/gcc/arm-none-eabi/12.3.1/thumb/v7e-m+fp/hard\libgcc.a(_dvmd_tls.o)
 .ARM.attributes
                0x0000059b       0x22 C:/ST/STM32CubeIDE_1.16.0/STM32CubeIDE/plugins/com.st.stm32cube.ide.mcu.externaltools.gnu-tools-for-stm32.12.3.rel1.win32_1.0.200.202406191623/tools/bin/../lib/gcc/arm-none-eabi/12.3.1/thumb/v7e-m+fp/hard/crtn.o
OUTPUT(Smart_Lighting_System.elf elf32-littlearm)
LOAD linker stubs
LOAD C:/ST/STM32CubeIDE_1.16.0/STM32CubeIDE/plugins/com.st.stm32cube.ide.mcu.externaltools.gnu-tools-for-stm32.12.3.rel1.win32_1.0.200.202406191623/tools/bin/../lib/gcc/arm-none-eabi/12.3.1/../../../../arm-none-eabi/lib/thumb/v7e-m+fp/hard\libc.a
LOAD C:/ST/STM32CubeIDE_1.16.0/STM32CubeIDE/plugins/com.st.stm32cube.ide.mcu.externaltools.gnu-tools-for-stm32.12.3.rel1.win32_1.0.200.202406191623/tools/bin/../lib/gcc/arm-none-eabi/12.3.1/../../../../arm-none-eabi/lib/thumb/v7e-m+fp/hard\libm.a
LOAD C:/ST/STM32CubeIDE_1.16.0/STM32CubeIDE/plugins/com.st.stm32cube.ide.mcu.externaltools.gnu-tools-for-stm32.12.3.rel1.win32_1.0.200.202406191623/tools/bin/../lib/gcc/arm-none-eabi/12.3.1/thumb/v7e-m+fp/hard\libgcc.a

.debug_info     0x00000000     0xee4e
 .debug_info    0x00000000     0x164c ./Core/Src/main.o
 .debug_info    0x0000164c     0x121e ./Core/Src/stm32f4xx_hal_msp.o
 .debug_info    0x0000286a      0xa36 ./Core/Src/stm32f4xx_it.o
 .debug_info    0x000032a0      0x53e ./Core/Src/system_stm32f4xx.o
 .debug_info    0x000037de       0x30 ./Core/Startup/startup_stm32f411vetx.o
 .debug_info    0x0000380e      0x23c ./Drivers/Custom/Lights/Src/light.o
 .debug_info    0x00003a4a      0x7dc ./Drivers/Custom/Lights/Src/light_i2c.o
 .debug_info    0x00004226      0x145 ./Drivers/Custom/Panic/Src/panic.o
 .debug_info    0x0000436b       0xd8 ./Drivers/Custom/Panic/Src/panic_button.o
 .debug_info    0x00004443      0x221 ./Drivers/Custom/Panic/Src/panic_buzzer.o
 .debug_info    0x00004664      0x73f ./Drivers/Custom/Panic/Src/panic_timer.o
 .debug_info    0x00004da3      0x2ee ./Drivers/Custom/Sensors/Src/sensors_movement_sensor.o
 .debug_info    0x00005091      0x8c4 ./Drivers/STM32F4xx_HAL_Driver/Src/stm32f4xx_hal.o
 .debug_info    0x00005955      0xcd1 ./Drivers/STM32F4xx_HAL_Driver/Src/stm32f4xx_hal_adc.o
 .debug_info    0x00006626      0xcc7 ./Drivers/STM32F4xx_HAL_Driver/Src/stm32f4xx_hal_cortex.o
 .debug_info    0x000072ed      0x8e6 ./Drivers/STM32F4xx_HAL_Driver/Src/stm32f4xx_hal_dma.o
 .debug_info    0x00007bd3      0x6f9 ./Drivers/STM32F4xx_HAL_Driver/Src/stm32f4xx_hal_gpio.o
 .debug_info    0x000082cc     0x2426 ./Drivers/STM32F4xx_HAL_Driver/Src/stm32f4xx_hal_i2c.o
 .debug_info    0x0000a6f2      0x8f2 ./Drivers/STM32F4xx_HAL_Driver/Src/stm32f4xx_hal_rcc.o
 .debug_info    0x0000afe4     0x2996 ./Drivers/STM32F4xx_HAL_Driver/Src/stm32f4xx_hal_tim.o
 .debug_info    0x0000d97a     0x14d4 ./Drivers/STM32F4xx_HAL_Driver/Src/stm32f4xx_hal_tim_ex.o

.debug_abbrev   0x00000000     0x2628
 .debug_abbrev  0x00000000      0x2f3 ./Core/Src/main.o
 .debug_abbrev  0x000002f3      0x1d6 ./Core/Src/stm32f4xx_hal_msp.o
 .debug_abbrev  0x000004c9      0x1d6 ./Core/Src/stm32f4xx_it.o
 .debug_abbrev  0x0000069f      0x11a ./Core/Src/system_stm32f4xx.o
 .debug_abbrev  0x000007b9       0x24 ./Core/Startup/startup_stm32f411vetx.o
 .debug_abbrev  0x000007dd      0x128 ./Drivers/Custom/Lights/Src/light.o
 .debug_abbrev  0x00000905      0x202 ./Drivers/Custom/Lights/Src/light_i2c.o
 .debug_abbrev  0x00000b07       0x81 ./Drivers/Custom/Panic/Src/panic.o
 .debug_abbrev  0x00000b88       0x80 ./Drivers/Custom/Panic/Src/panic_button.o
 .debug_abbrev  0x00000c08      0x139 ./Drivers/Custom/Panic/Src/panic_buzzer.o
 .debug_abbrev  0x00000d41      0x204 ./Drivers/Custom/Panic/Src/panic_timer.o
 .debug_abbrev  0x00000f45       0xdc ./Drivers/Custom/Sensors/Src/sensors_movement_sensor.o
 .debug_abbrev  0x00001021      0x24b ./Drivers/STM32F4xx_HAL_Driver/Src/stm32f4xx_hal.o
 .debug_abbrev  0x0000126c      0x20e ./Drivers/STM32F4xx_HAL_Driver/Src/stm32f4xx_hal_adc.o
 .debug_abbrev  0x0000147a      0x328 ./Drivers/STM32F4xx_HAL_Driver/Src/stm32f4xx_hal_cortex.o
 .debug_abbrev  0x000017a2      0x221 ./Drivers/STM32F4xx_HAL_Driver/Src/stm32f4xx_hal_dma.o
 .debug_abbrev  0x000019c3      0x1d3 ./Drivers/STM32F4xx_HAL_Driver/Src/stm32f4xx_hal_gpio.o
 .debug_abbrev  0x00001b96      0x2bc ./Drivers/STM32F4xx_HAL_Driver/Src/stm32f4xx_hal_i2c.o
 .debug_abbrev  0x00001e52      0x2b5 ./Drivers/STM32F4xx_HAL_Driver/Src/stm32f4xx_hal_rcc.o
 .debug_abbrev  0x00002107      0x28b ./Drivers/STM32F4xx_HAL_Driver/Src/stm32f4xx_hal_tim.o
 .debug_abbrev  0x00002392      0x296 ./Drivers/STM32F4xx_HAL_Driver/Src/stm32f4xx_hal_tim_ex.o

.debug_aranges  0x00000000      0xf60
 .debug_aranges
                0x00000000       0x58 ./Core/Src/main.o
 .debug_aranges
                0x00000058       0x50 ./Core/Src/stm32f4xx_hal_msp.o
 .debug_aranges
                0x000000a8       0x88 ./Core/Src/stm32f4xx_it.o
 .debug_aranges
                0x00000130       0x28 ./Core/Src/system_stm32f4xx.o
 .debug_aranges
                0x00000158       0x28 ./Core/Startup/startup_stm32f411vetx.o
 .debug_aranges
                0x00000180       0x48 ./Drivers/Custom/Lights/Src/light.o
 .debug_aranges
                0x000001c8       0x38 ./Drivers/Custom/Lights/Src/light_i2c.o
 .debug_aranges
                0x00000200       0x20 ./Drivers/Custom/Panic/Src/panic.o
 .debug_aranges
                0x00000220       0x30 ./Drivers/Custom/Panic/Src/panic_button.o
 .debug_aranges
                0x00000250       0x40 ./Drivers/Custom/Panic/Src/panic_buzzer.o
 .debug_aranges
                0x00000290       0x48 ./Drivers/Custom/Panic/Src/panic_timer.o
 .debug_aranges
                0x000002d8       0x40 ./Drivers/Custom/Sensors/Src/sensors_movement_sensor.o
 .debug_aranges
                0x00000318       0xf0 ./Drivers/STM32F4xx_HAL_Driver/Src/stm32f4xx_hal.o
 .debug_aranges
                0x00000408       0xe8 ./Drivers/STM32F4xx_HAL_Driver/Src/stm32f4xx_hal_adc.o
 .debug_aranges
                0x000004f0      0x120 ./Drivers/STM32F4xx_HAL_Driver/Src/stm32f4xx_hal_cortex.o
 .debug_aranges
                0x00000610       0x90 ./Drivers/STM32F4xx_HAL_Driver/Src/stm32f4xx_hal_dma.o
 .debug_aranges
                0x000006a0       0x58 ./Drivers/STM32F4xx_HAL_Driver/Src/stm32f4xx_hal_gpio.o
 .debug_aranges
                0x000006f8      0x2a8 ./Drivers/STM32F4xx_HAL_Driver/Src/stm32f4xx_hal_i2c.o
 .debug_aranges
                0x000009a0       0x88 ./Drivers/STM32F4xx_HAL_Driver/Src/stm32f4xx_hal_rcc.o
 .debug_aranges
                0x00000a28      0x3d0 ./Drivers/STM32F4xx_HAL_Driver/Src/stm32f4xx_hal_tim.o
 .debug_aranges
                0x00000df8      0x168 ./Drivers/STM32F4xx_HAL_Driver/Src/stm32f4xx_hal_tim_ex.o

.debug_rnglists
                0x00000000      0xbe7
 .debug_rnglists
                0x00000000       0x41 ./Core/Src/main.o
 .debug_rnglists
                0x00000041       0x39 ./Core/Src/stm32f4xx_hal_msp.o
 .debug_rnglists
                0x0000007a       0x61 ./Core/Src/stm32f4xx_it.o
 .debug_rnglists
                0x000000db       0x1a ./Core/Src/system_stm32f4xx.o
 .debug_rnglists
                0x000000f5       0x19 ./Core/Startup/startup_stm32f411vetx.o
 .debug_rnglists
                0x0000010e       0x31 ./Drivers/Custom/Lights/Src/light.o
 .debug_rnglists
                0x0000013f       0x26 ./Drivers/Custom/Lights/Src/light_i2c.o
 .debug_rnglists
                0x00000165       0x14 ./Drivers/Custom/Panic/Src/panic.o
 .debug_rnglists
                0x00000179       0x1f ./Drivers/Custom/Panic/Src/panic_button.o
 .debug_rnglists
                0x00000198       0x2b ./Drivers/Custom/Panic/Src/panic_buzzer.o
 .debug_rnglists
                0x000001c3       0x31 ./Drivers/Custom/Panic/Src/panic_timer.o
 .debug_rnglists
                0x000001f4       0x2b ./Drivers/Custom/Sensors/Src/sensors_movement_sensor.o
 .debug_rnglists
                0x0000021f       0xaf ./Drivers/STM32F4xx_HAL_Driver/Src/stm32f4xx_hal.o
 .debug_rnglists
                0x000002ce       0xb5 ./Drivers/STM32F4xx_HAL_Driver/Src/stm32f4xx_hal_adc.o
 .debug_rnglists
                0x00000383       0xd4 ./Drivers/STM32F4xx_HAL_Driver/Src/stm32f4xx_hal_cortex.o
 .debug_rnglists
                0x00000457       0x70 ./Drivers/STM32F4xx_HAL_Driver/Src/stm32f4xx_hal_dma.o
 .debug_rnglists
                0x000004c7       0x3f ./Drivers/STM32F4xx_HAL_Driver/Src/stm32f4xx_hal_gpio.o
 .debug_rnglists
                0x00000506      0x23c ./Drivers/STM32F4xx_HAL_Driver/Src/stm32f4xx_hal_i2c.o
 .debug_rnglists
                0x00000742       0x66 ./Drivers/STM32F4xx_HAL_Driver/Src/stm32f4xx_hal_rcc.o
 .debug_rnglists
                0x000007a8      0x31a ./Drivers/STM32F4xx_HAL_Driver/Src/stm32f4xx_hal_tim.o
 .debug_rnglists
                0x00000ac2      0x125 ./Drivers/STM32F4xx_HAL_Driver/Src/stm32f4xx_hal_tim_ex.o

.debug_macro    0x00000000    0x18158
 .debug_macro   0x00000000      0x25b ./Core/Src/main.o
 .debug_macro   0x0000025b      0xab4 ./Core/Src/main.o
 .debug_macro   0x00000d0f      0x2a1 ./Core/Src/main.o
 .debug_macro   0x00000fb0       0x2e ./Core/Src/main.o
 .debug_macro   0x00000fde       0x28 ./Core/Src/main.o
 .debug_macro   0x00001006       0x22 ./Core/Src/main.o
 .debug_macro   0x00001028       0x8e ./Core/Src/main.o
 .debug_macro   0x000010b6       0x51 ./Core/Src/main.o
 .debug_macro   0x00001107      0x103 ./Core/Src/main.o
 .debug_macro   0x0000120a       0x6a ./Core/Src/main.o
 .debug_macro   0x00001274      0x1df ./Core/Src/main.o
 .debug_macro   0x00001453       0x1c ./Core/Src/main.o
 .debug_macro   0x0000146f       0x22 ./Core/Src/main.o
 .debug_macro   0x00001491       0xfb ./Core/Src/main.o
 .debug_macro   0x0000158c     0x1011 ./Core/Src/main.o
 .debug_macro   0x0000259d      0x11f ./Core/Src/main.o
 .debug_macro   0x000026bc     0xb953 ./Core/Src/main.o
 .debug_macro   0x0000e00f       0x6d ./Core/Src/main.o
 .debug_macro   0x0000e07c     0x368c ./Core/Src/main.o
 .debug_macro   0x00011708      0x189 ./Core/Src/main.o
 .debug_macro   0x00011891       0x5c ./Core/Src/main.o
 .debug_macro   0x000118ed      0x45c ./Core/Src/main.o
 .debug_macro   0x00011d49      0x9e9 ./Core/Src/main.o
 .debug_macro   0x00012732      0x115 ./Core/Src/main.o
 .debug_macro   0x00012847      0x11b ./Core/Src/main.o
 .debug_macro   0x00012962       0xa5 ./Core/Src/main.o
 .debug_macro   0x00012a07      0x15f ./Core/Src/main.o
 .debug_macro   0x00012b66      0x287 ./Core/Src/main.o
 .debug_macro   0x00012ded       0x5f ./Core/Src/main.o
 .debug_macro   0x00012e4c      0x236 ./Core/Src/main.o
 .debug_macro   0x00013082      0x9e1 ./Core/Src/main.o
 .debug_macro   0x00013a63      0x38b ./Core/Src/main.o
 .debug_macro   0x00013dee      0x17d ./Core/Src/main.o
 .debug_macro   0x00013f6b       0xf9 ./Core/Src/main.o
 .debug_macro   0x00014064      0x132 ./Core/Src/main.o
 .debug_macro   0x00014196      0x264 ./Core/Src/main.o
 .debug_macro   0x000143fa       0x2e ./Core/Src/main.o
 .debug_macro   0x00014428      0x1b5 ./Core/Src/main.o
 .debug_macro   0x000145dd       0x22 ./Core/Src/main.o
 .debug_macro   0x000145ff       0xd6 ./Core/Src/main.o
 .debug_macro   0x000146d5      0x127 ./Core/Src/main.o
 .debug_macro   0x000147fc       0x85 ./Core/Src/main.o
 .debug_macro   0x00014881       0x89 ./Core/Src/main.o
 .debug_macro   0x0001490a      0x8ed ./Core/Src/main.o
 .debug_macro   0x000151f7       0x47 ./Core/Src/main.o
 .debug_macro   0x0001523e      0x126 ./Core/Src/main.o
 .debug_macro   0x00015364       0x70 ./Core/Src/main.o
 .debug_macro   0x000153d4       0x88 ./Core/Src/main.o
 .debug_macro   0x0001545c       0x1c ./Core/Src/main.o
 .debug_macro   0x00015478       0x16 ./Core/Src/main.o
 .debug_macro   0x0001548e       0x10 ./Core/Src/main.o
 .debug_macro   0x0001549e       0x1c ./Core/Src/main.o
 .debug_macro   0x000154ba      0x214 ./Core/Src/stm32f4xx_hal_msp.o
 .debug_macro   0x000156ce      0x21e ./Core/Src/stm32f4xx_it.o
 .debug_macro   0x000158ec      0x205 ./Core/Src/system_stm32f4xx.o
 .debug_macro   0x00015af1      0x2ef ./Drivers/Custom/Lights/Src/light.o
 .debug_macro   0x00015de0      0x1bf ./Drivers/Custom/Lights/Src/light.o
 .debug_macro   0x00015f9f       0x76 ./Drivers/Custom/Lights/Src/light.o
 .debug_macro   0x00016015       0x61 ./Drivers/Custom/Lights/Src/light.o
 .debug_macro   0x00016076       0x10 ./Drivers/Custom/Lights/Src/light.o
 .debug_macro   0x00016086       0x20 ./Drivers/Custom/Lights/Src/light.o
 .debug_macro   0x000160a6      0x2dc ./Drivers/Custom/Lights/Src/light_i2c.o
 .debug_macro   0x00016382       0x56 ./Drivers/Custom/Lights/Src/light_i2c.o
 .debug_macro   0x000163d8      0x232 ./Drivers/Custom/Panic/Src/panic.o
 .debug_macro   0x0001660a      0x20e ./Drivers/Custom/Panic/Src/panic_button.o
 .debug_macro   0x00016818      0x20e ./Drivers/Custom/Panic/Src/panic_buzzer.o
 .debug_macro   0x00016a26      0x217 ./Drivers/Custom/Panic/Src/panic_timer.o
 .debug_macro   0x00016c3d      0x20e ./Drivers/Custom/Sensors/Src/sensors_movement_sensor.o
 .debug_macro   0x00016e4b      0x265 ./Drivers/STM32F4xx_HAL_Driver/Src/stm32f4xx_hal.o
 .debug_macro   0x000170b0      0x206 ./Drivers/STM32F4xx_HAL_Driver/Src/stm32f4xx_hal_adc.o
 .debug_macro   0x000172b6      0x205 ./Drivers/STM32F4xx_HAL_Driver/Src/stm32f4xx_hal_cortex.o
 .debug_macro   0x000174bb      0x20b ./Drivers/STM32F4xx_HAL_Driver/Src/stm32f4xx_hal_dma.o
 .debug_macro   0x000176c6      0x20b ./Drivers/STM32F4xx_HAL_Driver/Src/stm32f4xx_hal_gpio.o
 .debug_macro   0x000178d1      0x253 ./Drivers/STM32F4xx_HAL_Driver/Src/stm32f4xx_hal_i2c.o
 .debug_macro   0x00017b24      0x229 ./Drivers/STM32F4xx_HAL_Driver/Src/stm32f4xx_hal_rcc.o
 .debug_macro   0x00017d4d      0x206 ./Drivers/STM32F4xx_HAL_Driver/Src/stm32f4xx_hal_tim.o
 .debug_macro   0x00017f53      0x205 ./Drivers/STM32F4xx_HAL_Driver/Src/stm32f4xx_hal_tim_ex.o

.debug_line     0x00000000    0x1425f
 .debug_line    0x00000000      0xa74 ./Core/Src/main.o
 .debug_line    0x00000a74      0x886 ./Core/Src/stm32f4xx_hal_msp.o
 .debug_line    0x000012fa      0x8e9 ./Core/Src/stm32f4xx_it.o
 .debug_line    0x00001be3      0x833 ./Core/Src/system_stm32f4xx.o
 .debug_line    0x00002416       0x7a ./Core/Startup/startup_stm32f411vetx.o
 .debug_line    0x00002490      0x9ff ./Drivers/Custom/Lights/Src/light.o
 .debug_line    0x00002e8f      0x9cb ./Drivers/Custom/Lights/Src/light_i2c.o
 .debug_line    0x0000385a      0x859 ./Drivers/Custom/Panic/Src/panic.o
 .debug_line    0x000040b3      0x80e ./Drivers/Custom/Panic/Src/panic_button.o
 .debug_line    0x000048c1      0x843 ./Drivers/Custom/Panic/Src/panic_buzzer.o
 .debug_line    0x00005104      0x870 ./Drivers/Custom/Panic/Src/panic_timer.o
 .debug_line    0x00005974      0x857 ./Drivers/Custom/Sensors/Src/sensors_movement_sensor.o
 .debug_line    0x000061cb      0xa9c ./Drivers/STM32F4xx_HAL_Driver/Src/stm32f4xx_hal.o
 .debug_line    0x00006c67     0x1264 ./Drivers/STM32F4xx_HAL_Driver/Src/stm32f4xx_hal_adc.o
 .debug_line    0x00007ecb      0xd64 ./Drivers/STM32F4xx_HAL_Driver/Src/stm32f4xx_hal_cortex.o
 .debug_line    0x00008c2f     0x100c ./Drivers/STM32F4xx_HAL_Driver/Src/stm32f4xx_hal_dma.o
 .debug_line    0x00009c3b      0xbec ./Drivers/STM32F4xx_HAL_Driver/Src/stm32f4xx_hal_gpio.o
 .debug_line    0x0000a827     0x3be2 ./Drivers/STM32F4xx_HAL_Driver/Src/stm32f4xx_hal_i2c.o
 .debug_line    0x0000e409      0xe0f ./Drivers/STM32F4xx_HAL_Driver/Src/stm32f4xx_hal_rcc.o
 .debug_line    0x0000f218     0x361a ./Drivers/STM32F4xx_HAL_Driver/Src/stm32f4xx_hal_tim.o
 .debug_line    0x00012832     0x1a2d ./Drivers/STM32F4xx_HAL_Driver/Src/stm32f4xx_hal_tim_ex.o

.debug_str      0x00000000    0x9a78e
 .debug_str     0x00000000    0x938fd ./Core/Src/main.o
                              0x93cc6 (size before relaxing)
 .debug_str     0x000938fd       0xf1 ./Core/Src/stm32f4xx_hal_msp.o
                              0x9342e (size before relaxing)
 .debug_str     0x000939ee      0x17b ./Core/Src/stm32f4xx_it.o
                              0x92deb (size before relaxing)
 .debug_str     0x00093b69       0xdb ./Core/Src/system_stm32f4xx.o
                              0x924ab (size before relaxing)
 .debug_str     0x00093c44       0x44 ./Core/Startup/startup_stm32f411vetx.o
                                 0x8d (size before relaxing)
 .debug_str     0x00093c88     0x387c ./Drivers/Custom/Lights/Src/light.o
                              0x95dcb (size before relaxing)
 .debug_str     0x00097504       0x99 ./Drivers/Custom/Lights/Src/light_i2c.o
                              0x960a5 (size before relaxing)
 .debug_str     0x0009759d      0x111 ./Drivers/Custom/Panic/Src/panic.o
                              0x92506 (size before relaxing)
 .debug_str     0x000976ae       0x40 ./Drivers/Custom/Panic/Src/panic_button.o
                              0x92384 (size before relaxing)
 .debug_str     0x000976ee       0x6f ./Drivers/Custom/Panic/Src/panic_buzzer.o
                              0x92493 (size before relaxing)
 .debug_str     0x0009775d       0x9f ./Drivers/Custom/Panic/Src/panic_timer.o
                              0x92a0b (size before relaxing)
 .debug_str     0x000977fc       0xc5 ./Drivers/Custom/Sensors/Src/sensors_movement_sensor.o
                              0x9281c (size before relaxing)
 .debug_str     0x000978c1      0x5f0 ./Drivers/STM32F4xx_HAL_Driver/Src/stm32f4xx_hal.o
                              0x92ed7 (size before relaxing)
 .debug_str     0x00097eb1      0x2c3 ./Drivers/STM32F4xx_HAL_Driver/Src/stm32f4xx_hal_adc.o
                              0x92a86 (size before relaxing)
 .debug_str     0x00098174      0x333 ./Drivers/STM32F4xx_HAL_Driver/Src/stm32f4xx_hal_cortex.o
                              0x92c0f (size before relaxing)
 .debug_str     0x000984a7      0x304 ./Drivers/STM32F4xx_HAL_Driver/Src/stm32f4xx_hal_dma.o
                              0x928b3 (size before relaxing)
 .debug_str     0x000987ab       0xe8 ./Drivers/STM32F4xx_HAL_Driver/Src/stm32f4xx_hal_gpio.o
                              0x92626 (size before relaxing)
 .debug_str     0x00098893      0xac5 ./Drivers/STM32F4xx_HAL_Driver/Src/stm32f4xx_hal_i2c.o
                              0x934bc (size before relaxing)
 .debug_str     0x00099358      0x213 ./Drivers/STM32F4xx_HAL_Driver/Src/stm32f4xx_hal_rcc.o
                              0x928df (size before relaxing)
 .debug_str     0x0009956b      0xd90 ./Drivers/STM32F4xx_HAL_Driver/Src/stm32f4xx_hal_tim.o
                              0x93823 (size before relaxing)
 .debug_str     0x0009a2fb      0x493 ./Drivers/STM32F4xx_HAL_Driver/Src/stm32f4xx_hal_tim_ex.o
                              0x9302f (size before relaxing)

.comment        0x00000000       0x43
 .comment       0x00000000       0x43 ./Core/Src/main.o
                                 0x44 (size before relaxing)
 .comment       0x00000043       0x44 ./Core/Src/stm32f4xx_hal_msp.o
 .comment       0x00000043       0x44 ./Core/Src/stm32f4xx_it.o
 .comment       0x00000043       0x44 ./Core/Src/system_stm32f4xx.o
 .comment       0x00000043       0x44 ./Drivers/Custom/Lights/Src/light.o
 .comment       0x00000043       0x44 ./Drivers/Custom/Lights/Src/light_i2c.o
 .comment       0x00000043       0x44 ./Drivers/Custom/Panic/Src/panic.o
 .comment       0x00000043       0x44 ./Drivers/Custom/Panic/Src/panic_button.o
 .comment       0x00000043       0x44 ./Drivers/Custom/Panic/Src/panic_buzzer.o
 .comment       0x00000043       0x44 ./Drivers/Custom/Panic/Src/panic_timer.o
 .comment       0x00000043       0x44 ./Drivers/Custom/Sensors/Src/sensors_movement_sensor.o
 .comment       0x00000043       0x44 ./Drivers/STM32F4xx_HAL_Driver/Src/stm32f4xx_hal.o
 .comment       0x00000043       0x44 ./Drivers/STM32F4xx_HAL_Driver/Src/stm32f4xx_hal_adc.o
 .comment       0x00000043       0x44 ./Drivers/STM32F4xx_HAL_Driver/Src/stm32f4xx_hal_cortex.o
 .comment       0x00000043       0x44 ./Drivers/STM32F4xx_HAL_Driver/Src/stm32f4xx_hal_dma.o
 .comment       0x00000043       0x44 ./Drivers/STM32F4xx_HAL_Driver/Src/stm32f4xx_hal_gpio.o
 .comment       0x00000043       0x44 ./Drivers/STM32F4xx_HAL_Driver/Src/stm32f4xx_hal_i2c.o
 .comment       0x00000043       0x44 ./Drivers/STM32F4xx_HAL_Driver/Src/stm32f4xx_hal_rcc.o
 .comment       0x00000043       0x44 ./Drivers/STM32F4xx_HAL_Driver/Src/stm32f4xx_hal_tim.o
 .comment       0x00000043       0x44 ./Drivers/STM32F4xx_HAL_Driver/Src/stm32f4xx_hal_tim_ex.o

.debug_frame    0x00000000     0x3f34
 .debug_frame   0x00000000      0x114 ./Core/Src/main.o
 .debug_frame   0x00000114      0x10c ./Core/Src/stm32f4xx_hal_msp.o
 .debug_frame   0x00000220      0x190 ./Core/Src/stm32f4xx_it.o
 .debug_frame   0x000003b0       0x58 ./Core/Src/system_stm32f4xx.o
 .debug_frame   0x00000408       0xc0 ./Drivers/Custom/Lights/Src/light.o
 .debug_frame   0x000004c8       0xb0 ./Drivers/Custom/Lights/Src/light_i2c.o
 .debug_frame   0x00000578       0x2c ./Drivers/Custom/Panic/Src/panic.o
 .debug_frame   0x000005a4       0x70 ./Drivers/Custom/Panic/Src/panic_button.o
 .debug_frame   0x00000614       0xa8 ./Drivers/Custom/Panic/Src/panic_buzzer.o
 .debug_frame   0x000006bc       0xd0 ./Drivers/Custom/Panic/Src/panic_timer.o
 .debug_frame   0x0000078c       0xa8 ./Drivers/Custom/Sensors/Src/sensors_movement_sensor.o
 .debug_frame   0x00000834      0x374 ./Drivers/STM32F4xx_HAL_Driver/Src/stm32f4xx_hal.o
 .debug_frame   0x00000ba8      0x3fc ./Drivers/STM32F4xx_HAL_Driver/Src/stm32f4xx_hal_adc.o
 .debug_frame   0x00000fa4      0x4b8 ./Drivers/STM32F4xx_HAL_Driver/Src/stm32f4xx_hal_cortex.o
 .debug_frame   0x0000145c      0x250 ./Drivers/STM32F4xx_HAL_Driver/Src/stm32f4xx_hal_dma.o
 .debug_frame   0x000016ac      0x14c ./Drivers/STM32F4xx_HAL_Driver/Src/stm32f4xx_hal_gpio.o
 .debug_frame   0x000017f8      0xc84 ./Drivers/STM32F4xx_HAL_Driver/Src/stm32f4xx_hal_i2c.o
 .debug_frame   0x0000247c      0x1f4 ./Drivers/STM32F4xx_HAL_Driver/Src/stm32f4xx_hal_rcc.o
 .debug_frame   0x00002670     0x11b8 ./Drivers/STM32F4xx_HAL_Driver/Src/stm32f4xx_hal_tim.o
 .debug_frame   0x00003828      0x638 ./Drivers/STM32F4xx_HAL_Driver/Src/stm32f4xx_hal_tim_ex.o
 .debug_frame   0x00003e60       0x20 C:/ST/STM32CubeIDE_1.16.0/STM32CubeIDE/plugins/com.st.stm32cube.ide.mcu.externaltools.gnu-tools-for-stm32.12.3.rel1.win32_1.0.200.202406191623/tools/bin/../lib/gcc/arm-none-eabi/12.3.1/../../../../arm-none-eabi/lib/thumb/v7e-m+fp/hard\libc_nano.a(libc_a-memset.o)
 .debug_frame   0x00003e80       0x2c C:/ST/STM32CubeIDE_1.16.0/STM32CubeIDE/plugins/com.st.stm32cube.ide.mcu.externaltools.gnu-tools-for-stm32.12.3.rel1.win32_1.0.200.202406191623/tools/bin/../lib/gcc/arm-none-eabi/12.3.1/../../../../arm-none-eabi/lib/thumb/v7e-m+fp/hard\libc_nano.a(libc_a-init.o)
 .debug_frame   0x00003eac       0x28 C:/ST/STM32CubeIDE_1.16.0/STM32CubeIDE/plugins/com.st.stm32cube.ide.mcu.externaltools.gnu-tools-for-stm32.12.3.rel1.win32_1.0.200.202406191623/tools/bin/../lib/gcc/arm-none-eabi/12.3.1/../../../../arm-none-eabi/lib/thumb/v7e-m+fp/hard\libc_nano.a(libc_a-memcpy-stub.o)
 .debug_frame   0x00003ed4       0x2c C:/ST/STM32CubeIDE_1.16.0/STM32CubeIDE/plugins/com.st.stm32cube.ide.mcu.externaltools.gnu-tools-for-stm32.12.3.rel1.win32_1.0.200.202406191623/tools/bin/../lib/gcc/arm-none-eabi/12.3.1/thumb/v7e-m+fp/hard\libgcc.a(_aeabi_uldivmod.o)
 .debug_frame   0x00003f00       0x34 C:/ST/STM32CubeIDE_1.16.0/STM32CubeIDE/plugins/com.st.stm32cube.ide.mcu.externaltools.gnu-tools-for-stm32.12.3.rel1.win32_1.0.200.202406191623/tools/bin/../lib/gcc/arm-none-eabi/12.3.1/thumb/v7e-m+fp/hard\libgcc.a(_udivmoddi4.o)

.debug_line_str
                0x00000000       0x71
 .debug_line_str
                0x00000000       0x71 ./Core/Startup/startup_stm32f411vetx.o
