../Core/Src/stm32f4xx_it.c:76:6:NMI_Handler	0	static
../Core/Src/stm32f4xx_it.c:91:6:HardFault_Handler	0	static
../Core/Src/stm32f4xx_it.c:106:6:MemManage_Handler	0	static
../Core/Src/stm32f4xx_it.c:121:6:BusFault_Handler	0	static
../Core/Src/stm32f4xx_it.c:136:6:UsageFault_Handler	0	static
../Core/Src/stm32f4xx_it.c:151:6:SVC_Handler	0	static
../Core/Src/stm32f4xx_it.c:164:6:DebugMon_Handler	0	static
../Core/Src/stm32f4xx_it.c:177:6:PendSV_Handler	0	static
../Core/Src/stm32f4xx_it.c:190:6:SysTick_Handler	0	static
../Core/Src/stm32f4xx_it.c:211:6:EXTI0_IRQHandler	0	static
../Core/Src/stm32f4xx_it.c:225:6:DMA1_Stream6_IRQHandler	0	static
../Core/Src/stm32f4xx_it.c:239:6:EXTI9_5_IRQHandler	0	static
../Core/Src/stm32f4xx_it.c:253:6:TIM1_BRK_TIM9_IRQHandler	8	static
../Core/Src/stm32f4xx_it.c:268:6:TIM1_TRG_COM_TIM11_IRQHandler	8	static
../Core/Src/stm32f4xx_it.c:283:6:TIM3_IRQHandler	0	static
../Core/Src/stm32f4xx_it.c:297:6:TIM4_IRQHandler	0	static
../Core/Src/stm32f4xx_it.c:311:6:I2C1_EV_IRQHandler	0	static
../Core/Src/stm32f4xx_it.c:325:6:I2C1_ER_IRQHandler	0	static
../Core/Src/stm32f4xx_it.c:339:6:USART2_IRQHandler	0	static
