../Core/Src/main.c:77:6:HAL_GPIO_EXTI_Callback	16	static
../Core/Src/main.c:90:6:HAL_TIM_PeriodElapsedCallback	16	static
../Core/Src/main.c:110:5:main	8	static
../Core/Src/main.c:163:6:SystemClock_Config	88	static
../Core/Src/main.c:209:13:MX_ADC1_Init	24	static
../Core/Src/main.c:261:13:MX_I2C1_Init	8	static
../Core/Src/main.c:295:13:MX_TIM3_Init	32	static
../Core/Src/main.c:340:13:MX_TIM4_Init	32	static
../Core/Src/main.c:385:13:MX_TIM9_Init	24	static
../Core/Src/main.c:423:13:MX_GPIO_Init	56	static
../Core/Src/main.c:488:6:Error_Handler	4	static,ignoring_inline_asm
