../Drivers/Custom/Lights/Src/light.c:31:6:light_power_on	8	static
../Drivers/Custom/Lights/Src/light.c:37:6:light_shutdown	8	static
../Drivers/Custom/Lights/Src/light.c:43:6:light_default_state	16	static
../Drivers/Custom/Lights/Src/light.c:63:6:light_init	8	static
../Drivers/Custom/Lights/Src/light.c:85:6:light_turn_on_frame	16	static
../Drivers/Custom/Lights/Src/light.c:91:6:light_turn_off_frame	16	static
../Drivers/Custom/Lights/Src/light.c:97:6:light_set_intensity	160	static
../Drivers/Custom/Lights/Src/light.c:105:6:light_transition_to_max	8	static
../Drivers/Custom/Lights/Src/light.c:122:9:light_is_on	4	static
../Drivers/Custom/Lights/Src/light.c:126:6:light_activate	8	static
../Drivers/Custom/Lights/Src/light.c:132:6:light_deactivate	4	static
../Drivers/Custom/Lights/Src/light.c:136:6:light_level_check	4	static
../Drivers/Custom/Lights/Src/light.c:140:6:light_main	16	static
