../Drivers/Custom/Lights/Src/light.c:32:6:light_power_on	8	static
../Drivers/Custom/Lights/Src/light.c:38:6:light_shutdown	8	static
../Drivers/Custom/Lights/Src/light.c:44:6:light_default_state	16	static
../Drivers/Custom/Lights/Src/light.c:64:6:light_init	8	static
../Drivers/Custom/Lights/Src/light.c:86:6:light_turn_on_frame	16	static
../Drivers/Custom/Lights/Src/light.c:92:6:light_turn_off_frame	16	static
../Drivers/Custom/Lights/Src/light.c:98:6:light_set_intensity	160	static
../Drivers/Custom/Lights/Src/light.c:106:6:light_transition_to_max	8	static
../Drivers/Custom/Lights/Src/light.c:123:9:light_is_on	4	static
../Drivers/Custom/Lights/Src/light.c:127:6:light_activate	8	static
../Drivers/Custom/Lights/Src/light.c:135:6:light_deactivate	8	static
../Drivers/Custom/Lights/Src/light.c:140:6:light_level_check	4	static
../Drivers/Custom/Lights/Src/light.c:144:6:light_main	16	static
